ASxxxx Linker V03.00 + NoICE + sdld,  page 1.
Hexadecimal  [32-Bits]

Area                                    Addr        Size        Decimal Bytes (Attributes)
--------------------------------        ----        ----        ------- ----- ------------
CABS                                00000000    00000000 =           0. bytes (ABS,CON,CODE)

      Value  Global                              Global Defined In Module
      -----  --------------------------------   ------------------------
C:   00000000  l_BIT_BANK                      
C:   00000000  l_CABS                          
C:   00000000  l_GSINIT1                       
C:   00000000  l_GSINIT5                       
C:   00000000  l_IABS                          
C:   00000000  l_PSEG                          
C:   00000000  l_REG_BANK_1                    
C:   00000000  l_REG_BANK_2                    
C:   00000000  l_REG_BANK_3                    
C:   00000000  l_RSEG                          
C:   00000000  l_RSEG0                         
C:   00000000  l_RSEG1                         
C:   00000000  l_XABS                          
C:   00000000  l_XINIT                         
C:   00000000  l_XISEG                         
C:   00000000  l_XSEG                          
C:   00000000  l__CODE                         
C:   00000000  s_BSEG                          
C:   00000000  s_CABS                          
C:   00000000  s_DSEG                          
C:   00000000  s_HOME                          
C:   00000000  s_IABS                          
C:   00000000  s_REG_BANK_0                    
C:   00000000  s_RSEG                          
C:   00000000  s_RSEG0                         
C:   00000000  s_RSEG1                         
C:   00000000  s_XABS                          
C:   00000001  l_BSEG_BYTES                    
C:   00000001  s_PSEG                          
C:   00000001  s_XISEG                         
C:   00000001  s_XSEG                          
C:   00000003  l_GSFINAL                       
C:   00000003  l_GSINIT0                       
C:   00000004  l_GSINIT                        
C:   00000004  l_OSEG                          
C:   00000005  l_BSEG                          
C:   00000006  l_HOME                          
C:   00000006  l_ISEG                          
C:   00000006  s_GSINIT0                       
C:   00000008  l_REG_BANK_0                    
C:   00000008  s_REG_BANK_1                    
C:   00000009  s_GSINIT1                       
C:   00000009  s_GSINIT2                       
C:   0000000A  l_GSINIT2                       
C:   00000010  s_REG_BANK_2                    
C:   00000013  s_GSINIT3                       
C:   00000018  s_BIT_BANK                      
C:   00000018  s_REG_BANK_3                    
C:   00000020  l_CONST                         
C:   00000020  s_BSEG_BYTES                    
ASxxxx Linker V03.00 + NoICE + sdld,  page 2.
Hexadecimal  [32-Bits]

Area                                    Addr        Size        Decimal Bytes (Attributes)
--------------------------------        ----        ----        ------- ----- ------------
CABS                                00000000    00000000 =           0. bytes (ABS,CON,CODE)

      Value  Global                              Global Defined In Module
      -----  --------------------------------   ------------------------
C:   00000020  s__CODE                         
C:   00000022  l_GSINIT3                       
C:   0000002A  l_GSINIT4                       
C:   00000035  s_GSINIT4                       
C:   0000005D  s_OSEG                          
C:   0000005F  s_GSINIT                        
C:   0000005F  s_GSINIT5                       
C:   00000061  s_ISEG                          
C:   00000063  s_GSFINAL                       
C:   00000066  s_CSEG                          
C:   00000067  s_SSEG                          
C:   00000080  l_DSEG                          
C:   00000099  l_SSEG                          
C:   00000100  l_IRAM                          
C:   0000151F  l_CSEG                          
C:   00001585  s_CONST                         
C:   000015A5  s_XINIT                         

ASxxxx Linker V03.00 + NoICE + sdld,  page 3.
Hexadecimal  [32-Bits]

Area                                    Addr        Size        Decimal Bytes (Attributes)
--------------------------------        ----        ----        ------- ----- ------------
.  .ABS.                            00000000    00000000 =           0. bytes (ABS,CON)

      Value  Global                              Global Defined In Module
      -----  --------------------------------   ------------------------
     00000000  .__.ABS.                           _bp
     00000080  G$MOSI$0_0$0                       ADC_simple
     00000080  G$P0$0_0$0                         ADC_simple
     00000080  G$P00$0_0$0                        ADC_simple
     00000080  _MOSI                              ADC_simple
     00000080  _P0                                ADC_simple
     00000080  _P00                               ADC_simple
     00000081  G$MISO$0_0$0                       ADC_simple
     00000081  G$P01$0_0$0                        ADC_simple
     00000081  G$SP$0_0$0                         ADC_simple
     00000081  _MISO                              ADC_simple
     00000081  _P01                               ADC_simple
     00000081  _SP                                ADC_simple
     00000082  G$DPL$0_0$0                        ADC_simple
     00000082  G$P02$0_0$0                        ADC_simple
     00000082  G$RXD_1$0_0$0                      ADC_simple
     00000082  _DPL                               ADC_simple
     00000082  _P02                               ADC_simple
     00000082  _RXD_1                             ADC_simple
     00000083  G$DPH$0_0$0                        ADC_simple
     00000083  G$P03$0_0$0                        ADC_simple
     00000083  _DPH                               ADC_simple
     00000083  _P03                               ADC_simple
     00000084  G$ADCBAL$0_0$0                     ADC_simple
     00000084  G$P04$0_0$0                        ADC_simple
     00000084  G$RCTRIM0$0_0$0                    ADC_simple
     00000084  G$STADC$0_0$0                      ADC_simple
     00000084  _ADCBAL                            ADC_simple
     00000084  _P04                               ADC_simple
     00000084  _RCTRIM0                           ADC_simple
     00000084  _STADC                             ADC_simple
     00000085  G$ADCBAH$0_0$0                     ADC_simple
     00000085  G$P05$0_0$0                        ADC_simple
     00000085  G$RCTRIM1$0_0$0                    ADC_simple
     00000085  _ADCBAH                            ADC_simple
     00000085  _P05                               ADC_simple
     00000085  _RCTRIM1                           ADC_simple
     00000086  G$ADCCON3$0_0$0                    ADC_simple
     00000086  G$P06$0_0$0                        ADC_simple
     00000086  G$RWKL$0_0$0                       ADC_simple
     00000086  G$TXD$0_0$0                        ADC_simple
     00000086  _ADCCON3                           ADC_simple
     00000086  _P06                               ADC_simple
     00000086  _RWKL                              ADC_simple
     00000086  _TXD                               ADC_simple
     00000087  G$P07$0_0$0                        ADC_simple
     00000087  G$PCON$0_0$0                       ADC_simple
     00000087  G$RXD$0_0$0                        ADC_simple
     00000087  _P07                               ADC_simple
     00000087  _PCON                              ADC_simple
ASxxxx Linker V03.00 + NoICE + sdld,  page 4.
Hexadecimal  [32-Bits]

Area                                    Addr        Size        Decimal Bytes (Attributes)
--------------------------------        ----        ----        ------- ----- ------------
.  .ABS.                            00000000    00000000 =           0. bytes (ABS,CON)

      Value  Global                              Global Defined In Module
      -----  --------------------------------   ------------------------
     00000087  _RXD                               ADC_simple
     00000088  G$IT0$0_0$0                        ADC_simple
     00000088  G$TCON$0_0$0                       ADC_simple
     00000088  _IT0                               ADC_simple
     00000088  _TCON                              ADC_simple
     00000089  G$IE0$0_0$0                        ADC_simple
     00000089  G$P2M1$0_0$0                       ADC_simple
     00000089  G$TMOD$0_0$0                       ADC_simple
     00000089  _IE0                               ADC_simple
     00000089  _P2M1                              ADC_simple
     00000089  _TMOD                              ADC_simple
     0000008A  G$IT1$0_0$0                        ADC_simple
     0000008A  G$P2M2$0_0$0                       ADC_simple
     0000008A  G$TL0$0_0$0                        ADC_simple
     0000008A  _IT1                               ADC_simple
     0000008A  _P2M2                              ADC_simple
     0000008A  _TL0                               ADC_simple
     0000008B  G$IE1$0_0$0                        ADC_simple
     0000008B  G$P2SR$0_0$0                       ADC_simple
     0000008B  G$TL1$0_0$0                        ADC_simple
     0000008B  _IE1                               ADC_simple
     0000008B  _P2SR                              ADC_simple
     0000008B  _TL1                               ADC_simple
     0000008C  G$P2S$0_0$0                        ADC_simple
     0000008C  G$TH0$0_0$0                        ADC_simple
     0000008C  G$TR0$0_0$0                        ADC_simple
     0000008C  _P2S                               ADC_simple
     0000008C  _TH0                               ADC_simple
     0000008C  _TR0                               ADC_simple
     0000008D  G$ADCSN$0_0$0                      ADC_simple
     0000008D  G$TF0$0_0$0                        ADC_simple
     0000008D  G$TH1$0_0$0                        ADC_simple
     0000008D  _ADCSN                             ADC_simple
     0000008D  _TF0                               ADC_simple
     0000008D  _TH1                               ADC_simple
     0000008E  G$ADCCN$0_0$0                      ADC_simple
     0000008E  G$CKCON$0_0$0                      ADC_simple
     0000008E  G$TR1$0_0$0                        ADC_simple
     0000008E  _ADCCN                             ADC_simple
     0000008E  _CKCON                             ADC_simple
     0000008E  _TR1                               ADC_simple
     0000008F  G$ADCSR$0_0$0                      ADC_simple
     0000008F  G$TF1$0_0$0                        ADC_simple
     0000008F  G$WKCON$0_0$0                      ADC_simple
     0000008F  _ADCSR                             ADC_simple
     0000008F  _TF1                               ADC_simple
     0000008F  _WKCON                             ADC_simple
     00000090  G$P1$0_0$0                         ADC_simple
     00000090  G$P10$0_0$0                        ADC_simple
     00000090  _P1                                ADC_simple
     00000090  _P10                               ADC_simple
ASxxxx Linker V03.00 + NoICE + sdld,  page 5.
Hexadecimal  [32-Bits]

Area                                    Addr        Size        Decimal Bytes (Attributes)
--------------------------------        ----        ----        ------- ----- ------------
.  .ABS.                            00000000    00000000 =           0. bytes (ABS,CON)

      Value  Global                              Global Defined In Module
      -----  --------------------------------   ------------------------
     00000091  G$P11$0_0$0                        ADC_simple
     00000091  G$SFRS$0_0$0                       ADC_simple
     00000091  _P11                               ADC_simple
     00000091  _SFRS                              ADC_simple
     00000092  G$CAPCON0$0_0$0                    ADC_simple
     00000092  G$P0UP$0_0$0                       ADC_simple
     00000092  G$P12$0_0$0                        ADC_simple
     00000092  _CAPCON0                           ADC_simple
     00000092  _P0UP                              ADC_simple
     00000092  _P12                               ADC_simple
     00000093  G$CAPCON1$0_0$0                    ADC_simple
     00000093  G$P13$0_0$0                        ADC_simple
     00000093  G$P1UP$0_0$0                       ADC_simple
     00000093  G$SCL$0_0$0                        ADC_simple
     00000093  _CAPCON1                           ADC_simple
     00000093  _P13                               ADC_simple
     00000093  _P1UP                              ADC_simple
     00000093  _SCL                               ADC_simple
     00000094  G$CAPCON2$0_0$0                    ADC_simple
     00000094  G$P14$0_0$0                        ADC_simple
     00000094  G$P2UP$0_0$0                       ADC_simple
     00000094  G$SDA$0_0$0                        ADC_simple
     00000094  _CAPCON2                           ADC_simple
     00000094  _P14                               ADC_simple
     00000094  _P2UP                              ADC_simple
     00000094  _SDA                               ADC_simple
     00000095  G$CKDIV$0_0$0                      ADC_simple
     00000095  G$P15$0_0$0                        ADC_simple
     00000095  G$P3UP$0_0$0                       ADC_simple
     00000095  _CKDIV                             ADC_simple
     00000095  _P15                               ADC_simple
     00000095  _P3UP                              ADC_simple
     00000096  G$CKSWT$0_0$0                      ADC_simple
     00000096  G$P16$0_0$0                        ADC_simple
     00000096  G$TXD_1$0_0$0                      ADC_simple
     00000096  _CKSWT                             ADC_simple
     00000096  _P16                               ADC_simple
     00000096  _TXD_1                             ADC_simple
     00000097  G$CKEN$0_0$0                       ADC_simple
     00000097  G$P17$0_0$0                        ADC_simple
     00000097  G$RWKH$0_0$0                       ADC_simple
     00000097  _CKEN                              ADC_simple
     00000097  _P17                               ADC_simple
     00000097  _RWKH                              ADC_simple
     00000098  G$RI$0_0$0                         ADC_simple
     00000098  G$SCON$0_0$0                       ADC_simple
     00000098  _RI                                ADC_simple
     00000098  _SCON                              ADC_simple
     00000099  G$AINDIDS1$0_0$0                   ADC_simple
     00000099  G$SBUF$0_0$0                       ADC_simple
     00000099  G$TI$0_0$0                         ADC_simple
ASxxxx Linker V03.00 + NoICE + sdld,  page 6.
Hexadecimal  [32-Bits]

Area                                    Addr        Size        Decimal Bytes (Attributes)
--------------------------------        ----        ----        ------- ----- ------------
.  .ABS.                            00000000    00000000 =           0. bytes (ABS,CON)

      Value  Global                              Global Defined In Module
      -----  --------------------------------   ------------------------
     00000099  _AINDIDS1                          ADC_simple
     00000099  _SBUF                              ADC_simple
     00000099  _TI                                ADC_simple
     0000009A  G$P0DW$0_0$0                       ADC_simple
     0000009A  G$RB8$0_0$0                        ADC_simple
     0000009A  G$SBUF_1$0_0$0                     ADC_simple
     0000009A  _P0DW                              ADC_simple
     0000009A  _RB8                               ADC_simple
     0000009A  _SBUF_1                            ADC_simple
     0000009B  G$EIE$0_0$0                        ADC_simple
     0000009B  G$P1DW$0_0$0                       ADC_simple
     0000009B  G$TB8$0_0$0                        ADC_simple
     0000009B  _EIE                               ADC_simple
     0000009B  _P1DW                              ADC_simple
     0000009B  _TB8                               ADC_simple
     0000009C  G$EIE1$0_0$0                       ADC_simple
     0000009C  G$P2DW$0_0$0                       ADC_simple
     0000009C  G$REN$0_0$0                        ADC_simple
     0000009C  _EIE1                              ADC_simple
     0000009C  _P2DW                              ADC_simple
     0000009C  _REN                               ADC_simple
     0000009D  G$P3DW$0_0$0                       ADC_simple
     0000009D  G$SM2$0_0$0                        ADC_simple
     0000009D  _P3DW                              ADC_simple
     0000009D  _SM2                               ADC_simple
     0000009E  G$SM1$0_0$0                        ADC_simple
     0000009E  _SM1                               ADC_simple
     0000009F  G$CHPCON$0_0$0                     ADC_simple
     0000009F  G$FE$0_0$0                         ADC_simple
     0000009F  G$SM0$0_0$0                        ADC_simple
     0000009F  _CHPCON                            ADC_simple
     0000009F  _FE                                ADC_simple
     0000009F  _SM0                               ADC_simple
     000000A0  G$P2$0_0$0                         ADC_simple
     000000A0  G$P20$0_0$0                        ADC_simple
     000000A0  _P2                                ADC_simple
     000000A0  _P20                               ADC_simple
     000000A0  __XPAGE                            
     000000A1  G$AUXR2$0_0$0                      ADC_simple
     000000A1  _AUXR2                             ADC_simple
     000000A2  G$AUXR1$0_0$0                      ADC_simple
     000000A2  G$AUXR3$0_0$0                      ADC_simple
     000000A2  _AUXR1                             ADC_simple
     000000A2  _AUXR3                             ADC_simple
     000000A3  G$AUXR4$0_0$0                      ADC_simple
     000000A3  G$BODCON0$0_0$0                    ADC_simple
     000000A3  _AUXR4                             ADC_simple
     000000A3  _BODCON0                           ADC_simple
     000000A4  G$AUXR5$0_0$0                      ADC_simple
     000000A4  G$IAPTRG$0_0$0                     ADC_simple
     000000A4  _AUXR5                             ADC_simple
ASxxxx Linker V03.00 + NoICE + sdld,  page 7.
Hexadecimal  [32-Bits]

Area                                    Addr        Size        Decimal Bytes (Attributes)
--------------------------------        ----        ----        ------- ----- ------------
.  .ABS.                            00000000    00000000 =           0. bytes (ABS,CON)

      Value  Global                              Global Defined In Module
      -----  --------------------------------   ------------------------
     000000A4  _IAPTRG                            ADC_simple
     000000A5  G$AUXR6$0_0$0                      ADC_simple
     000000A5  G$IAPUEN$0_0$0                     ADC_simple
     000000A5  _AUXR6                             ADC_simple
     000000A5  _IAPUEN                            ADC_simple
     000000A6  G$AUXR7$0_0$0                      ADC_simple
     000000A6  G$IAPAL$0_0$0                      ADC_simple
     000000A6  _AUXR7                             ADC_simple
     000000A6  _IAPAL                             ADC_simple
     000000A7  G$AUXR8$0_0$0                      ADC_simple
     000000A7  G$IAPAH$0_0$0                      ADC_simple
     000000A7  _AUXR8                             ADC_simple
     000000A7  _IAPAH                             ADC_simple
     000000A8  G$EX0$0_0$0                        ADC_simple
     000000A8  G$IE$0_0$0                         ADC_simple
     000000A8  _EX0                               ADC_simple
     000000A8  _IE                                ADC_simple
     000000A9  G$ET0$0_0$0                        ADC_simple
     000000A9  G$PWM1PH$0_0$0                     ADC_simple
     000000A9  G$SADDR$0_0$0                      ADC_simple
     000000A9  _ET0                               ADC_simple
     000000A9  _PWM1PH                            ADC_simple
     000000A9  _SADDR                             ADC_simple
     000000AA  G$EX1$0_0$0                        ADC_simple
     000000AA  G$PWM1C0H$0_0$0                    ADC_simple
     000000AA  G$WDCON$0_0$0                      ADC_simple
     000000AA  _EX1                               ADC_simple
     000000AA  _PWM1C0H                           ADC_simple
     000000AA  _WDCON                             ADC_simple
     000000AB  G$BODCON1$0_0$0                    ADC_simple
     000000AB  G$ET1$0_0$0                        ADC_simple
     000000AB  G$PWM1C1H$0_0$0                    ADC_simple
     000000AB  _BODCON1                           ADC_simple
     000000AB  _ET1                               ADC_simple
     000000AB  _PWM1C1H                           ADC_simple
     000000AC  G$ES$0_0$0                         ADC_simple
     000000AC  G$P3M1$0_0$0                       ADC_simple
     000000AC  G$P3S$0_0$0                        ADC_simple
     000000AC  G$PWM1MD$0_0$0                     ADC_simple
     000000AC  _ES                                ADC_simple
     000000AC  _P3M1                              ADC_simple
     000000AC  _P3S                               ADC_simple
     000000AC  _PWM1MD                            ADC_simple
     000000AD  G$EBOD$0_0$0                       ADC_simple
     000000AD  G$P3M2$0_0$0                       ADC_simple
     000000AD  G$P3SR$0_0$0                       ADC_simple
     000000AD  G$PWM1MEN$0_0$0                    ADC_simple
     000000AD  _EBOD                              ADC_simple
     000000AD  _P3M2                              ADC_simple
     000000AD  _P3SR                              ADC_simple
     000000AD  _PWM1MEN                           ADC_simple
ASxxxx Linker V03.00 + NoICE + sdld,  page 8.
Hexadecimal  [32-Bits]

Area                                    Addr        Size        Decimal Bytes (Attributes)
--------------------------------        ----        ----        ------- ----- ------------
.  .ABS.                            00000000    00000000 =           0. bytes (ABS,CON)

      Value  Global                              Global Defined In Module
      -----  --------------------------------   ------------------------
     000000AE  G$EADC$0_0$0                       ADC_simple
     000000AE  G$IAPFD$0_0$0                      ADC_simple
     000000AE  _EADC                              ADC_simple
     000000AE  _IAPFD                             ADC_simple
     000000AF  G$EA$0_0$0                         ADC_simple
     000000AF  G$IAPCN$0_0$0                      ADC_simple
     000000AF  _EA                                ADC_simple
     000000AF  _IAPCN                             ADC_simple
     000000B0  G$P3$0_0$0                         ADC_simple
     000000B0  G$P30$0_0$0                        ADC_simple
     000000B0  _P3                                ADC_simple
     000000B0  _P30                               ADC_simple
     000000B1  G$P0M1$0_0$0                       ADC_simple
     000000B1  G$P0S$0_0$0                        ADC_simple
     000000B1  G$P31$0_0$0                        ADC_simple
     000000B1  G$PWM1PL$0_0$0                     ADC_simple
     000000B1  _P0M1                              ADC_simple
     000000B1  _P0S                               ADC_simple
     000000B1  _P31                               ADC_simple
     000000B1  _PWM1PL                            ADC_simple
     000000B2  G$P0M2$0_0$0                       ADC_simple
     000000B2  G$P0SR$0_0$0                       ADC_simple
     000000B2  G$P32$0_0$0                        ADC_simple
     000000B2  G$PWM1C0L$0_0$0                    ADC_simple
     000000B2  _P0M2                              ADC_simple
     000000B2  _P0SR                              ADC_simple
     000000B2  _P32                               ADC_simple
     000000B2  _PWM1C0L                           ADC_simple
     000000B3  G$P1M1$0_0$0                       ADC_simple
     000000B3  G$P1S$0_0$0                        ADC_simple
     000000B3  G$P33$0_0$0                        ADC_simple
     000000B3  G$PWM1C1L$0_0$0                    ADC_simple
     000000B3  _P1M1                              ADC_simple
     000000B3  _P1S                               ADC_simple
     000000B3  _P33                               ADC_simple
     000000B3  _PWM1C1L                           ADC_simple
     000000B4  G$P1M2$0_0$0                       ADC_simple
     000000B4  G$P1SR$0_0$0                       ADC_simple
     000000B4  G$P34$0_0$0                        ADC_simple
     000000B4  G$PWM1CON0$0_0$0                   ADC_simple
     000000B4  _P1M2                              ADC_simple
     000000B4  _P1SR                              ADC_simple
     000000B4  _P34                               ADC_simple
     000000B4  _PWM1CON0                          ADC_simple
     000000B5  G$P35$0_0$0                        ADC_simple
     000000B5  G$PWM1CON1$0_0$0                   ADC_simple
     000000B5  G$TOE$0_0$0                        ADC_simple
     000000B5  _P35                               ADC_simple
     000000B5  _PWM1CON1                          ADC_simple
     000000B5  _TOE                               ADC_simple
     000000B6  G$P36$0_0$0                        ADC_simple
ASxxxx Linker V03.00 + NoICE + sdld,  page 9.
Hexadecimal  [32-Bits]

Area                                    Addr        Size        Decimal Bytes (Attributes)
--------------------------------        ----        ----        ------- ----- ------------
.  .ABS.                            00000000    00000000 =           0. bytes (ABS,CON)

      Value  Global                              Global Defined In Module
      -----  --------------------------------   ------------------------
     000000B6  G$PWM1INTC$0_0$0                   ADC_simple
     000000B6  _P36                               ADC_simple
     000000B6  _PWM1INTC                          ADC_simple
     000000B7  G$IPH$0_0$0                        ADC_simple
     000000B7  G$P37$0_0$0                        ADC_simple
     000000B7  G$PIOCON2$0_0$0                    ADC_simple
     000000B7  G$PWM0INTC$0_0$0                   ADC_simple
     000000B7  _IPH                               ADC_simple
     000000B7  _P37                               ADC_simple
     000000B7  _PIOCON2                           ADC_simple
     000000B7  _PWM0INTC                          ADC_simple
     000000B8  G$IP$0_0$0                         ADC_simple
     000000B8  G$PX0$0_0$0                        ADC_simple
     000000B8  _IP                                ADC_simple
     000000B8  _PX0                               ADC_simple
     000000B9  G$PT0$0_0$0                        ADC_simple
     000000B9  G$PWM2PH$0_0$0                     ADC_simple
     000000B9  G$SADEN$0_0$0                      ADC_simple
     000000B9  _PT0                               ADC_simple
     000000B9  _PWM2PH                            ADC_simple
     000000B9  _SADEN                             ADC_simple
     000000BA  G$PWM2C0H$0_0$0                    ADC_simple
     000000BA  G$PX1$0_0$0                        ADC_simple
     000000BA  G$SADEN_1$0_0$0                    ADC_simple
     000000BA  _PWM2C0H                           ADC_simple
     000000BA  _PX1                               ADC_simple
     000000BA  _SADEN_1                           ADC_simple
     000000BB  G$PT1$0_0$0                        ADC_simple
     000000BB  G$PWM2C1H$0_0$0                    ADC_simple
     000000BB  G$SADDR_1$0_0$0                    ADC_simple
     000000BB  _PT1                               ADC_simple
     000000BB  _PWM2C1H                           ADC_simple
     000000BB  _SADDR_1                           ADC_simple
     000000BC  G$I2DAT$0_0$0                      ADC_simple
     000000BC  G$PS$0_0$0                         ADC_simple
     000000BC  G$PWM2MD$0_0$0                     ADC_simple
     000000BC  _I2DAT                             ADC_simple
     000000BC  _PS                                ADC_simple
     000000BC  _PWM2MD                            ADC_simple
     000000BD  G$I2STAT$0_0$0                     ADC_simple
     000000BD  G$PBOD$0_0$0                       ADC_simple
     000000BD  G$PWM2MEN$0_0$0                    ADC_simple
     000000BD  _I2STAT                            ADC_simple
     000000BD  _PBOD                              ADC_simple
     000000BD  _PWM2MEN                           ADC_simple
     000000BE  G$I2CLK$0_0$0                      ADC_simple
     000000BE  G$PADC$0_0$0                       ADC_simple
     000000BE  _I2CLK                             ADC_simple
     000000BE  _PADC                              ADC_simple
     000000BF  G$I2TOC$0_0$0                      ADC_simple
     000000BF  _I2TOC                             ADC_simple
ASxxxx Linker V03.00 + NoICE + sdld,  page 10.
Hexadecimal  [32-Bits]

Area                                    Addr        Size        Decimal Bytes (Attributes)
--------------------------------        ----        ----        ------- ----- ------------
.  .ABS.                            00000000    00000000 =           0. bytes (ABS,CON)

      Value  Global                              Global Defined In Module
      -----  --------------------------------   ------------------------
     000000C0  G$I2CON$0_0$0                      ADC_simple
     000000C0  G$I2CPX$0_0$0                      ADC_simple
     000000C0  _I2CON                             ADC_simple
     000000C0  _I2CPX                             ADC_simple
     000000C1  G$I2ADDR$0_0$0                     ADC_simple
     000000C1  G$PWM2PL$0_0$0                     ADC_simple
     000000C1  _I2ADDR                            ADC_simple
     000000C1  _PWM2PL                            ADC_simple
     000000C2  G$AA$0_0$0                         ADC_simple
     000000C2  G$ADCRL$0_0$0                      ADC_simple
     000000C2  G$PWM2C0L$0_0$0                    ADC_simple
     000000C2  _AA                                ADC_simple
     000000C2  _ADCRL                             ADC_simple
     000000C2  _PWM2C0L                           ADC_simple
     000000C3  G$ADCRH$0_0$0                      ADC_simple
     000000C3  G$PWM2C1L$0_0$0                    ADC_simple
     000000C3  G$SI$0_0$0                         ADC_simple
     000000C3  _ADCRH                             ADC_simple
     000000C3  _PWM2C1L                           ADC_simple
     000000C3  _SI                                ADC_simple
     000000C4  G$PWM0C4H$0_0$0                    ADC_simple
     000000C4  G$PWM2CON0$0_0$0                   ADC_simple
     000000C4  G$STO$0_0$0                        ADC_simple
     000000C4  G$T3CON$0_0$0                      ADC_simple
     000000C4  _PWM0C4H                           ADC_simple
     000000C4  _PWM2CON0                          ADC_simple
     000000C4  _STO                               ADC_simple
     000000C4  _T3CON                             ADC_simple
     000000C5  G$PWM0C5H$0_0$0                    ADC_simple
     000000C5  G$PWM2CON1$0_0$0                   ADC_simple
     000000C5  G$RL3$0_0$0                        ADC_simple
     000000C5  G$STA$0_0$0                        ADC_simple
     000000C5  _PWM0C5H                           ADC_simple
     000000C5  _PWM2CON1                          ADC_simple
     000000C5  _RL3                               ADC_simple
     000000C5  _STA                               ADC_simple
     000000C6  G$I2CEN$0_0$0                      ADC_simple
     000000C6  G$PIOCON1$0_0$0                    ADC_simple
     000000C6  G$PWM2INTC$0_0$0                   ADC_simple
     000000C6  G$RH3$0_0$0                        ADC_simple
     000000C6  _I2CEN                             ADC_simple
     000000C6  _PIOCON1                           ADC_simple
     000000C6  _PWM2INTC                          ADC_simple
     000000C6  _RH3                               ADC_simple
     000000C7  G$TA$0_0$0                         ADC_simple
     000000C7  _TA                                ADC_simple
     000000C8  G$CM_RL2$0_0$0                     ADC_simple
     000000C8  G$T2CON$0_0$0                      ADC_simple
     000000C8  _CM_RL2                            ADC_simple
     000000C8  _T2CON                             ADC_simple
     000000C9  G$PWM3PH$0_0$0                     ADC_simple
ASxxxx Linker V03.00 + NoICE + sdld,  page 11.
Hexadecimal  [32-Bits]

Area                                    Addr        Size        Decimal Bytes (Attributes)
--------------------------------        ----        ----        ------- ----- ------------
.  .ABS.                            00000000    00000000 =           0. bytes (ABS,CON)

      Value  Global                              Global Defined In Module
      -----  --------------------------------   ------------------------
     000000C9  G$T2MOD$0_0$0                      ADC_simple
     000000C9  _PWM3PH                            ADC_simple
     000000C9  _T2MOD                             ADC_simple
     000000CA  G$PWM3C0H$0_0$0                    ADC_simple
     000000CA  G$RCMP2L$0_0$0                     ADC_simple
     000000CA  G$TR2$0_0$0                        ADC_simple
     000000CA  _PWM3C0H                           ADC_simple
     000000CA  _RCMP2L                            ADC_simple
     000000CA  _TR2                               ADC_simple
     000000CB  G$PWM3C1H$0_0$0                    ADC_simple
     000000CB  G$RCMP2H$0_0$0                     ADC_simple
     000000CB  _PWM3C1H                           ADC_simple
     000000CB  _RCMP2H                            ADC_simple
     000000CC  G$PWM0C4L$0_0$0                    ADC_simple
     000000CC  G$PWM3MD$0_0$0                     ADC_simple
     000000CC  G$TL2$0_0$0                        ADC_simple
     000000CC  _PWM0C4L                           ADC_simple
     000000CC  _PWM3MD                            ADC_simple
     000000CC  _TL2                               ADC_simple
     000000CD  G$PWM0C5L$0_0$0                    ADC_simple
     000000CD  G$PWM3MEN$0_0$0                    ADC_simple
     000000CD  G$TH2$0_0$0                        ADC_simple
     000000CD  _PWM0C5L                           ADC_simple
     000000CD  _PWM3MEN                           ADC_simple
     000000CD  _TH2                               ADC_simple
     000000CE  G$ADCMPL$0_0$0                     ADC_simple
     000000CE  G$EIP2$0_0$0                       ADC_simple
     000000CE  _ADCMPL                            ADC_simple
     000000CE  _EIP2                              ADC_simple
     000000CF  G$ADCMPH$0_0$0                     ADC_simple
     000000CF  G$EIPH2$0_0$0                      ADC_simple
     000000CF  G$TF2$0_0$0                        ADC_simple
     000000CF  _ADCMPH                            ADC_simple
     000000CF  _EIPH2                             ADC_simple
     000000CF  _TF2                               ADC_simple
     000000D0  G$P$0_0$0                          ADC_simple
     000000D0  G$PSW$0_0$0                        ADC_simple
     000000D0  _P                                 ADC_simple
     000000D0  _PSW                               ADC_simple
     000000D1  G$PWM0PH$0_0$0                     ADC_simple
     000000D1  G$PWM3PL$0_0$0                     ADC_simple
     000000D1  _PWM0PH                            ADC_simple
     000000D1  _PWM3PL                            ADC_simple
     000000D2  G$OV$0_0$0                         ADC_simple
     000000D2  G$PWM0C0H$0_0$0                    ADC_simple
     000000D2  G$PWM3C0L$0_0$0                    ADC_simple
     000000D2  _OV                                ADC_simple
     000000D2  _PWM0C0H                           ADC_simple
     000000D2  _PWM3C0L                           ADC_simple
     000000D3  G$PWM0C1H$0_0$0                    ADC_simple
     000000D3  G$PWM3C1L$0_0$0                    ADC_simple
ASxxxx Linker V03.00 + NoICE + sdld,  page 12.
Hexadecimal  [32-Bits]

Area                                    Addr        Size        Decimal Bytes (Attributes)
--------------------------------        ----        ----        ------- ----- ------------
.  .ABS.                            00000000    00000000 =           0. bytes (ABS,CON)

      Value  Global                              Global Defined In Module
      -----  --------------------------------   ------------------------
     000000D3  G$RS0$0_0$0                        ADC_simple
     000000D3  _PWM0C1H                           ADC_simple
     000000D3  _PWM3C1L                           ADC_simple
     000000D3  _RS0                               ADC_simple
     000000D4  G$PWM0C2H$0_0$0                    ADC_simple
     000000D4  G$PWM3CON0$0_0$0                   ADC_simple
     000000D4  G$RS1$0_0$0                        ADC_simple
     000000D4  _PWM0C2H                           ADC_simple
     000000D4  _PWM3CON0                          ADC_simple
     000000D4  _RS1                               ADC_simple
     000000D5  G$F0$0_0$0                         ADC_simple
     000000D5  G$PWM0C3H$0_0$0                    ADC_simple
     000000D5  G$PWM3CON1$0_0$0                   ADC_simple
     000000D5  _F0                                ADC_simple
     000000D5  _PWM0C3H                           ADC_simple
     000000D5  _PWM3CON1                          ADC_simple
     000000D6  G$AC$0_0$0                         ADC_simple
     000000D6  G$PNP$0_0$0                        ADC_simple
     000000D6  G$PWM3INTC$0_0$0                   ADC_simple
     000000D6  _AC                                ADC_simple
     000000D6  _PNP                               ADC_simple
     000000D6  _PWM3INTC                          ADC_simple
     000000D7  G$CY$0_0$0                         ADC_simple
     000000D7  G$PWM0FBD$0_0$0                    ADC_simple
     000000D7  G$XTLCON$0_0$0                     ADC_simple
     000000D7  _CY                                ADC_simple
     000000D7  _PWM0FBD                           ADC_simple
     000000D7  _XTLCON                            ADC_simple
     000000D8  G$PWM0CON0$0_0$0                   ADC_simple
     000000D8  _PWM0CON0                          ADC_simple
     000000D9  G$PWM0PL$0_0$0                     ADC_simple
     000000D9  G$SC0DR$0_0$0                      ADC_simple
     000000D9  _PWM0PL                            ADC_simple
     000000D9  _SC0DR                             ADC_simple
     000000DA  G$PWM0C0L$0_0$0                    ADC_simple
     000000DA  G$SC0EGT$0_0$0                     ADC_simple
     000000DA  _PWM0C0L                           ADC_simple
     000000DA  _SC0EGT                            ADC_simple
     000000DB  G$PWM0C1L$0_0$0                    ADC_simple
     000000DB  G$SC0ETURD0$0_0$0                  ADC_simple
     000000DB  _PWM0C1L                           ADC_simple
     000000DB  _SC0ETURD0                         ADC_simple
     000000DC  G$CLRPWM$0_0$0                     ADC_simple
     000000DC  G$PWM0C2L$0_0$0                    ADC_simple
     000000DC  G$SC0ETURD1$0_0$0                  ADC_simple
     000000DC  _CLRPWM                            ADC_simple
     000000DC  _PWM0C2L                           ADC_simple
     000000DC  _SC0ETURD1                         ADC_simple
     000000DD  G$PWM0C3L$0_0$0                    ADC_simple
     000000DD  G$PWMF$0_0$0                       ADC_simple
     000000DD  G$SC0IE$0_0$0                      ADC_simple
ASxxxx Linker V03.00 + NoICE + sdld,  page 13.
Hexadecimal  [32-Bits]

Area                                    Addr        Size        Decimal Bytes (Attributes)
--------------------------------        ----        ----        ------- ----- ------------
.  .ABS.                            00000000    00000000 =           0. bytes (ABS,CON)

      Value  Global                              Global Defined In Module
      -----  --------------------------------   ------------------------
     000000DD  _PWM0C3L                           ADC_simple
     000000DD  _PWMF                              ADC_simple
     000000DD  _SC0IE                             ADC_simple
     000000DE  G$LOAD$0_0$0                       ADC_simple
     000000DE  G$PIOCON0$0_0$0                    ADC_simple
     000000DE  G$SC0IS$0_0$0                      ADC_simple
     000000DE  _LOAD                              ADC_simple
     000000DE  _PIOCON0                           ADC_simple
     000000DE  _SC0IS                             ADC_simple
     000000DF  G$PWM0CON1$0_0$0                   ADC_simple
     000000DF  G$PWMRUN$0_0$0                     ADC_simple
     000000DF  G$SC0TSR$0_0$0                     ADC_simple
     000000DF  _PWM0CON1                          ADC_simple
     000000DF  _PWMRUN                            ADC_simple
     000000DF  _SC0TSR                            ADC_simple
     000000E0  G$ACC$0_0$0                        ADC_simple
     000000E0  _ACC                               ADC_simple
     000000E1  G$ADCCON1$0_0$0                    ADC_simple
     000000E1  G$SC1DR$0_0$0                      ADC_simple
     000000E1  _ADCCON1                           ADC_simple
     000000E1  _SC1DR                             ADC_simple
     000000E2  G$ADCCON2$0_0$0                    ADC_simple
     000000E2  G$SC1EGT$0_0$0                     ADC_simple
     000000E2  _ADCCON2                           ADC_simple
     000000E2  _SC1EGT                            ADC_simple
     000000E3  G$ADCDLY$0_0$0                     ADC_simple
     000000E3  G$SC1ETURD0$0_0$0                  ADC_simple
     000000E3  _ADCDLY                            ADC_simple
     000000E3  _SC1ETURD0                         ADC_simple
     000000E4  G$C0L$0_0$0                        ADC_simple
     000000E4  G$SC1ETURD1$0_0$0                  ADC_simple
     000000E4  _C0L                               ADC_simple
     000000E4  _SC1ETURD1                         ADC_simple
     000000E5  G$C0H$0_0$0                        ADC_simple
     000000E5  G$SC1IE$0_0$0                      ADC_simple
     000000E5  _C0H                               ADC_simple
     000000E5  _SC1IE                             ADC_simple
     000000E6  G$C1L$0_0$0                        ADC_simple
     000000E6  G$SC1IS$0_0$0                      ADC_simple
     000000E6  _C1L                               ADC_simple
     000000E6  _SC1IS                             ADC_simple
     000000E7  G$C1H$0_0$0                        ADC_simple
     000000E7  G$SC1TSR$0_0$0                     ADC_simple
     000000E7  _C1H                               ADC_simple
     000000E7  _SC1TSR                            ADC_simple
     000000E8  G$ADCCON0$0_0$0                    ADC_simple
     000000E8  G$ADCHS0$0_0$0                     ADC_simple
     000000E8  _ADCCON0                           ADC_simple
     000000E8  _ADCHS0                            ADC_simple
     000000E9  G$ADCHS1$0_0$0                     ADC_simple
     000000E9  G$PICON$0_0$0                      ADC_simple
ASxxxx Linker V03.00 + NoICE + sdld,  page 14.
Hexadecimal  [32-Bits]

Area                                    Addr        Size        Decimal Bytes (Attributes)
--------------------------------        ----        ----        ------- ----- ------------
.  .ABS.                            00000000    00000000 =           0. bytes (ABS,CON)

      Value  Global                              Global Defined In Module
      -----  --------------------------------   ------------------------
     000000E9  G$SC2DR$0_0$0                      ADC_simple
     000000E9  _ADCHS1                            ADC_simple
     000000E9  _PICON                             ADC_simple
     000000E9  _SC2DR                             ADC_simple
     000000EA  G$ADCHS2$0_0$0                     ADC_simple
     000000EA  G$PINEN$0_0$0                      ADC_simple
     000000EA  G$SC2EGT$0_0$0                     ADC_simple
     000000EA  _ADCHS2                            ADC_simple
     000000EA  _PINEN                             ADC_simple
     000000EA  _SC2EGT                            ADC_simple
     000000EB  G$ADCHS3$0_0$0                     ADC_simple
     000000EB  G$PIPEN$0_0$0                      ADC_simple
     000000EB  G$SC2ETURD0$0_0$0                  ADC_simple
     000000EB  _ADCHS3                            ADC_simple
     000000EB  _PIPEN                             ADC_simple
     000000EB  _SC2ETURD0                         ADC_simple
     000000EC  G$ETGSEL0$0_0$0                    ADC_simple
     000000EC  G$PIF$0_0$0                        ADC_simple
     000000EC  G$SC2ETURD1$0_0$0                  ADC_simple
     000000EC  _ETGSEL0                           ADC_simple
     000000EC  _PIF                               ADC_simple
     000000EC  _SC2ETURD1                         ADC_simple
     000000ED  G$C2L$0_0$0                        ADC_simple
     000000ED  G$ETGSEL1$0_0$0                    ADC_simple
     000000ED  G$SC2IE$0_0$0                      ADC_simple
     000000ED  _C2L                               ADC_simple
     000000ED  _ETGSEL1                           ADC_simple
     000000ED  _SC2IE                             ADC_simple
     000000EE  G$ADCS$0_0$0                       ADC_simple
     000000EE  G$C2H$0_0$0                        ADC_simple
     000000EE  G$SC2IS$0_0$0                      ADC_simple
     000000EE  _ADCS                              ADC_simple
     000000EE  _C2H                               ADC_simple
     000000EE  _SC2IS                             ADC_simple
     000000EF  G$ADCF$0_0$0                       ADC_simple
     000000EF  G$EIP$0_0$0                        ADC_simple
     000000EF  G$SC2TSR$0_0$0                     ADC_simple
     000000EF  _ADCF                              ADC_simple
     000000EF  _EIP                               ADC_simple
     000000EF  _SC2TSR                            ADC_simple
     000000F0  G$B$0_0$0                          ADC_simple
     000000F0  _B                                 ADC_simple
     000000F1  G$CAPCON3$0_0$0                    ADC_simple
     000000F1  G$SC0CR0$0_0$0                     ADC_simple
     000000F1  _CAPCON3                           ADC_simple
     000000F1  _SC0CR0                            ADC_simple
     000000F2  G$CAPCON4$0_0$0                    ADC_simple
     000000F2  G$SC0CR1$0_0$0                     ADC_simple
     000000F2  _CAPCON4                           ADC_simple
     000000F2  _SC0CR1                            ADC_simple
     000000F3  G$SC1CR0$0_0$0                     ADC_simple
ASxxxx Linker V03.00 + NoICE + sdld,  page 15.
Hexadecimal  [32-Bits]

Area                                    Addr        Size        Decimal Bytes (Attributes)
--------------------------------        ----        ----        ------- ----- ------------
.  .ABS.                            00000000    00000000 =           0. bytes (ABS,CON)

      Value  Global                              Global Defined In Module
      -----  --------------------------------   ------------------------
     000000F3  G$SPCR$0_0$0                       ADC_simple
     000000F3  G$SPCR2$0_0$0                      ADC_simple
     000000F3  _SC1CR0                            ADC_simple
     000000F3  _SPCR                              ADC_simple
     000000F3  _SPCR2                             ADC_simple
     000000F4  G$SC1CR1$0_0$0                     ADC_simple
     000000F4  G$SPSR$0_0$0                       ADC_simple
     000000F4  _SC1CR1                            ADC_simple
     000000F4  _SPSR                              ADC_simple
     000000F5  G$SC2CR0$0_0$0                     ADC_simple
     000000F5  G$SPDR$0_0$0                       ADC_simple
     000000F5  _B_5                               _gptrget
     000000F5  _SC2CR0                            ADC_simple
     000000F5  _SPDR                              ADC_simple
     000000F6  G$AINDIDS0$0_0$0                   ADC_simple
     000000F6  G$SC2CR1$0_0$0                     ADC_simple
     000000F6  _AINDIDS0                          ADC_simple
     000000F6  _B_6                               _gptrget
     000000F6  _SC2CR1                            ADC_simple
     000000F7  G$EIPH$0_0$0                       ADC_simple
     000000F7  G$PIPS7$0_0$0                      ADC_simple
     000000F7  _B_7                               _gptrget
     000000F7  _EIPH                              ADC_simple
     000000F7  _PIPS7                             ADC_simple
     000000F8  G$RI_1$0_0$0                       ADC_simple
     000000F8  G$SCON_1$0_0$0                     ADC_simple
     000000F8  _RI_1                              ADC_simple
     000000F8  _SCON_1                            ADC_simple
     000000F9  G$PIPS0$0_0$0                      ADC_simple
     000000F9  G$PWM0DTEN$0_0$0                   ADC_simple
     000000F9  G$TI_1$0_0$0                       ADC_simple
     000000F9  _PIPS0                             ADC_simple
     000000F9  _PWM0DTEN                          ADC_simple
     000000F9  _TI_1                              ADC_simple
     000000FA  G$PIPS1$0_0$0                      ADC_simple
     000000FA  G$PWM0DTCNT$0_0$0                  ADC_simple
     000000FA  G$RB8_1$0_0$0                      ADC_simple
     000000FA  _PIPS1                             ADC_simple
     000000FA  _PWM0DTCNT                         ADC_simple
     000000FA  _RB8_1                             ADC_simple
     000000FB  G$PIPS2$0_0$0                      ADC_simple
     000000FB  G$PWM0MEN$0_0$0                    ADC_simple
     000000FB  G$TB8_1$0_0$0                      ADC_simple
     000000FB  _PIPS2                             ADC_simple
     000000FB  _PWM0MEN                           ADC_simple
     000000FB  _TB8_1                             ADC_simple
     000000FC  G$PIPS3$0_0$0                      ADC_simple
     000000FC  G$PWM0MD$0_0$0                     ADC_simple
     000000FC  G$REN_1$0_0$0                      ADC_simple
     000000FC  _PIPS3                             ADC_simple
     000000FC  _PWM0MD                            ADC_simple
ASxxxx Linker V03.00 + NoICE + sdld,  page 16.
Hexadecimal  [32-Bits]

Area                                    Addr        Size        Decimal Bytes (Attributes)
--------------------------------        ----        ----        ------- ----- ------------
.  .ABS.                            00000000    00000000 =           0. bytes (ABS,CON)

      Value  Global                              Global Defined In Module
      -----  --------------------------------   ------------------------
     000000FC  _REN_1                             ADC_simple
     000000FD  G$PIPS4$0_0$0                      ADC_simple
     000000FD  G$PORDIS$0_0$0                     ADC_simple
     000000FD  G$SM2_1$0_0$0                      ADC_simple
     000000FD  _PIPS4                             ADC_simple
     000000FD  _PORDIS                            ADC_simple
     000000FD  _SM2_1                             ADC_simple
     000000FE  G$EIP1$0_0$0                       ADC_simple
     000000FE  G$PIPS5$0_0$0                      ADC_simple
     000000FE  G$SM1_1$0_0$0                      ADC_simple
     000000FE  _EIP1                              ADC_simple
     000000FE  _PIPS5                             ADC_simple
     000000FE  _SM1_1                             ADC_simple
     000000FF  G$EIPH1$0_0$0                      ADC_simple
     000000FF  G$FE_1$0_0$0                       ADC_simple
     000000FF  G$LVRDIS$0_0$0                     ADC_simple
     000000FF  G$PIPS6$0_0$0                      ADC_simple
     000000FF  G$SM0_1$0_0$0                      ADC_simple
     000000FF  _EIPH1                             ADC_simple
     000000FF  _FE_1                              ADC_simple
     000000FF  _LVRDIS                            ADC_simple
     000000FF  _PIPS6                             ADC_simple
     000000FF  _SM0_1                             ADC_simple

ASxxxx Linker V03.00 + NoICE + sdld,  page 17.
Hexadecimal  [32-Bits]

Area                                    Addr        Size        Decimal Bytes (Attributes)
--------------------------------        ----        ----        ------- ----- ------------
BSEG_BYTES                          00000020    00000001 =           1. bytes (REL,CON)

      Value  Global                              Global Defined In Module
      -----  --------------------------------   ------------------------
ASxxxx Linker V03.00 + NoICE + sdld,  page 18.
Hexadecimal  [32-Bits]

Area                                    Addr        Size        Decimal Bytes (Attributes)
--------------------------------        ----        ----        ------- ----- ------------
REG_BANK_0                          00000000    00000008 =           8. bytes (REL,OVR)

      Value  Global                              Global Defined In Module
      -----  --------------------------------   ------------------------
ASxxxx Linker V03.00 + NoICE + sdld,  page 19.
Hexadecimal  [32-Bits]

Area                                    Addr        Size        Decimal Bytes (Attributes)
--------------------------------        ----        ----        ------- ----- ------------
DSEG                                00000000    00000080 =         128. bytes (REL,CON)

      Value  Global                              Global Defined In Module
      -----  --------------------------------   ------------------------
     00000008  Ldelay.Timer0_Delay$u16CNT$1_0$4   delay
     00000008  _Timer0_Delay_PARM_2               delay
     0000000A  Ldelay.Timer0_Delay$u16DLYUnit$1   delay
     0000000A  _Timer0_Delay_PARM_3               delay
     0000000C  Ldelay.Timer1_Delay$u16CNT$1_0$5   delay
     0000000C  _Timer1_Delay_PARM_2               delay
     0000000E  Ldelay.Timer1_Delay$u16DLYUnit$1   delay
     0000000E  _Timer1_Delay_PARM_3               delay
     00000010  Ldelay.Timer2_Delay$u16TMDIV$1_0   delay
     00000010  _Timer2_Delay_PARM_2               delay
     00000012  Ldelay.Timer2_Delay$u16CNT$1_0$5   delay
     00000012  _Timer2_Delay_PARM_3               delay
     00000014  Ldelay.Timer2_Delay$u32DLYUnit$1   delay
     00000014  _Timer2_Delay_PARM_4               delay
     00000018  Ldelay.Timer3_Delay$u8TMDIV$1_0$   delay
     00000018  _Timer3_Delay_PARM_2               delay
     00000019  Ldelay.Timer3_Delay$u16CNT$1_0$5   delay
     00000019  _Timer3_Delay_PARM_3               delay
     0000001B  Ldelay.Timer3_Delay$u32DLYUnit$1   delay
     0000001B  _Timer3_Delay_PARM_4               delay
     0000001F  _vprintf_PARM_2                    vprintf
     00000021  G$TA_REG_TMP$0_0$0                 sys
     00000021  _TA_REG_TMP                        sys
     00000022  G$BYTE_TMP$0_0$0                   sys
     00000022  _BYTE_TMP                          sys
     00000023  G$SFRS_TMP$0_0$0                   sys
     00000023  _SFRS_TMP                          sys
     00000024  G$uart0_receive_data$0_0$0         uart
     00000024  _uart0_receive_data                uart
     00000025  G$uart1_receive_data$0_0$0         uart
     00000025  _uart1_receive_data                uart
     00000026  Luart.UART_Open$u8UARTPort$1_0$6   uart
     00000026  _UART_Open_PARM_2                  uart
     00000027  Luart.UART_Open$u32Baudrate$1_0$   uart
     00000027  _UART_Open_PARM_3                  uart
     0000002B  Luart.UART_Open$sloc0$0_1$0        uart
     0000003C  __print_format_PARM_2              printf_large
     0000003F  __print_format_PARM_3              printf_large
     00000042  __print_format_PARM_4              printf_large
     0000005C  _bp                                _bp

ASxxxx Linker V03.00 + NoICE + sdld,  page 20.
Hexadecimal  [32-Bits]

Area                                    Addr        Size        Decimal Bytes (Attributes)
--------------------------------        ----        ----        ------- ----- ------------
OSEG                                0000005D    00000004 =           4. bytes (REL,OVR)

      Value  Global                              Global Defined In Module
      -----  --------------------------------   ------------------------
     0000005D  Ladc.ADC_ConvertTime$u8ADCDIV$1_   adc
     0000005D  Ladc.ADC_InitialContinous$u8ADCR   adc
     0000005D  Luart.UART_Send_Data$c$1_0$67      uart
     0000005D  _ADC_ConvertTime_PARM_2            adc
     0000005D  _ADC_InitialContinous_PARM_2       adc
     0000005D  _UART_Send_Data_PARM_2             uart
     0000005D  __divslong_PARM_2                  _divulong
     0000005D  __divulong_PARM_2                  _divulong
     0000005D  __mulint_PARM_2                    _mulint
     0000005D  __mullong_PARM_2                   _mullong
     0000005E  Ladc.ADC_ConvertTime$u8ADCAQT$1_   adc
     0000005E  _ADC_ConvertTime_PARM_3            adc
ASxxxx Linker V03.00 + NoICE + sdld,  page 21.
Hexadecimal  [32-Bits]

Area                                    Addr        Size        Decimal Bytes (Attributes)
--------------------------------        ----        ----        ------- ----- ------------
ISEG                                00000061    00000006 =           6. bytes (REL,CON)

      Value  Global                              Global Defined In Module
      -----  --------------------------------   ------------------------
ASxxxx Linker V03.00 + NoICE + sdld,  page 22.
Hexadecimal  [32-Bits]

Area                                    Addr        Size        Decimal Bytes (Attributes)
--------------------------------        ----        ----        ------- ----- ------------
SSEG                                00000067    00000099 =         153. bytes (REL,OVR)

      Value  Global                              Global Defined In Module
      -----  --------------------------------   ------------------------
     00000067  __start__stack                     ADC_simple

ASxxxx Linker V03.00 + NoICE + sdld,  page 23.
Hexadecimal  [32-Bits]

Area                                    Addr        Size        Decimal Bytes (Attributes)
--------------------------------        ----        ----        ------- ----- ------------
HOME                                00000000    00000006 =           6. bytes (REL,CON,CODE)

      Value  Global                              Global Defined In Module
      -----  --------------------------------   ------------------------
C:   00000000  A$ADC_simpleSampleCode\RegBased\   ADC_simple
C:   00000003  A$ADC_simpleSampleCode\RegBased\   ADC_simple
C:   00000003  __sdcc_program_startup             ADC_simple
ASxxxx Linker V03.00 + NoICE + sdld,  page 24.
Hexadecimal  [32-Bits]

Area                                    Addr        Size        Decimal Bytes (Attributes)
--------------------------------        ----        ----        ------- ----- ------------
GSINIT0                             00000006    00000003 =           3. bytes (REL,CON,CODE)

      Value  Global                              Global Defined In Module
      -----  --------------------------------   ------------------------
C:   00000006  __sdcc_gsinit_startup              

ASxxxx Linker V03.00 + NoICE + sdld,  page 25.
Hexadecimal  [32-Bits]

Area                                    Addr        Size        Decimal Bytes (Attributes)
--------------------------------        ----        ----        ------- ----- ------------
GSINIT2                             00000009    0000000A =          10. bytes (REL,CON,CODE)

      Value  Global                              Global Defined In Module
      -----  --------------------------------   ------------------------
ASxxxx Linker V03.00 + NoICE + sdld,  page 26.
Hexadecimal  [32-Bits]

Area                                    Addr        Size        Decimal Bytes (Attributes)
--------------------------------        ----        ----        ------- ----- ------------
GSINIT3                             00000013    00000022 =          34. bytes (REL,CON,CODE)

      Value  Global                              Global Defined In Module
      -----  --------------------------------   ------------------------
C:   00000013  __mcs51_genXINIT                   

ASxxxx Linker V03.00 + NoICE + sdld,  page 27.
Hexadecimal  [32-Bits]

Area                                    Addr        Size        Decimal Bytes (Attributes)
--------------------------------        ----        ----        ------- ----- ------------
GSINIT4                             00000035    0000002A =          42. bytes (REL,CON,CODE)

      Value  Global                              Global Defined In Module
      -----  --------------------------------   ------------------------
C:   00000035  __mcs51_genRAMCLEAR                
C:   0000003B  __mcs51_genXRAMCLEAR               

ASxxxx Linker V03.00 + NoICE + sdld,  page 28.
Hexadecimal  [32-Bits]

Area                                    Addr        Size        Decimal Bytes (Attributes)
--------------------------------        ----        ----        ------- ----- ------------
GSINIT                              0000005F    00000004 =           4. bytes (REL,CON,CODE)

      Value  Global                              Global Defined In Module
      -----  --------------------------------   ------------------------
C:   0000005F  A$uartDebug\Library\StdDriver\sr   uart
C:   0000005F  C$uart.c$14$1_0$68                 uart
C:   00000061  A$uartDebug\Library\StdDriver\sr   uart
C:   00000061  C$uart.c$15$1_0$68                 uart

ASxxxx Linker V03.00 + NoICE + sdld,  page 29.
Hexadecimal  [32-Bits]

Area                                    Addr        Size        Decimal Bytes (Attributes)
--------------------------------        ----        ----        ------- ----- ------------
GSFINAL                             00000063    00000003 =           3. bytes (REL,CON,CODE)

      Value  Global                              Global Defined In Module
      -----  --------------------------------   ------------------------
C:   00000063  A$ADC_simpleSampleCode\RegBased\   ADC_simple

ASxxxx Linker V03.00 + NoICE + sdld,  page 30.
Hexadecimal  [32-Bits]

Area                                    Addr        Size        Decimal Bytes (Attributes)
--------------------------------        ----        ----        ------- ----- ------------
CSEG                                00000066    0000151F =        5407. bytes (REL,CON,CODE)

      Value  Global                              Global Defined In Module
      -----  --------------------------------   ------------------------
C:   00000066  A$adc\Debug\Library\StdDriver\sr   adc
C:   00000066  C$adc.c$27$0_0$56                  adc
C:   00000066  G$ADC_InitialContinous$0$0         adc
C:   00000066  _ADC_InitialContinous              adc
C:   00000068  A$adc\Debug\Library\StdDriver\sr   adc
C:   0000006A  A$adc\Debug\Library\StdDriver\sr   adc
C:   0000006A  C$adc.c$29$1_0$56                  adc
C:   0000006D  A$adc\Debug\Library\StdDriver\sr   adc
C:   0000006D  C$adc.c$30$1_0$56                  adc
C:   0000006F  A$adc\Debug\Library\StdDriver\sr   adc
C:   0000006F  C$adc.c$31$1_0$56                  adc
C:   00000071  A$adc\Debug\Library\StdDriver\sr   adc
C:   00000071  C$adc.c$32$1_0$56                  adc
C:   00000073  A$adc\Debug\Library\StdDriver\sr   adc
C:   00000074  A$adc\Debug\Library\StdDriver\sr   adc
C:   00000076  A$adc\Debug\Library\StdDriver\sr   adc
C:   00000076  C$adc.c$33$1_0$56                  adc
C:   00000079  A$adc\Debug\Library\StdDriver\sr   adc
C:   00000079  C$adc.c$34$1_0$56                  adc
C:   00000079  XG$ADC_InitialContinous$0$0        adc
C:   0000007A  A$adc\Debug\Library\StdDriver\sr   adc
C:   0000007A  C$adc.c$45$1_0$58                  adc
C:   0000007A  G$ADC_ConvertTime$0$0              adc
C:   0000007A  _ADC_ConvertTime                   adc
C:   0000007C  A$adc\Debug\Library\StdDriver\sr   adc
C:   0000007C  C$adc.c$47$1_0$58                  adc
C:   0000007F  A$adc\Debug\Library\StdDriver\sr   adc
C:   0000007F  C$adc.c$48$1_0$58                  adc
C:   00000082  A$adc\Debug\Library\StdDriver\sr   adc
C:   00000082  C$adc.c$49$1_0$58                  adc
C:   00000084  A$adc\Debug\Library\StdDriver\sr   adc
C:   00000086  A$adc\Debug\Library\StdDriver\sr   adc
C:   00000087  A$adc\Debug\Library\StdDriver\sr   adc
C:   00000089  A$adc\Debug\Library\StdDriver\sr   adc
C:   0000008A  A$adc\Debug\Library\StdDriver\sr   adc
C:   0000008C  A$adc\Debug\Library\StdDriver\sr   adc
C:   0000008D  A$adc\Debug\Library\StdDriver\sr   adc
C:   0000008F  A$adc\Debug\Library\StdDriver\sr   adc
C:   0000008F  C$adc.c$50$1_0$58                  adc
C:   00000090  A$adc\Debug\Library\StdDriver\sr   adc
C:   00000092  A$adc\Debug\Library\StdDriver\sr   adc
C:   00000094  A$adc\Debug\Library\StdDriver\sr   adc
C:   00000097  A$adc\Debug\Library\StdDriver\sr   adc
C:   00000098  A$adc\Debug\Library\StdDriver\sr   adc
C:   0000009A  A$adc\Debug\Library\StdDriver\sr   adc
C:   0000009B  A$adc\Debug\Library\StdDriver\sr   adc
C:   0000009D  A$adc\Debug\Library\StdDriver\sr   adc
C:   0000009E  A$adc\Debug\Library\StdDriver\sr   adc
C:   000000A0  A$adc\Debug\Library\StdDriver\sr   adc
C:   000000A1  A$adc\Debug\Library\StdDriver\sr   adc
ASxxxx Linker V03.00 + NoICE + sdld,  page 31.
Hexadecimal  [32-Bits]

Area                                    Addr        Size        Decimal Bytes (Attributes)
--------------------------------        ----        ----        ------- ----- ------------
CSEG                                00000066    0000151F =        5407. bytes (REL,CON,CODE)

      Value  Global                              Global Defined In Module
      -----  --------------------------------   ------------------------
C:   000000A3  A$adc\Debug\Library\StdDriver\sr   adc
C:   000000A4  A$adc\Debug\Library\StdDriver\sr   adc
C:   000000C5  A$adc\Debug\Library\StdDriver\sr   adc
C:   000000C5  C$adc.c$60$2_0$59                  adc
C:   000000C5  C$adc.c$61$2_0$59                  adc
C:   000000C8  A$adc\Debug\Library\StdDriver\sr   adc
C:   000000C8  C$adc.c$62$2_0$59                  adc
C:   000000CA  A$adc\Debug\Library\StdDriver\sr   adc
C:   000000CC  A$adc\Debug\Library\StdDriver\sr   adc
C:   000000CE  A$adc\Debug\Library\StdDriver\sr   adc
C:   000000CF  A$adc\Debug\Library\StdDriver\sr   adc
C:   000000D1  A$adc\Debug\Library\StdDriver\sr   adc
C:   000000D2  A$adc\Debug\Library\StdDriver\sr   adc
C:   000000D4  A$adc\Debug\Library\StdDriver\sr   adc
C:   000000D4  C$adc.c$63$2_0$59                  adc
C:   000000D4  C$adc.c$71$2_0$59                  adc
C:   000000D6  A$adc\Debug\Library\StdDriver\sr   adc
C:   000000D6  C$adc.c$72$2_0$59                  adc
C:   000000D9  A$adc\Debug\Library\StdDriver\sr   adc
C:   000000D9  C$adc.c$73$2_0$59                  adc
C:   000000DC  A$adc\Debug\Library\StdDriver\sr   adc
C:   000000DC  C$adc.c$74$2_0$59                  adc
C:   000000DE  A$adc\Debug\Library\StdDriver\sr   adc
C:   000000E0  A$adc\Debug\Library\StdDriver\sr   adc
C:   000000E2  A$adc\Debug\Library\StdDriver\sr   adc
C:   000000E3  A$adc\Debug\Library\StdDriver\sr   adc
C:   000000E5  A$adc\Debug\Library\StdDriver\sr   adc
C:   000000E6  A$adc\Debug\Library\StdDriver\sr   adc
C:   000000E8  A$adc\Debug\Library\StdDriver\sr   adc
C:   000000E8  C$adc.c$76$1_0$58                  adc
C:   000000E8  C$adc.c$77$1_0$58                  adc
C:   000000EB  A$adc\Debug\Library\StdDriver\sr   adc
C:   000000EB  C$adc.c$78$1_0$58                  adc
C:   000000EB  XG$ADC_ConvertTime$0$0             adc
C:   000000EC  A$adc\Debug\Library\StdDriver\sr   adc
C:   000000EC  C$adc.c$86$1_0$60                  adc
C:   000000EC  C$adc.c$90$1_0$60                  adc
C:   000000EC  G$READ_BANDGAP$0$0                 adc
C:   000000EC  _READ_BANDGAP                      adc
C:   000000EF  A$adc\Debug\Library\StdDriver\sr   adc
C:   000000F1  A$adc\Debug\Library\StdDriver\sr   adc
C:   000000F3  A$adc\Debug\Library\StdDriver\sr   adc
C:   000000F5  A$adc\Debug\Library\StdDriver\sr   adc
C:   000000F8  A$adc\Debug\Library\StdDriver\sr   adc
C:   000000FB  A$adc\Debug\Library\StdDriver\sr   adc
C:   000000FE  A$adc\Debug\Library\StdDriver\sr   adc
C:   00000100  A$adc\Debug\Library\StdDriver\sr   adc
C:   00000102  A$adc\Debug\Library\StdDriver\sr   adc
C:   00000102  C$adc.c$91$1_0$60                  adc
C:   00000105  A$adc\Debug\Library\StdDriver\sr   adc
C:   00000105  C$adc.c$92$1_0$60                  adc
ASxxxx Linker V03.00 + NoICE + sdld,  page 32.
Hexadecimal  [32-Bits]

Area                                    Addr        Size        Decimal Bytes (Attributes)
--------------------------------        ----        ----        ------- ----- ------------
CSEG                                00000066    0000151F =        5407. bytes (REL,CON,CODE)

      Value  Global                              Global Defined In Module
      -----  --------------------------------   ------------------------
C:   00000108  A$adc\Debug\Library\StdDriver\sr   adc
C:   00000108  C$adc.c$93$1_0$60                  adc
C:   0000010B  A$adc\Debug\Library\StdDriver\sr   adc
C:   0000010B  C$adc.c$94$1_0$60                  adc
C:   0000010E  A$adc\Debug\Library\StdDriver\sr   adc
C:   00000110  A$adc\Debug\Library\StdDriver\sr   adc
C:   00000112  A$adc\Debug\Library\StdDriver\sr   adc
C:   00000114  A$adc\Debug\Library\StdDriver\sr   adc
C:   00000117  A$adc\Debug\Library\StdDriver\sr   adc
C:   0000011A  A$adc\Debug\Library\StdDriver\sr   adc
C:   0000011D  A$adc\Debug\Library\StdDriver\sr   adc
C:   0000011F  A$adc\Debug\Library\StdDriver\sr   adc
C:   00000121  A$adc\Debug\Library\StdDriver\sr   adc
C:   00000121  C$adc.c$95$1_0$60                  adc
C:   00000123  A$adc\Debug\Library\StdDriver\sr   adc
C:   00000125  A$adc\Debug\Library\StdDriver\sr   adc
C:   00000126  A$adc\Debug\Library\StdDriver\sr   adc
C:   00000126  C$adc.c$96$1_0$60                  adc
C:   00000129  A$adc\Debug\Library\StdDriver\sr   adc
C:   00000129  C$adc.c$97$1_0$60                  adc
C:   0000012C  A$adc\Debug\Library\StdDriver\sr   adc
C:   0000012C  C$adc.c$98$1_0$60                  adc
C:   0000012F  A$adc\Debug\Library\StdDriver\sr   adc
C:   00000131  A$adc\Debug\Library\StdDriver\sr   adc
C:   00000133  A$adc\Debug\Library\StdDriver\sr   adc
C:   00000135  A$adc\Debug\Library\StdDriver\sr   adc
C:   00000138  A$adc\Debug\Library\StdDriver\sr   adc
C:   0000013B  A$adc\Debug\Library\StdDriver\sr   adc
C:   0000013E  A$adc\Debug\Library\StdDriver\sr   adc
C:   00000140  A$adc\Debug\Library\StdDriver\sr   adc
C:   00000142  A$adc\Debug\Library\StdDriver\sr   adc
C:   00000142  C$adc.c$99$1_0$60                  adc
C:   00000144  A$adc\Debug\Library\StdDriver\sr   adc
C:   00000144  C$adc.c$100$1_0$60                 adc
C:   00000145  A$adc\Debug\Library\StdDriver\sr   adc
C:   00000146  A$adc\Debug\Library\StdDriver\sr   adc
C:   00000148  A$adc\Debug\Library\StdDriver\sr   adc
C:   00000149  A$adc\Debug\Library\StdDriver\sr   adc
C:   0000014A  A$adc\Debug\Library\StdDriver\sr   adc
C:   0000014B  A$adc\Debug\Library\StdDriver\sr   adc
C:   0000014C  A$adc\Debug\Library\StdDriver\sr   adc
C:   0000014D  A$adc\Debug\Library\StdDriver\sr   adc
C:   0000014F  A$adc\Debug\Library\StdDriver\sr   adc
C:   00000150  A$adc\Debug\Library\StdDriver\sr   adc
C:   00000151  A$adc\Debug\Library\StdDriver\sr   adc
C:   00000152  A$adc\Debug\Library\StdDriver\sr   adc
C:   00000154  A$adc\Debug\Library\StdDriver\sr   adc
C:   00000155  A$adc\Debug\Library\StdDriver\sr   adc
C:   00000156  A$adc\Debug\Library\StdDriver\sr   adc
C:   00000158  A$adc\Debug\Library\StdDriver\sr   adc
C:   00000159  A$adc\Debug\Library\StdDriver\sr   adc
ASxxxx Linker V03.00 + NoICE + sdld,  page 33.
Hexadecimal  [32-Bits]

Area                                    Addr        Size        Decimal Bytes (Attributes)
--------------------------------        ----        ----        ------- ----- ------------
CSEG                                00000066    0000151F =        5407. bytes (REL,CON,CODE)

      Value  Global                              Global Defined In Module
      -----  --------------------------------   ------------------------
C:   0000015A  A$adc\Debug\Library\StdDriver\sr   adc
C:   0000015C  A$adc\Debug\Library\StdDriver\sr   adc
C:   0000015C  C$adc.c$101$1_0$60                 adc
C:   0000015E  A$adc\Debug\Library\StdDriver\sr   adc
C:   00000160  A$adc\Debug\Library\StdDriver\sr   adc
C:   00000162  A$adc\Debug\Library\StdDriver\sr   adc
C:   00000164  A$adc\Debug\Library\StdDriver\sr   adc
C:   00000167  A$adc\Debug\Library\StdDriver\sr   adc
C:   0000016A  A$adc\Debug\Library\StdDriver\sr   adc
C:   0000016D  A$adc\Debug\Library\StdDriver\sr   adc
C:   0000016F  A$adc\Debug\Library\StdDriver\sr   adc
C:   00000171  A$adc\Debug\Library\StdDriver\sr   adc
C:   00000171  C$adc.c$102$1_0$60                 adc
C:   00000171  C$adc.c$103$1_0$60                 adc
C:   00000171  XG$READ_BANDGAP$0$0                adc
C:   00000172  A$delayebug\Library\StdDriver\sr   delay
C:   00000172  C$delay.c$27$0_0$49                delay
C:   00000172  G$Timer0_Delay$0$0                 delay
C:   00000172  _Timer0_Delay                      delay
C:   00000174  A$delayebug\Library\StdDriver\sr   delay
C:   00000176  A$delayebug\Library\StdDriver\sr   delay
C:   00000178  A$delayebug\Library\StdDriver\sr   delay
C:   00000179  A$delayebug\Library\StdDriver\sr   delay
C:   00000179  C$delay.c$31$1_0$49                delay
C:   0000017C  A$delayebug\Library\StdDriver\sr   delay
C:   0000017C  C$delay.c$32$1_0$49                delay
C:   0000017F  A$delayebug\Library\StdDriver\sr   delay
C:   00000182  A$delayebug\Library\StdDriver\sr   delay
C:   00000182  C$delay.c$33$1_0$49                delay
C:   00000185  A$delayebug\Library\StdDriver\sr   delay
C:   00000188  A$delayebug\Library\StdDriver\sr   delay
C:   0000018B  A$delayebug\Library\StdDriver\sr   delay
C:   0000018B  C$delay.c$34$1_0$49                delay
C:   0000018E  A$delayebug\Library\StdDriver\sr   delay
C:   00000191  A$delayebug\Library\StdDriver\sr   delay
C:   00000194  A$delayebug\Library\StdDriver\sr   delay
C:   00000197  A$delayebug\Library\StdDriver\sr   delay
C:   00000199  A$delayebug\Library\StdDriver\sr   delay
C:   0000019B  A$delayebug\Library\StdDriver\sr   delay
C:   0000019D  A$delayebug\Library\StdDriver\sr   delay
C:   0000019E  A$delayebug\Library\StdDriver\sr   delay
C:   000001A1  A$delayebug\Library\StdDriver\sr   delay
C:   000001A4  A$delayebug\Library\StdDriver\sr   delay
C:   000001A7  A$delayebug\Library\StdDriver\sr   delay
C:   000001AA  A$delayebug\Library\StdDriver\sr   delay
C:   000001AD  A$delayebug\Library\StdDriver\sr   delay
C:   000001B0  A$delayebug\Library\StdDriver\sr   delay
C:   000001B2  A$delayebug\Library\StdDriver\sr   delay
C:   000001B4  A$delayebug\Library\StdDriver\sr   delay
C:   000001B6  A$delayebug\Library\StdDriver\sr   delay
C:   000001B7  A$delayebug\Library\StdDriver\sr   delay
ASxxxx Linker V03.00 + NoICE + sdld,  page 34.
Hexadecimal  [32-Bits]

Area                                    Addr        Size        Decimal Bytes (Attributes)
--------------------------------        ----        ----        ------- ----- ------------
CSEG                                00000066    0000151F =        5407. bytes (REL,CON,CODE)

      Value  Global                              Global Defined In Module
      -----  --------------------------------   ------------------------
C:   000001BA  A$delayebug\Library\StdDriver\sr   delay
C:   000001BB  A$delayebug\Library\StdDriver\sr   delay
C:   000001BD  A$delayebug\Library\StdDriver\sr   delay
C:   000001BF  A$delayebug\Library\StdDriver\sr   delay
C:   000001C1  A$delayebug\Library\StdDriver\sr   delay
C:   000001C3  A$delayebug\Library\StdDriver\sr   delay
C:   000001C5  A$delayebug\Library\StdDriver\sr   delay
C:   000001C7  A$delayebug\Library\StdDriver\sr   delay
C:   000001C8  A$delayebug\Library\StdDriver\sr   delay
C:   000001CB  A$delayebug\Library\StdDriver\sr   delay
C:   000001CD  A$delayebug\Library\StdDriver\sr   delay
C:   000001CF  A$delayebug\Library\StdDriver\sr   delay
C:   000001D1  A$delayebug\Library\StdDriver\sr   delay
C:   000001D2  A$delayebug\Library\StdDriver\sr   delay
C:   000001D4  A$delayebug\Library\StdDriver\sr   delay
C:   000001D6  A$delayebug\Library\StdDriver\sr   delay
C:   000001D7  A$delayebug\Library\StdDriver\sr   delay
C:   000001D8  A$delayebug\Library\StdDriver\sr   delay
C:   000001D9  A$delayebug\Library\StdDriver\sr   delay
C:   000001D9  C$delay.c$35$1_0$49                delay
C:   000001DB  A$delayebug\Library\StdDriver\sr   delay
C:   000001DC  A$delayebug\Library\StdDriver\sr   delay
C:   000001DD  A$delayebug\Library\StdDriver\sr   delay
C:   000001DF  A$delayebug\Library\StdDriver\sr   delay
C:   000001E0  A$delayebug\Library\StdDriver\sr   delay
C:   000001E1  A$delayebug\Library\StdDriver\sr   delay
C:   000001E2  A$delayebug\Library\StdDriver\sr   delay
C:   000001E3  A$delayebug\Library\StdDriver\sr   delay
C:   000001E4  A$delayebug\Library\StdDriver\sr   delay
C:   000001E5  A$delayebug\Library\StdDriver\sr   delay
C:   000001E7  A$delayebug\Library\StdDriver\sr   delay
C:   000001E7  C$delay.c$37$1_0$49                delay
C:   000001E9  A$delayebug\Library\StdDriver\sr   delay
C:   000001EB  A$delayebug\Library\StdDriver\sr   delay
C:   000001EC  A$delayebug\Library\StdDriver\sr   delay
C:   000001ED  A$delayebug\Library\StdDriver\sr   delay
C:   000001EF  A$delayebug\Library\StdDriver\sr   delay
C:   000001EF  C$delay.c$39$2_0$50                delay
C:   000001F1  A$delayebug\Library\StdDriver\sr   delay
C:   000001F1  C$delay.c$40$2_0$50                delay
C:   000001F3  A$delayebug\Library\StdDriver\sr   delay
C:   000001F3  C$delay.c$41$2_0$50                delay
C:   000001F6  A$delayebug\Library\StdDriver\sr   delay
C:   000001F6  C$delay.c$42$2_0$50                delay
C:   000001F9  A$delayebug\Library\StdDriver\sr   delay
C:   000001F9  C$delay.c$43$2_0$50                delay
C:   000001FC  A$delayebug\Library\StdDriver\sr   delay
C:   000001FC  C$delay.c$44$2_0$50                delay
C:   000001FF  A$delayebug\Library\StdDriver\sr   delay
C:   000001FF  C$delay.c$45$2_0$50                delay
C:   00000200  A$delayebug\Library\StdDriver\sr   delay
ASxxxx Linker V03.00 + NoICE + sdld,  page 35.
Hexadecimal  [32-Bits]

Area                                    Addr        Size        Decimal Bytes (Attributes)
--------------------------------        ----        ----        ------- ----- ------------
CSEG                                00000066    0000151F =        5407. bytes (REL,CON,CODE)

      Value  Global                              Global Defined In Module
      -----  --------------------------------   ------------------------
C:   00000203  A$delayebug\Library\StdDriver\sr   delay
C:   00000204  A$delayebug\Library\StdDriver\sr   delay
C:   00000206  A$delayebug\Library\StdDriver\sr   delay
C:   00000206  C$delay.c$48$1_0$49                delay
[...]
C:   00000A1F  A$uartDebug\Library\StdDriver\sr   uart
C:   00000A21  A$uartDebug\Library\StdDriver\sr   uart
C:   00000A22  A$uartDebug\Library\StdDriver\sr   uart
C:   00000A23  A$uartDebug\Library\StdDriver\sr   uart
C:   00000A24  A$uartDebug\Library\StdDriver\sr   uart
C:   00000A25  A$uartDebug\Library\StdDriver\sr   uart
C:   00000A26  A$uartDebug\Library\StdDriver\sr   uart
C:   00000A27  A$uartDebug\Library\StdDriver\sr   uart
C:   00000A29  A$uartDebug\Library\StdDriver\sr   uart
C:   00000A2A  A$uartDebug\Library\StdDriver\sr   uart
C:   00000A2B  A$uartDebug\Library\StdDriver\sr   uart
C:   00000A2D  A$uartDebug\Library\StdDriver\sr   uart
C:   00000A2E  A$uartDebug\Library\StdDriver\sr   uart
C:   00000A2F  A$uartDebug\Library\StdDriver\sr   uart
C:   00000A30  A$uartDebug\Library\StdDriver\sr   uart
C:   00000A31  A$uartDebug\Library\StdDriver\sr   uart
C:   00000A34  A$uartDebug\Library\StdDriver\sr   uart
C:   00000A37  A$uartDebug\Library\StdDriver\sr   uart
C:   00000A3A  A$uartDebug\Library\StdDriver\sr   uart
C:   00000A3D  A$uartDebug\Library\StdDriver\sr   uart
C:   00000A3F  A$uartDebug\Library\StdDriver\sr   uart
C:   00000A41  A$uartDebug\Library\StdDriver\sr   uart
C:   00000A43  A$uartDebug\Library\StdDriver\sr   uart
C:   00000A44  A$uartDebug\Library\StdDriver\sr   uart
C:   00000A47  A$uartDebug\Library\StdDriver\sr   uart
C:   00000A49  A$uartDebug\Library\StdDriver\sr   uart
C:   00000A4B  A$uartDebug\Library\StdDriver\sr   uart
ASxxxx Linker V03.00 + NoICE + sdld,  page 60.
Hexadecimal  [32-Bits]

Area                                    Addr        Size        Decimal Bytes (Attributes)
--------------------------------        ----        ----        ------- ----- ------------
CSEG                                00000066    0000151F =        5407. bytes (REL,CON,CODE)

      Value  Global                              Global Defined In Module
      -----  --------------------------------   ------------------------
C:   00000A4D  A$uartDebug\Library\StdDriver\sr   uart
C:   00000A4E  A$uartDebug\Library\StdDriver\sr   uart
C:   00000A4F  A$uartDebug\Library\StdDriver\sr   uart
C:   00000A50  A$uartDebug\Library\StdDriver\sr   uart
C:   00000A51  A$uartDebug\Library\StdDriver\sr   uart
C:   00000A52  A$uartDebug\Library\StdDriver\sr   uart
C:   00000A53  A$uartDebug\Library\StdDriver\sr   uart
C:   00000A54  A$uartDebug\Library\StdDriver\sr   uart
C:   00000A55  A$uartDebug\Library\StdDriver\sr   uart
C:   00000A57  A$uartDebug\Library\StdDriver\sr   uart
C:   00000A58  A$uartDebug\Library\StdDriver\sr   uart
C:   00000A59  A$uartDebug\Library\StdDriver\sr   uart
C:   00000A5A  A$uartDebug\Library\StdDriver\sr   uart
C:   00000A5B  A$uartDebug\Library\StdDriver\sr   uart
C:   00000A5C  A$uartDebug\Library\StdDriver\sr   uart
C:   00000A5E  A$uartDebug\Library\StdDriver\sr   uart
C:   00000A5E  C$uart.c$95$2_0$63                 uart
C:   00000A5F  A$uartDebug\Library\StdDriver\sr   uart
C:   00000A60  A$uartDebug\Library\StdDriver\sr   uart
C:   00000A61  A$uartDebug\Library\StdDriver\sr   uart
C:   00000A62  A$uartDebug\Library\StdDriver\sr   uart
C:   00000A64  A$uartDebug\Library\StdDriver\sr   uart
C:   00000A64  C$uart.c$96$2_0$63                 uart
C:   00000A67  A$uartDebug\Library\StdDriver\sr   uart
C:   00000A6A  A$uartDebug\Library\StdDriver\sr   uart
C:   00000A6A  C$uart.c$97$2_0$63                 uart
C:   00000A6D  A$uartDebug\Library\StdDriver\sr   uart
C:   00000A70  A$uartDebug\Library\StdDriver\sr   uart
C:   00000A70  C$uart.c$100$1_0$62                uart
C:   00000A70  C$uart.c$99$1_0$62                 uart
C:   00000A70  XG$UART_Open$0$0                   uart
C:   00000A71  A$uartDebug\Library\StdDriver\sr   uart
C:   00000A71  C$uart.c$102$1_0$65                uart
C:   00000A71  G$Receive_Data$0$0                 uart
C:   00000A71  _Receive_Data                      uart
C:   00000A73  A$uartDebug\Library\StdDriver\sr   uart
C:   00000A73  C$uart.c$104$2_0$65                uart
C:   00000A75  A$uartDebug\Library\StdDriver\sr   uart
C:   00000A75  C$uart.c$105$1_0$65                uart
C:   00000A77  A$uartDebug\Library\StdDriver\sr   uart
C:   00000A77  C$uart.c$106$1_0$65                uart
C:   00000A7A  A$uartDebug\Library\StdDriver\sr   uart
C:   00000A7C  A$uartDebug\Library\StdDriver\sr   uart
C:   00000A7C  C$uart.c$109$2_0$66                uart
C:   00000A7F  A$uartDebug\Library\StdDriver\sr   uart
C:   00000A81  A$uartDebug\Library\StdDriver\sr   uart
C:   00000A84  A$uartDebug\Library\StdDriver\sr   uart
C:   00000A84  C$uart.c$110$2_0$66                uart
C:   00000A86  A$uartDebug\Library\StdDriver\sr   uart
C:   00000A86  C$uart.c$111$2_0$66                uart
C:   00000A88  A$uartDebug\Library\StdDriver\sr   uart
ASxxxx Linker V03.00 + NoICE + sdld,  page 61.
Hexadecimal  [32-Bits]

Area                                    Addr        Size        Decimal Bytes (Attributes)
--------------------------------        ----        ----        ------- ----- ------------
CSEG                                00000066    0000151F =        5407. bytes (REL,CON,CODE)

      Value  Global                              Global Defined In Module
      -----  --------------------------------   ------------------------
C:   00000A88  C$uart.c$112$2_0$66                uart
C:   00000A88  C$uart.c$115$2_0$66                uart
C:   00000A8A  A$uartDebug\Library\StdDriver\sr   uart
C:   00000A8D  A$uartDebug\Library\StdDriver\sr   uart
C:   00000A8D  C$uart.c$116$2_0$66                uart
C:   00000A8F  A$uartDebug\Library\StdDriver\sr   uart
C:   00000A8F  C$uart.c$117$2_0$66                uart
C:   00000A91  A$uartDebug\Library\StdDriver\sr   uart
C:   00000A91  C$uart.c$119$1_0$65                uart
C:   00000A91  C$uart.c$121$1_0$65                uart
C:   00000A93  A$uartDebug\Library\StdDriver\sr   uart
C:   00000A93  C$uart.c$122$1_0$65                uart
C:   00000A93  XG$Receive_Data$0$0                uart
C:   00000A94  A$uartDebug\Library\StdDriver\sr   uart
C:   00000A94  C$uart.c$124$1_0$68                uart
C:   00000A94  G$UART_Send_Data$0$0               uart
C:   00000A94  _UART_Send_Data                    uart
C:   00000A96  A$uartDebug\Library\StdDriver\sr   uart
C:   00000A96  C$uart.c$126$1_0$68                uart
C:   00000A98  A$uartDebug\Library\StdDriver\sr   uart
C:   00000A98  C$uart.c$127$1_0$68                uart
C:   00000A9B  A$uartDebug\Library\StdDriver\sr   uart
C:   00000A9B  C$uart.c$128$1_0$68                uart
C:   00000A9E  A$uartDebug\Library\StdDriver\sr   uart
C:   00000AA0  A$uartDebug\Library\StdDriver\sr   uart
C:   00000AA0  C$uart.c$130$2_0$69                uart
C:   00000AA3  A$uartDebug\Library\StdDriver\sr   uart
C:   00000AA5  A$uartDebug\Library\StdDriver\sr   uart
C:   00000AA5  C$uart.c$131$2_0$69                uart
C:   00000AA7  A$uartDebug\Library\StdDriver\sr   uart
C:   00000AA7  C$uart.c$132$2_0$69                uart
C:   00000AAA  A$uartDebug\Library\StdDriver\sr   uart
C:   00000AAA  C$uart.c$133$2_0$69                uart
C:   00000AAD  A$uartDebug\Library\StdDriver\sr   uart
C:   00000AAD  C$uart.c$135$2_0$69                uart
C:   00000AAF  A$uartDebug\Library\StdDriver\sr   uart
C:   00000AAF  C$uart.c$136$2_0$69                uart
C:   00000AB1  A$uartDebug\Library\StdDriver\sr   uart
C:   00000AB1  C$uart.c$137$2_0$69                uart
C:   00000AB4  A$uartDebug\Library\StdDriver\sr   uart
C:   00000AB4  C$uart.c$138$2_0$69                uart
C:   00000AB7  A$uartDebug\Library\StdDriver\sr   uart
C:   00000AB7  C$uart.c$140$1_0$68                uart
C:   00000AB7  C$uart.c$141$1_0$68                uart
C:   00000AB9  A$uartDebug\Library\StdDriver\sr   uart
C:   00000AB9  C$uart.c$142$1_0$68                uart
C:   00000AB9  XG$UART_Send_Data$0$0              uart
C:   00000ABA  A$ADC_simpleSampleCode\RegBased\   ADC_simple
C:   00000ABA  C$ADC_simple.C$26$0_0$60           ADC_simple
C:   00000ABA  G$putchar$0$0                      ADC_simple
C:   00000ABA  _putchar                           ADC_simple
ASxxxx Linker V03.00 + NoICE + sdld,  page 62.
Hexadecimal  [32-Bits]

Area                                    Addr        Size        Decimal Bytes (Attributes)
--------------------------------        ----        ----        ------- ----- ------------
CSEG                                00000066    0000151F =        5407. bytes (REL,CON,CODE)

      Value  Global                              Global Defined In Module
      -----  --------------------------------   ------------------------
C:   00000ABC  A$ADC_simpleSampleCode\RegBased\   ADC_simple
C:   00000ABC  C$ADC_simple.C$27$1_0$60           ADC_simple
C:   00000ABC  C$ADC_simple.C$28$1_0$60           ADC_simple
C:   00000ABF  A$ADC_simpleSampleCode\RegBased\   ADC_simple
C:   00000AC1  A$ADC_simpleSampleCode\RegBased\   ADC_simple
C:   00000AC1  C$ADC_simple.C$29$1_0$60           ADC_simple
C:   00000AC3  A$ADC_simpleSampleCode\RegBased\   ADC_simple
C:   00000AC5  A$ADC_simpleSampleCode\RegBased\   ADC_simple
C:   00000AC7  A$ADC_simpleSampleCode\RegBased\   ADC_simple
C:   00000AC9  A$ADC_simpleSampleCode\RegBased\   ADC_simple
C:   00000AC9  C$ADC_simple.C$30$1_0$60           ADC_simple
C:   00000AC9  XG$putchar$0$0                     ADC_simple
C:   00000ACA  A$ADC_simpleSampleCode\RegBased\   ADC_simple
C:   00000ACA  C$ADC_simple.C$32$1_0$62           ADC_simple
C:   00000ACA  C$ADC_simple.C$41$1_0$62           ADC_simple
C:   00000ACA  G$main$0$0                         ADC_simple
C:   00000ACA  _main                              ADC_simple
C:   00000ACD  A$ADC_simpleSampleCode\RegBased\   ADC_simple
C:   00000AD0  A$ADC_simpleSampleCode\RegBased\   ADC_simple
C:   00000AD0  C$ADC_simple.C$42$1_0$62           ADC_simple
C:   00000AD3  A$ADC_simpleSampleCode\RegBased\   ADC_simple
C:   00000AD6  A$ADC_simpleSampleCode\RegBased\   ADC_simple
C:   00000AD9  A$ADC_simpleSampleCode\RegBased\   ADC_simple
C:   00000AD9  C$ADC_simple.C$43$1_0$62           ADC_simple
C:   00000ADC  A$ADC_simpleSampleCode\RegBased\   ADC_simple
C:   00000ADF  A$ADC_simpleSampleCode\RegBased\   ADC_simple
C:   00000AE2  A$ADC_simpleSampleCode\RegBased\   ADC_simple
C:   00000AE2  C$ADC_simple.C$44$1_0$62           ADC_simple
C:   00000AE5  A$ADC_simpleSampleCode\RegBased\   ADC_simple
C:   00000AE6  A$ADC_simpleSampleCode\RegBased\   ADC_simple
C:   00000AE8  A$ADC_simpleSampleCode\RegBased\   ADC_simple
C:   00000AEB  A$ADC_simpleSampleCode\RegBased\   ADC_simple
C:   00000AEE  A$ADC_simpleSampleCode\RegBased\   ADC_simple
C:   00000AF0  A$ADC_simpleSampleCode\RegBased\   ADC_simple
C:   00000AF3  A$ADC_simpleSampleCode\RegBased\   ADC_simple
C:   00000AF6  A$ADC_simpleSampleCode\RegBased\   ADC_simple
C:   00000AF8  A$ADC_simpleSampleCode\RegBased\   ADC_simple
C:   00000AFB  A$ADC_simpleSampleCode\RegBased\   ADC_simple
C:   00000AFB  C$ADC_simple.C$45$1_0$62           ADC_simple
C:   00000AFE  A$ADC_simpleSampleCode\RegBased\   ADC_simple
C:   00000B00  A$ADC_simpleSampleCode\RegBased\   ADC_simple
C:   00000B00  C$ADC_simple.C$47$1_0$62           ADC_simple
C:   00000B03  A$ADC_simpleSampleCode\RegBased\   ADC_simple
C:   00000B06  A$ADC_simpleSampleCode\RegBased\   ADC_simple
C:   00000B09  A$ADC_simpleSampleCode\RegBased\   ADC_simple
C:   00000B0C  A$ADC_simpleSampleCode\RegBased\   ADC_simple
C:   00000B0F  A$ADC_simpleSampleCode\RegBased\   ADC_simple
C:   00000B12  A$ADC_simpleSampleCode\RegBased\   ADC_simple
C:   00000B15  A$ADC_simpleSampleCode\RegBased\   ADC_simple
C:   00000B18  A$ADC_simpleSampleCode\RegBased\   ADC_simple
C:   00000B1B  A$ADC_simpleSampleCode\RegBased\   ADC_simple
ASxxxx Linker V03.00 + NoICE + sdld,  page 63.
Hexadecimal  [32-Bits]

Area                                    Addr        Size        Decimal Bytes (Attributes)
--------------------------------        ----        ----        ------- ----- ------------
CSEG                                00000066    0000151F =        5407. bytes (REL,CON,CODE)

      Value  Global                              Global Defined In Module
      -----  --------------------------------   ------------------------
C:   00000B1E  A$ADC_simpleSampleCode\RegBased\   ADC_simple
C:   00000B21  A$ADC_simpleSampleCode\RegBased\   ADC_simple
C:   00000B21  C$ADC_simple.C$49$1_0$62           ADC_simple
C:   00000B21  C$ADC_simple.C$51$2_0$63           ADC_simple
C:   00000B24  A$ADC_simpleSampleCode\RegBased\   ADC_simple
C:   00000B27  A$ADC_simpleSampleCode\RegBased\   ADC_simple
C:   00000B2A  A$ADC_simpleSampleCode\RegBased\   ADC_simple
C:   00000B2D  A$ADC_simpleSampleCode\RegBased\   ADC_simple
C:   00000B30  A$ADC_simpleSampleCode\RegBased\   ADC_simple
C:   00000B33  A$ADC_simpleSampleCode\RegBased\   ADC_simple
C:   00000B34  A$ADC_simpleSampleCode\RegBased\   ADC_simple
C:   00000B36  A$ADC_simpleSampleCode\RegBased\   ADC_simple
C:   00000B38  A$ADC_simpleSampleCode\RegBased\   ADC_simple
C:   00000B3B  A$ADC_simpleSampleCode\RegBased\   ADC_simple
C:   00000B3E  A$ADC_simpleSampleCode\RegBased\   ADC_simple
C:   00000B40  A$ADC_simpleSampleCode\RegBased\   ADC_simple
C:   00000B43  A$ADC_simpleSampleCode\RegBased\   ADC_simple
C:   00000B43  C$ADC_simple.C$52$2_0$63           ADC_simple
C:   00000B46  A$ADC_simpleSampleCode\RegBased\   ADC_simple
C:   00000B46  C$ADC_simple.C$53$2_0$63           ADC_simple
C:   00000B49  A$ADC_simpleSampleCode\RegBased\   ADC_simple
C:   00000B49  C$ADC_simple.C$54$2_0$63           ADC_simple
C:   00000B4C  A$ADC_simpleSampleCode\RegBased\   ADC_simple
C:   00000B4C  C$ADC_simple.C$55$2_0$63           ADC_simple
C:   00000B4E  A$ADC_simpleSampleCode\RegBased\   ADC_simple
C:   00000B4F  A$ADC_simpleSampleCode\RegBased\   ADC_simple
C:   00000B50  A$ADC_simpleSampleCode\RegBased\   ADC_simple
C:   00000B52  A$ADC_simpleSampleCode\RegBased\   ADC_simple
C:   00000B53  A$ADC_simpleSampleCode\RegBased\   ADC_simple
C:   00000B54  A$ADC_simpleSampleCode\RegBased\   ADC_simple
C:   00000B55  A$ADC_simpleSampleCode\RegBased\   ADC_simple
C:   00000B56  A$ADC_simpleSampleCode\RegBased\   ADC_simple
C:   00000B57  A$ADC_simpleSampleCode\RegBased\   ADC_simple
C:   00000B59  A$ADC_simpleSampleCode\RegBased\   ADC_simple
C:   00000B5A  A$ADC_simpleSampleCode\RegBased\   ADC_simple
C:   00000B5B  A$ADC_simpleSampleCode\RegBased\   ADC_simple
C:   00000B5C  A$ADC_simpleSampleCode\RegBased\   ADC_simple
C:   00000B5E  A$ADC_simpleSampleCode\RegBased\   ADC_simple
C:   00000B61  A$ADC_simpleSampleCode\RegBased\   ADC_simple
C:   00000B63  A$ADC_simpleSampleCode\RegBased\   ADC_simple
C:   00000B64  A$ADC_simpleSampleCode\RegBased\   ADC_simple
C:   00000B65  A$ADC_simpleSampleCode\RegBased\   ADC_simple
C:   00000B66  A$ADC_simpleSampleCode\RegBased\   ADC_simple
C:   00000B67  A$ADC_simpleSampleCode\RegBased\   ADC_simple
C:   00000B68  A$ADC_simpleSampleCode\RegBased\   ADC_simple
C:   00000B69  A$ADC_simpleSampleCode\RegBased\   ADC_simple
C:   00000B69  C$ADC_simple.C$56$2_0$63           ADC_simple
C:   00000B6B  A$ADC_simpleSampleCode\RegBased\   ADC_simple
C:   00000B6D  A$ADC_simpleSampleCode\RegBased\   ADC_simple
C:   00000B6F  A$ADC_simpleSampleCode\RegBased\   ADC_simple
C:   00000B71  A$ADC_simpleSampleCode\RegBased\   ADC_simple
ASxxxx Linker V03.00 + NoICE + sdld,  page 64.
Hexadecimal  [32-Bits]

Area                                    Addr        Size        Decimal Bytes (Attributes)
--------------------------------        ----        ----        ------- ----- ------------
CSEG                                00000066    0000151F =        5407. bytes (REL,CON,CODE)

      Value  Global                              Global Defined In Module
      -----  --------------------------------   ------------------------
C:   00000B73  A$ADC_simpleSampleCode\RegBased\   ADC_simple
C:   00000B75  A$ADC_simpleSampleCode\RegBased\   ADC_simple
C:   00000B77  A$ADC_simpleSampleCode\RegBased\   ADC_simple
C:   00000B79  A$ADC_simpleSampleCode\RegBased\   ADC_simple
C:   00000B7C  A$ADC_simpleSampleCode\RegBased\   ADC_simple
C:   00000B7E  A$ADC_simpleSampleCode\RegBased\   ADC_simple
C:   00000B80  A$ADC_simpleSampleCode\RegBased\   ADC_simple
C:   00000B82  A$ADC_simpleSampleCode\RegBased\   ADC_simple
C:   00000B82  C$ADC_simple.C$57$2_0$63           ADC_simple
C:   00000B84  A$ADC_simpleSampleCode\RegBased\   ADC_simple
C:   00000B86  A$ADC_simpleSampleCode\RegBased\   ADC_simple
C:   00000B86  C$ADC_simple.C$59$1_0$62           ADC_simple
C:   00000B86  XG$main$0$0                        ADC_simple
C:   00000B87  __divulong                         _divulong
C:   00000BEC  __mullong                          _mullong
C:   00000BEC  __mullong_dummy                    _mullong
C:   00000C69  _vprintf                           vprintf
C:   00000C82  _printf                            vprintf
C:   00000D48  __print_format                     printf_large
C:   00001530  _strlen                            _strlen
C:   00001548  __mulint                           _mulint
C:   00001548  __mulint_dummy                     _mulint
C:   00001565  __gptrget                          _gptrget
C:   00001581  __sdcc_external_startup            _startup

ASxxxx Linker V03.00 + NoICE + sdld,  page 65.
Hexadecimal  [32-Bits]

Area                                    Addr        Size        Decimal Bytes (Attributes)
--------------------------------        ----        ----        ------- ----- ------------
CONST                               00001585    00000020 =          32. bytes (REL,CON,CODE)

      Value  Global                              Global Defined In Module
      -----  --------------------------------   ------------------------
C:   00001585  FADC_simple$__str_0$0_0$0          ADC_simple

ASxxxx Linker V03.00 + NoICE + sdld,  page 66.

Files Linked                              [ module(s) ]

obj\Debug\Library\StdDriver\src\adc.rel   [  ]
obj\Debug\Library\StdDriver\src\delay.rel
                                          [  ]
obj\Debug\Library\StdDriver\src\sys.rel   [  ]
obj\Debug\Library\StdDriver\src\uart.rel  [  ]
obj\Debug\SampleCode\RegBased\ADC_Simple\ADC_simple.rel
                                          [  ]


Libraries Linked                          [ object file ]

C:\Program Files\SDCC\bin\..\lib\small/liblong.lib
                                          [ _divulong.rel ]
C:\Program Files\SDCC\bin\..\lib\small/mcs51.lib
                                          [ crtclear.rel ]
C:\Program Files\SDCC\bin\..\lib\small/mcs51.lib
                                          [ crtxinit.rel ]
C:\Program Files\SDCC\bin\..\lib\small/liblong.lib
                                          [ _mullong.rel ]
C:\Program Files\SDCC\bin\..\lib\small/mcs51.lib
                                          [ crtxclear.rel ]
C:\Program Files\SDCC\bin\..\lib\small/libsdcc.lib
                                          [ vprintf.rel ]
C:\Program Files\SDCC\bin\..\lib\small/libsdcc.lib
                                          [ printf_large.rel ]
C:\Program Files\SDCC\bin\..\lib\small/mcs51.lib
                                          [ crtpagesfr.rel ]
C:\Program Files\SDCC\bin\..\lib\small/libsdcc.lib
                                          [ _strlen.rel ]
C:\Program Files\SDCC\bin\..\lib\small/libint.lib
                                          [ _mulint.rel ]
C:\Program Files\SDCC\bin\..\lib\small/mcs51.lib
                                          [ crtstart.rel ]
C:\Program Files\SDCC\bin\..\lib\small/libsdcc.lib
                                          [ _gptrget.rel ]
C:\Program Files\SDCC\bin\..\lib\small/libsdcc.lib
                                          [ _startup.rel ]
C:\Program Files\SDCC\bin\..\lib\small/libsdcc.lib
                                          [ _bp.rel ]

ASxxxx Linker V03.00 + NoICE + sdld,  page 67.

User Base Address Definitions

HOME = 0x0000
XSEG = 0x0001
PSEG = 0x0001
ISEG = 0x0000
BSEG = 0x0000

