ASxxxx Linker V03.00 + NoICE + sdld,  page 1.
Hexadecimal  [32-Bits]

Area                                    Addr        Size        Decimal Bytes (Attributes)
--------------------------------        ----        ----        ------- ----- ------------
CABS                                00000000    00000000 =           0. bytes (ABS,CON,CODE)

      Value  Global                              Global Defined In Module
      -----  --------------------------------   ------------------------
C:   00000000  l_BIT_BANK                      
C:   00000000  l_CABS                          
C:   00000000  l_GSINIT1                       
C:   00000000  l_GSINIT5                       
C:   00000000  l_IABS                          
C:   00000000  l_PSEG                          
C:   00000000  l_REG_BANK_1                    
C:   00000000  l_REG_BANK_2                    
C:   00000000  l_REG_BANK_3                    
C:   00000000  l_RSEG                          
C:   00000000  l_RSEG0                         
C:   00000000  l_RSEG1                         
C:   00000000  l_XABS                          
C:   00000000  l_XINIT                         
C:   00000000  l_XISEG                         
C:   00000000  l_XSEG                          
C:   00000000  l__CODE                         
C:   00000000  s_BSEG                          
C:   00000000  s_CABS                          
C:   00000000  s_DSEG                          
C:   00000000  s_HOME                          
C:   00000000  s_IABS                          
C:   00000000  s_REG_BANK_0                    
C:   00000000  s_RSEG                          
C:   00000000  s_RSEG0                         
C:   00000000  s_RSEG1                         
C:   00000000  s_XABS                          
C:   00000001  l_BSEG_BYTES                    
C:   00000001  s_PSEG                          
C:   00000001  s_XISEG                         
C:   00000001  s_XSEG                          
C:   00000003  l_GSFINAL                       
C:   00000003  l_GSINIT0                       
C:   00000004  l_BSEG                          
C:   00000004  l_GSINIT                        
C:   00000004  l_OSEG                          
C:   00000006  l_HOME                          
C:   00000006  l_ISEG                          
C:   00000006  s_GSINIT0                       
C:   00000008  l_REG_BANK_0                    
C:   00000008  s_REG_BANK_1                    
C:   00000009  s_GSINIT1                       
C:   00000009  s_GSINIT2                       
C:   0000000A  l_GSINIT2                       
C:   00000010  s_REG_BANK_2                    
C:   00000013  s_GSINIT3                       
C:   00000018  s_BIT_BANK                      
C:   00000018  s_REG_BANK_3                    
C:   0000001A  l_CONST                         
C:   00000020  s_BSEG_BYTES                    
ASxxxx Linker V03.00 + NoICE + sdld,  page 2.
Hexadecimal  [32-Bits]

Area                                    Addr        Size        Decimal Bytes (Attributes)
--------------------------------        ----        ----        ------- ----- ------------
CABS                                00000000    00000000 =           0. bytes (ABS,CON,CODE)

      Value  Global                              Global Defined In Module
      -----  --------------------------------   ------------------------
C:   00000020  s__CODE                         
C:   00000022  l_GSINIT3                       
C:   0000002A  l_GSINIT4                       
C:   00000035  s_GSINIT4                       
C:   0000005D  s_OSEG                          
C:   0000005F  s_GSINIT                        
C:   0000005F  s_GSINIT5                       
C:   00000061  s_ISEG                          
C:   00000063  s_GSFINAL                       
C:   00000066  s_CSEG                          
C:   00000067  s_SSEG                          
C:   00000080  l_DSEG                          
C:   00000099  l_SSEG                          
C:   00000100  l_IRAM                          
C:   000013BB  l_CSEG                          
C:   00001421  s_CONST                         
C:   0000143B  s_XINIT                         

ASxxxx Linker V03.00 + NoICE + sdld,  page 3.
Hexadecimal  [32-Bits]

Area                                    Addr        Size        Decimal Bytes (Attributes)
--------------------------------        ----        ----        ------- ----- ------------
.  .ABS.                            00000000    00000000 =           0. bytes (ABS,CON)

      Value  Global                              Global Defined In Module
      -----  --------------------------------   ------------------------
     00000000  .__.ABS.                           _bp
     00000080  G$MOSI$0_0$0                       PUTCHAR
     00000080  G$P0$0_0$0                         PUTCHAR
     00000080  G$P00$0_0$0                        PUTCHAR
     00000080  _MOSI                              PUTCHAR
     00000080  _P0                                PUTCHAR
     00000080  _P00                               PUTCHAR
     00000081  G$MISO$0_0$0                       PUTCHAR
     00000081  G$P01$0_0$0                        PUTCHAR
     00000081  G$SP$0_0$0                         PUTCHAR
     00000081  _MISO                              PUTCHAR
     00000081  _P01                               PUTCHAR
     00000081  _SP                                PUTCHAR
     00000082  G$DPL$0_0$0                        PUTCHAR
     00000082  G$P02$0_0$0                        PUTCHAR
     00000082  G$RXD_1$0_0$0                      PUTCHAR
     00000082  _DPL                               PUTCHAR
     00000082  _P02                               PUTCHAR
     00000082  _RXD_1                             PUTCHAR
     00000083  G$DPH$0_0$0                        PUTCHAR
     00000083  G$P03$0_0$0                        PUTCHAR
     00000083  _DPH                               PUTCHAR
     00000083  _P03                               PUTCHAR
     00000084  G$ADCBAL$0_0$0                     PUTCHAR
     00000084  G$P04$0_0$0                        PUTCHAR
     00000084  G$RCTRIM0$0_0$0                    PUTCHAR
     00000084  G$STADC$0_0$0                      PUTCHAR
     00000084  _ADCBAL                            PUTCHAR
     00000084  _P04                               PUTCHAR
     00000084  _RCTRIM0                           PUTCHAR
     00000084  _STADC                             PUTCHAR
     00000085  G$ADCBAH$0_0$0                     PUTCHAR
     00000085  G$P05$0_0$0                        PUTCHAR
     00000085  G$RCTRIM1$0_0$0                    PUTCHAR
     00000085  _ADCBAH                            PUTCHAR
     00000085  _P05                               PUTCHAR
     00000085  _RCTRIM1                           PUTCHAR
     00000086  G$ADCCON3$0_0$0                    PUTCHAR
     00000086  G$P06$0_0$0                        PUTCHAR
     00000086  G$RWKL$0_0$0                       PUTCHAR
     00000086  G$TXD$0_0$0                        PUTCHAR
     00000086  _ADCCON3                           PUTCHAR
     00000086  _P06                               PUTCHAR
     00000086  _RWKL                              PUTCHAR
     00000086  _TXD                               PUTCHAR
     00000087  G$P07$0_0$0                        PUTCHAR
     00000087  G$PCON$0_0$0                       PUTCHAR
     00000087  G$RXD$0_0$0                        PUTCHAR
     00000087  _P07                               PUTCHAR
     00000087  _PCON                              PUTCHAR
ASxxxx Linker V03.00 + NoICE + sdld,  page 4.
Hexadecimal  [32-Bits]

Area                                    Addr        Size        Decimal Bytes (Attributes)
--------------------------------        ----        ----        ------- ----- ------------
.  .ABS.                            00000000    00000000 =           0. bytes (ABS,CON)

      Value  Global                              Global Defined In Module
      -----  --------------------------------   ------------------------
     00000087  _RXD                               PUTCHAR
     00000088  G$IT0$0_0$0                        PUTCHAR
     00000088  G$TCON$0_0$0                       PUTCHAR
     00000088  _IT0                               PUTCHAR
     00000088  _TCON                              PUTCHAR
     00000089  G$IE0$0_0$0                        PUTCHAR
     00000089  G$P2M1$0_0$0                       PUTCHAR
     00000089  G$TMOD$0_0$0                       PUTCHAR
     00000089  _IE0                               PUTCHAR
     00000089  _P2M1                              PUTCHAR
     00000089  _TMOD                              PUTCHAR
     0000008A  G$IT1$0_0$0                        PUTCHAR
     0000008A  G$P2M2$0_0$0                       PUTCHAR
     0000008A  G$TL0$0_0$0                        PUTCHAR
     0000008A  _IT1                               PUTCHAR
     0000008A  _P2M2                              PUTCHAR
     0000008A  _TL0                               PUTCHAR
     0000008B  G$IE1$0_0$0                        PUTCHAR
     0000008B  G$P2SR$0_0$0                       PUTCHAR
     0000008B  G$TL1$0_0$0                        PUTCHAR
     0000008B  _IE1                               PUTCHAR
     0000008B  _P2SR                              PUTCHAR
     0000008B  _TL1                               PUTCHAR
     0000008C  G$P2S$0_0$0                        PUTCHAR
     0000008C  G$TH0$0_0$0                        PUTCHAR
     0000008C  G$TR0$0_0$0                        PUTCHAR
     0000008C  _P2S                               PUTCHAR
     0000008C  _TH0                               PUTCHAR
     0000008C  _TR0                               PUTCHAR
     0000008D  G$ADCSN$0_0$0                      PUTCHAR
     0000008D  G$TF0$0_0$0                        PUTCHAR
     0000008D  G$TH1$0_0$0                        PUTCHAR
     0000008D  _ADCSN                             PUTCHAR
     0000008D  _TF0                               PUTCHAR
     0000008D  _TH1                               PUTCHAR
     0000008E  G$ADCCN$0_0$0                      PUTCHAR
     0000008E  G$CKCON$0_0$0                      PUTCHAR
     0000008E  G$TR1$0_0$0                        PUTCHAR
     0000008E  _ADCCN                             PUTCHAR
     0000008E  _CKCON                             PUTCHAR
     0000008E  _TR1                               PUTCHAR
     0000008F  G$ADCSR$0_0$0                      PUTCHAR
     0000008F  G$TF1$0_0$0                        PUTCHAR
     0000008F  G$WKCON$0_0$0                      PUTCHAR
     0000008F  _ADCSR                             PUTCHAR
     0000008F  _TF1                               PUTCHAR
     0000008F  _WKCON                             PUTCHAR
     00000090  G$P1$0_0$0                         PUTCHAR
     00000090  G$P10$0_0$0                        PUTCHAR
     00000090  _P1                                PUTCHAR
     00000090  _P10                               PUTCHAR
ASxxxx Linker V03.00 + NoICE + sdld,  page 5.
Hexadecimal  [32-Bits]

Area                                    Addr        Size        Decimal Bytes (Attributes)
--------------------------------        ----        ----        ------- ----- ------------
.  .ABS.                            00000000    00000000 =           0. bytes (ABS,CON)

      Value  Global                              Global Defined In Module
      -----  --------------------------------   ------------------------
     00000091  G$P11$0_0$0                        PUTCHAR
     00000091  G$SFRS$0_0$0                       PUTCHAR
     00000091  _P11                               PUTCHAR
     00000091  _SFRS                              PUTCHAR
     00000092  G$CAPCON0$0_0$0                    PUTCHAR
     00000092  G$P0UP$0_0$0                       PUTCHAR
     00000092  G$P12$0_0$0                        PUTCHAR
     00000092  _CAPCON0                           PUTCHAR
     00000092  _P0UP                              PUTCHAR
     00000092  _P12                               PUTCHAR
     00000093  G$CAPCON1$0_0$0                    PUTCHAR
     00000093  G$P13$0_0$0                        PUTCHAR
     00000093  G$P1UP$0_0$0                       PUTCHAR
     00000093  G$SCL$0_0$0                        PUTCHAR
     00000093  _CAPCON1                           PUTCHAR
     00000093  _P13                               PUTCHAR
     00000093  _P1UP                              PUTCHAR
     00000093  _SCL                               PUTCHAR
     00000094  G$CAPCON2$0_0$0                    PUTCHAR
     00000094  G$P14$0_0$0                        PUTCHAR
     00000094  G$P2UP$0_0$0                       PUTCHAR
     00000094  G$SDA$0_0$0                        PUTCHAR
     00000094  _CAPCON2                           PUTCHAR
     00000094  _P14                               PUTCHAR
     00000094  _P2UP                              PUTCHAR
     00000094  _SDA                               PUTCHAR
     00000095  G$CKDIV$0_0$0                      PUTCHAR
     00000095  G$P15$0_0$0                        PUTCHAR
     00000095  G$P3UP$0_0$0                       PUTCHAR
     00000095  _CKDIV                             PUTCHAR
     00000095  _P15                               PUTCHAR
     00000095  _P3UP                              PUTCHAR
     00000096  G$CKSWT$0_0$0                      PUTCHAR
     00000096  G$P16$0_0$0                        PUTCHAR
     00000096  G$TXD_1$0_0$0                      PUTCHAR
     00000096  _CKSWT                             PUTCHAR
     00000096  _P16                               PUTCHAR
     00000096  _TXD_1                             PUTCHAR
     00000097  G$CKEN$0_0$0                       PUTCHAR
     00000097  G$P17$0_0$0                        PUTCHAR
     00000097  G$RWKH$0_0$0                       PUTCHAR
     00000097  _CKEN                              PUTCHAR
     00000097  _P17                               PUTCHAR
     00000097  _RWKH                              PUTCHAR
     00000098  G$RI$0_0$0                         PUTCHAR
     00000098  G$SCON$0_0$0                       PUTCHAR
     00000098  _RI                                PUTCHAR
     00000098  _SCON                              PUTCHAR
     00000099  G$AINDIDS1$0_0$0                   PUTCHAR
     00000099  G$SBUF$0_0$0                       PUTCHAR
     00000099  G$TI$0_0$0                         PUTCHAR
ASxxxx Linker V03.00 + NoICE + sdld,  page 6.
Hexadecimal  [32-Bits]

Area                                    Addr        Size        Decimal Bytes (Attributes)
--------------------------------        ----        ----        ------- ----- ------------
.  .ABS.                            00000000    00000000 =           0. bytes (ABS,CON)

      Value  Global                              Global Defined In Module
      -----  --------------------------------   ------------------------
     00000099  _AINDIDS1                          PUTCHAR
     00000099  _SBUF                              PUTCHAR
     00000099  _TI                                PUTCHAR
     0000009A  G$P0DW$0_0$0                       PUTCHAR
     0000009A  G$RB8$0_0$0                        PUTCHAR
     0000009A  G$SBUF_1$0_0$0                     PUTCHAR
     0000009A  _P0DW                              PUTCHAR
     0000009A  _RB8                               PUTCHAR
     0000009A  _SBUF_1                            PUTCHAR
     0000009B  G$EIE$0_0$0                        PUTCHAR
     0000009B  G$P1DW$0_0$0                       PUTCHAR
     0000009B  G$TB8$0_0$0                        PUTCHAR
     0000009B  _EIE                               PUTCHAR
     0000009B  _P1DW                              PUTCHAR
     0000009B  _TB8                               PUTCHAR
     0000009C  G$EIE1$0_0$0                       PUTCHAR
     0000009C  G$P2DW$0_0$0                       PUTCHAR
     0000009C  G$REN$0_0$0                        PUTCHAR
     0000009C  _EIE1                              PUTCHAR
     0000009C  _P2DW                              PUTCHAR
     0000009C  _REN                               PUTCHAR
     0000009D  G$P3DW$0_0$0                       PUTCHAR
     0000009D  G$SM2$0_0$0                        PUTCHAR
     0000009D  _P3DW                              PUTCHAR
     0000009D  _SM2                               PUTCHAR
     0000009E  G$SM1$0_0$0                        PUTCHAR
     0000009E  _SM1                               PUTCHAR
     0000009F  G$CHPCON$0_0$0                     PUTCHAR
     0000009F  G$FE$0_0$0                         PUTCHAR
     0000009F  G$SM0$0_0$0                        PUTCHAR
     0000009F  _CHPCON                            PUTCHAR
     0000009F  _FE                                PUTCHAR
     0000009F  _SM0                               PUTCHAR
     000000A0  G$P2$0_0$0                         PUTCHAR
     000000A0  G$P20$0_0$0                        PUTCHAR
     000000A0  _P2                                PUTCHAR
     000000A0  _P20                               PUTCHAR
     000000A0  __XPAGE                            
     000000A1  G$AUXR2$0_0$0                      PUTCHAR
     000000A1  _AUXR2                             PUTCHAR
     000000A2  G$AUXR1$0_0$0                      PUTCHAR
     000000A2  G$AUXR3$0_0$0                      PUTCHAR
     000000A2  _AUXR1                             PUTCHAR
     000000A2  _AUXR3                             PUTCHAR
     000000A3  G$AUXR4$0_0$0                      PUTCHAR
     000000A3  G$BODCON0$0_0$0                    PUTCHAR
     000000A3  _AUXR4                             PUTCHAR
     000000A3  _BODCON0                           PUTCHAR
     000000A4  G$AUXR5$0_0$0                      PUTCHAR
     000000A4  G$IAPTRG$0_0$0                     PUTCHAR
     000000A4  _AUXR5                             PUTCHAR
ASxxxx Linker V03.00 + NoICE + sdld,  page 7.
Hexadecimal  [32-Bits]

Area                                    Addr        Size        Decimal Bytes (Attributes)
--------------------------------        ----        ----        ------- ----- ------------
.  .ABS.                            00000000    00000000 =           0. bytes (ABS,CON)

      Value  Global                              Global Defined In Module
      -----  --------------------------------   ------------------------
     000000A4  _IAPTRG                            PUTCHAR
     000000A5  G$AUXR6$0_0$0                      PUTCHAR
     000000A5  G$IAPUEN$0_0$0                     PUTCHAR
     000000A5  _AUXR6                             PUTCHAR
     000000A5  _IAPUEN                            PUTCHAR
     000000A6  G$AUXR7$0_0$0                      PUTCHAR
     000000A6  G$IAPAL$0_0$0                      PUTCHAR
     000000A6  _AUXR7                             PUTCHAR
     000000A6  _IAPAL                             PUTCHAR
     000000A7  G$AUXR8$0_0$0                      PUTCHAR
     000000A7  G$IAPAH$0_0$0                      PUTCHAR
     000000A7  _AUXR8                             PUTCHAR
     000000A7  _IAPAH                             PUTCHAR
     000000A8  G$EX0$0_0$0                        PUTCHAR
     000000A8  G$IE$0_0$0                         PUTCHAR
     000000A8  _EX0                               PUTCHAR
     000000A8  _IE                                PUTCHAR
     000000A9  G$ET0$0_0$0                        PUTCHAR
     000000A9  G$PWM1PH$0_0$0                     PUTCHAR
     000000A9  G$SADDR$0_0$0                      PUTCHAR
     000000A9  _ET0                               PUTCHAR
     000000A9  _PWM1PH                            PUTCHAR
     000000A9  _SADDR                             PUTCHAR
     000000AA  G$EX1$0_0$0                        PUTCHAR
     000000AA  G$PWM1C0H$0_0$0                    PUTCHAR
     000000AA  G$WDCON$0_0$0                      PUTCHAR
     000000AA  _EX1                               PUTCHAR
     000000AA  _PWM1C0H                           PUTCHAR
     000000AA  _WDCON                             PUTCHAR
     000000AB  G$BODCON1$0_0$0                    PUTCHAR
     000000AB  G$ET1$0_0$0                        PUTCHAR
     000000AB  G$PWM1C1H$0_0$0                    PUTCHAR
     000000AB  _BODCON1                           PUTCHAR
     000000AB  _ET1                               PUTCHAR
     000000AB  _PWM1C1H                           PUTCHAR
     000000AC  G$ES$0_0$0                         PUTCHAR
     000000AC  G$P3M1$0_0$0                       PUTCHAR
     000000AC  G$P3S$0_0$0                        PUTCHAR
     000000AC  G$PWM1MD$0_0$0                     PUTCHAR
     000000AC  _ES                                PUTCHAR
     000000AC  _P3M1                              PUTCHAR
     000000AC  _P3S                               PUTCHAR
     000000AC  _PWM1MD                            PUTCHAR
     000000AD  G$EBOD$0_0$0                       PUTCHAR
     000000AD  G$P3M2$0_0$0                       PUTCHAR
     000000AD  G$P3SR$0_0$0                       PUTCHAR
     000000AD  G$PWM1MEN$0_0$0                    PUTCHAR
     000000AD  _EBOD                              PUTCHAR
     000000AD  _P3M2                              PUTCHAR
     000000AD  _P3SR                              PUTCHAR
     000000AD  _PWM1MEN                           PUTCHAR
ASxxxx Linker V03.00 + NoICE + sdld,  page 8.
Hexadecimal  [32-Bits]

Area                                    Addr        Size        Decimal Bytes (Attributes)
--------------------------------        ----        ----        ------- ----- ------------
.  .ABS.                            00000000    00000000 =           0. bytes (ABS,CON)

      Value  Global                              Global Defined In Module
      -----  --------------------------------   ------------------------
     000000AE  G$EADC$0_0$0                       PUTCHAR
     000000AE  G$IAPFD$0_0$0                      PUTCHAR
     000000AE  _EADC                              PUTCHAR
     000000AE  _IAPFD                             PUTCHAR
     000000AF  G$EA$0_0$0                         PUTCHAR
     000000AF  G$IAPCN$0_0$0                      PUTCHAR
     000000AF  _EA                                PUTCHAR
     000000AF  _IAPCN                             PUTCHAR
     000000B0  G$P3$0_0$0                         PUTCHAR
     000000B0  G$P30$0_0$0                        PUTCHAR
     000000B0  _P3                                PUTCHAR
     000000B0  _P30                               PUTCHAR
     000000B1  G$P0M1$0_0$0                       PUTCHAR
     000000B1  G$P0S$0_0$0                        PUTCHAR
     000000B1  G$P31$0_0$0                        PUTCHAR
     000000B1  G$PWM1PL$0_0$0                     PUTCHAR
     000000B1  _P0M1                              PUTCHAR
     000000B1  _P0S                               PUTCHAR
     000000B1  _P31                               PUTCHAR
     000000B1  _PWM1PL                            PUTCHAR
     000000B2  G$P0M2$0_0$0                       PUTCHAR
     000000B2  G$P0SR$0_0$0                       PUTCHAR
     000000B2  G$P32$0_0$0                        PUTCHAR
     000000B2  G$PWM1C0L$0_0$0                    PUTCHAR
     000000B2  _P0M2                              PUTCHAR
     000000B2  _P0SR                              PUTCHAR
     000000B2  _P32                               PUTCHAR
     000000B2  _PWM1C0L                           PUTCHAR
     000000B3  G$P1M1$0_0$0                       PUTCHAR
     000000B3  G$P1S$0_0$0                        PUTCHAR
     000000B3  G$P33$0_0$0                        PUTCHAR
     000000B3  G$PWM1C1L$0_0$0                    PUTCHAR
     000000B3  _P1M1                              PUTCHAR
     000000B3  _P1S                               PUTCHAR
     000000B3  _P33                               PUTCHAR
     000000B3  _PWM1C1L                           PUTCHAR
     000000B4  G$P1M2$0_0$0                       PUTCHAR
     000000B4  G$P1SR$0_0$0                       PUTCHAR
     000000B4  G$P34$0_0$0                        PUTCHAR
     000000B4  G$PWM1CON0$0_0$0                   PUTCHAR
     000000B4  _P1M2                              PUTCHAR
     000000B4  _P1SR                              PUTCHAR
     000000B4  _P34                               PUTCHAR
     000000B4  _PWM1CON0                          PUTCHAR
     000000B5  G$P35$0_0$0                        PUTCHAR
     000000B5  G$PWM1CON1$0_0$0                   PUTCHAR
     000000B5  G$TOE$0_0$0                        PUTCHAR
     000000B5  _P35                               PUTCHAR
     000000B5  _PWM1CON1                          PUTCHAR
     000000B5  _TOE                               PUTCHAR
     000000B6  G$P36$0_0$0                        PUTCHAR
ASxxxx Linker V03.00 + NoICE + sdld,  page 9.
Hexadecimal  [32-Bits]

Area                                    Addr        Size        Decimal Bytes (Attributes)
--------------------------------        ----        ----        ------- ----- ------------
.  .ABS.                            00000000    00000000 =           0. bytes (ABS,CON)

      Value  Global                              Global Defined In Module
      -----  --------------------------------   ------------------------
     000000B6  G$PWM1INTC$0_0$0                   PUTCHAR
     000000B6  _P36                               PUTCHAR
     000000B6  _PWM1INTC                          PUTCHAR
     000000B7  G$IPH$0_0$0                        PUTCHAR
     000000B7  G$P37$0_0$0                        PUTCHAR
     000000B7  G$PIOCON2$0_0$0                    PUTCHAR
     000000B7  G$PWM0INTC$0_0$0                   PUTCHAR
     000000B7  _IPH                               PUTCHAR
     000000B7  _P37                               PUTCHAR
     000000B7  _PIOCON2                           PUTCHAR
     000000B7  _PWM0INTC                          PUTCHAR
     000000B8  G$IP$0_0$0                         PUTCHAR
     000000B8  G$PX0$0_0$0                        PUTCHAR
     000000B8  _IP                                PUTCHAR
     000000B8  _PX0                               PUTCHAR
     000000B9  G$PT0$0_0$0                        PUTCHAR
     000000B9  G$PWM2PH$0_0$0                     PUTCHAR
     000000B9  G$SADEN$0_0$0                      PUTCHAR
     000000B9  _PT0                               PUTCHAR
     000000B9  _PWM2PH                            PUTCHAR
     000000B9  _SADEN                             PUTCHAR
     000000BA  G$PWM2C0H$0_0$0                    PUTCHAR
     000000BA  G$PX1$0_0$0                        PUTCHAR
     000000BA  G$SADEN_1$0_0$0                    PUTCHAR
     000000BA  _PWM2C0H                           PUTCHAR
     000000BA  _PX1                               PUTCHAR
     000000BA  _SADEN_1                           PUTCHAR
     000000BB  G$PT1$0_0$0                        PUTCHAR
     000000BB  G$PWM2C1H$0_0$0                    PUTCHAR
     000000BB  G$SADDR_1$0_0$0                    PUTCHAR
     000000BB  _PT1                               PUTCHAR
     000000BB  _PWM2C1H                           PUTCHAR
     000000BB  _SADDR_1                           PUTCHAR
     000000BC  G$I2DAT$0_0$0                      PUTCHAR
     000000BC  G$PS$0_0$0                         PUTCHAR
     000000BC  G$PWM2MD$0_0$0                     PUTCHAR
     000000BC  _I2DAT                             PUTCHAR
     000000BC  _PS                                PUTCHAR
     000000BC  _PWM2MD                            PUTCHAR
     000000BD  G$I2STAT$0_0$0                     PUTCHAR
     000000BD  G$PBOD$0_0$0                       PUTCHAR
     000000BD  G$PWM2MEN$0_0$0                    PUTCHAR
     000000BD  _I2STAT                            PUTCHAR
     000000BD  _PBOD                              PUTCHAR
     000000BD  _PWM2MEN                           PUTCHAR
     000000BE  G$I2CLK$0_0$0                      PUTCHAR
     000000BE  G$PADC$0_0$0                       PUTCHAR
     000000BE  _I2CLK                             PUTCHAR
     000000BE  _PADC                              PUTCHAR
     000000BF  G$I2TOC$0_0$0                      PUTCHAR
     000000BF  _I2TOC                             PUTCHAR
ASxxxx Linker V03.00 + NoICE + sdld,  page 10.
Hexadecimal  [32-Bits]

Area                                    Addr        Size        Decimal Bytes (Attributes)
--------------------------------        ----        ----        ------- ----- ------------
.  .ABS.                            00000000    00000000 =           0. bytes (ABS,CON)

      Value  Global                              Global Defined In Module
      -----  --------------------------------   ------------------------
     000000C0  G$I2CON$0_0$0                      PUTCHAR
     000000C0  G$I2CPX$0_0$0                      PUTCHAR
     000000C0  _I2CON                             PUTCHAR
     000000C0  _I2CPX                             PUTCHAR
     000000C1  G$I2ADDR$0_0$0                     PUTCHAR
     000000C1  G$PWM2PL$0_0$0                     PUTCHAR
     000000C1  _I2ADDR                            PUTCHAR
     000000C1  _PWM2PL                            PUTCHAR
     000000C2  G$AA$0_0$0                         PUTCHAR
     000000C2  G$ADCRL$0_0$0                      PUTCHAR
     000000C2  G$PWM2C0L$0_0$0                    PUTCHAR
     000000C2  _AA                                PUTCHAR
     000000C2  _ADCRL                             PUTCHAR
     000000C2  _PWM2C0L                           PUTCHAR
     000000C3  G$ADCRH$0_0$0                      PUTCHAR
     000000C3  G$PWM2C1L$0_0$0                    PUTCHAR
     000000C3  G$SI$0_0$0                         PUTCHAR
     000000C3  _ADCRH                             PUTCHAR
     000000C3  _PWM2C1L                           PUTCHAR
     000000C3  _SI                                PUTCHAR
     000000C4  G$PWM0C4H$0_0$0                    PUTCHAR
     000000C4  G$PWM2CON0$0_0$0                   PUTCHAR
     000000C4  G$STO$0_0$0                        PUTCHAR
     000000C4  G$T3CON$0_0$0                      PUTCHAR
     000000C4  _PWM0C4H                           PUTCHAR
     000000C4  _PWM2CON0                          PUTCHAR
     000000C4  _STO                               PUTCHAR
     000000C4  _T3CON                             PUTCHAR
     000000C5  G$PWM0C5H$0_0$0                    PUTCHAR
     000000C5  G$PWM2CON1$0_0$0                   PUTCHAR
     000000C5  G$RL3$0_0$0                        PUTCHAR
     000000C5  G$STA$0_0$0                        PUTCHAR
     000000C5  _PWM0C5H                           PUTCHAR
     000000C5  _PWM2CON1                          PUTCHAR
     000000C5  _RL3                               PUTCHAR
     000000C5  _STA                               PUTCHAR
     000000C6  G$I2CEN$0_0$0                      PUTCHAR
     000000C6  G$PIOCON1$0_0$0                    PUTCHAR
     000000C6  G$PWM2INTC$0_0$0                   PUTCHAR
     000000C6  G$RH3$0_0$0                        PUTCHAR
     000000C6  _I2CEN                             PUTCHAR
     000000C6  _PIOCON1                           PUTCHAR
     000000C6  _PWM2INTC                          PUTCHAR
     000000C6  _RH3                               PUTCHAR
     000000C7  G$TA$0_0$0                         PUTCHAR
     000000C7  _TA                                PUTCHAR
     000000C8  G$CM_RL2$0_0$0                     PUTCHAR
     000000C8  G$T2CON$0_0$0                      PUTCHAR
     000000C8  _CM_RL2                            PUTCHAR
     000000C8  _T2CON                             PUTCHAR
     000000C9  G$PWM3PH$0_0$0                     PUTCHAR
ASxxxx Linker V03.00 + NoICE + sdld,  page 11.
Hexadecimal  [32-Bits]

Area                                    Addr        Size        Decimal Bytes (Attributes)
--------------------------------        ----        ----        ------- ----- ------------
.  .ABS.                            00000000    00000000 =           0. bytes (ABS,CON)

      Value  Global                              Global Defined In Module
      -----  --------------------------------   ------------------------
     000000C9  G$T2MOD$0_0$0                      PUTCHAR
     000000C9  _PWM3PH                            PUTCHAR
     000000C9  _T2MOD                             PUTCHAR
     000000CA  G$PWM3C0H$0_0$0                    PUTCHAR
     000000CA  G$RCMP2L$0_0$0                     PUTCHAR
     000000CA  G$TR2$0_0$0                        PUTCHAR
     000000CA  _PWM3C0H                           PUTCHAR
     000000CA  _RCMP2L                            PUTCHAR
     000000CA  _TR2                               PUTCHAR
     000000CB  G$PWM3C1H$0_0$0                    PUTCHAR
     000000CB  G$RCMP2H$0_0$0                     PUTCHAR
     000000CB  _PWM3C1H                           PUTCHAR
     000000CB  _RCMP2H                            PUTCHAR
     000000CC  G$PWM0C4L$0_0$0                    PUTCHAR
     000000CC  G$PWM3MD$0_0$0                     PUTCHAR
     000000CC  G$TL2$0_0$0                        PUTCHAR
     000000CC  _PWM0C4L                           PUTCHAR
     000000CC  _PWM3MD                            PUTCHAR
     000000CC  _TL2                               PUTCHAR
     000000CD  G$PWM0C5L$0_0$0                    PUTCHAR
     000000CD  G$PWM3MEN$0_0$0                    PUTCHAR
     000000CD  G$TH2$0_0$0                        PUTCHAR
     000000CD  _PWM0C5L                           PUTCHAR
     000000CD  _PWM3MEN                           PUTCHAR
     000000CD  _TH2                               PUTCHAR
     000000CE  G$ADCMPL$0_0$0                     PUTCHAR
     000000CE  G$EIP2$0_0$0                       PUTCHAR
     000000CE  _ADCMPL                            PUTCHAR
     000000CE  _EIP2                              PUTCHAR
     000000CF  G$ADCMPH$0_0$0                     PUTCHAR
     000000CF  G$EIPH2$0_0$0                      PUTCHAR
     000000CF  G$TF2$0_0$0                        PUTCHAR
     000000CF  _ADCMPH                            PUTCHAR
     000000CF  _EIPH2                             PUTCHAR
     000000CF  _TF2                               PUTCHAR
     000000D0  G$P$0_0$0                          PUTCHAR
     000000D0  G$PSW$0_0$0                        PUTCHAR
     000000D0  _P                                 PUTCHAR
     000000D0  _PSW                               PUTCHAR
     000000D1  G$PWM0PH$0_0$0                     PUTCHAR
     000000D1  G$PWM3PL$0_0$0                     PUTCHAR
     000000D1  _PWM0PH                            PUTCHAR
     000000D1  _PWM3PL                            PUTCHAR
     000000D2  G$OV$0_0$0                         PUTCHAR
     000000D2  G$PWM0C0H$0_0$0                    PUTCHAR
     000000D2  G$PWM3C0L$0_0$0                    PUTCHAR
     000000D2  _OV                                PUTCHAR
     000000D2  _PWM0C0H                           PUTCHAR
     000000D2  _PWM3C0L                           PUTCHAR
     000000D3  G$PWM0C1H$0_0$0                    PUTCHAR
     000000D3  G$PWM3C1L$0_0$0                    PUTCHAR
ASxxxx Linker V03.00 + NoICE + sdld,  page 12.
Hexadecimal  [32-Bits]

Area                                    Addr        Size        Decimal Bytes (Attributes)
--------------------------------        ----        ----        ------- ----- ------------
.  .ABS.                            00000000    00000000 =           0. bytes (ABS,CON)

      Value  Global                              Global Defined In Module
      -----  --------------------------------   ------------------------
     000000D3  G$RS0$0_0$0                        PUTCHAR
     000000D3  _PWM0C1H                           PUTCHAR
     000000D3  _PWM3C1L                           PUTCHAR
     000000D3  _RS0                               PUTCHAR
     000000D4  G$PWM0C2H$0_0$0                    PUTCHAR
     000000D4  G$PWM3CON0$0_0$0                   PUTCHAR
     000000D4  G$RS1$0_0$0                        PUTCHAR
     000000D4  _PWM0C2H                           PUTCHAR
     000000D4  _PWM3CON0                          PUTCHAR
     000000D4  _RS1                               PUTCHAR
     000000D5  G$F0$0_0$0                         PUTCHAR
     000000D5  G$PWM0C3H$0_0$0                    PUTCHAR
     000000D5  G$PWM3CON1$0_0$0                   PUTCHAR
     000000D5  _F0                                PUTCHAR
     000000D5  _PWM0C3H                           PUTCHAR
     000000D5  _PWM3CON1                          PUTCHAR
     000000D6  G$AC$0_0$0                         PUTCHAR
     000000D6  G$PNP$0_0$0                        PUTCHAR
     000000D6  G$PWM3INTC$0_0$0                   PUTCHAR
     000000D6  _AC                                PUTCHAR
     000000D6  _PNP                               PUTCHAR
     000000D6  _PWM3INTC                          PUTCHAR
     000000D7  G$CY$0_0$0                         PUTCHAR
     000000D7  G$PWM0FBD$0_0$0                    PUTCHAR
     000000D7  G$XTLCON$0_0$0                     PUTCHAR
     000000D7  _CY                                PUTCHAR
     000000D7  _PWM0FBD                           PUTCHAR
     000000D7  _XTLCON                            PUTCHAR
     000000D8  G$PWM0CON0$0_0$0                   PUTCHAR
     000000D8  _PWM0CON0                          PUTCHAR
     000000D9  G$PWM0PL$0_0$0                     PUTCHAR
     000000D9  G$SC0DR$0_0$0                      PUTCHAR
     000000D9  _PWM0PL                            PUTCHAR
     000000D9  _SC0DR                             PUTCHAR
     000000DA  G$PWM0C0L$0_0$0                    PUTCHAR
     000000DA  G$SC0EGT$0_0$0                     PUTCHAR
     000000DA  _PWM0C0L                           PUTCHAR
     000000DA  _SC0EGT                            PUTCHAR
     000000DB  G$PWM0C1L$0_0$0                    PUTCHAR
     000000DB  G$SC0ETURD0$0_0$0                  PUTCHAR
     000000DB  _PWM0C1L                           PUTCHAR
     000000DB  _SC0ETURD0                         PUTCHAR
     000000DC  G$CLRPWM$0_0$0                     PUTCHAR
     000000DC  G$PWM0C2L$0_0$0                    PUTCHAR
     000000DC  G$SC0ETURD1$0_0$0                  PUTCHAR
     000000DC  _CLRPWM                            PUTCHAR
     000000DC  _PWM0C2L                           PUTCHAR
     000000DC  _SC0ETURD1                         PUTCHAR
     000000DD  G$PWM0C3L$0_0$0                    PUTCHAR
     000000DD  G$PWMF$0_0$0                       PUTCHAR
     000000DD  G$SC0IE$0_0$0                      PUTCHAR
ASxxxx Linker V03.00 + NoICE + sdld,  page 13.
Hexadecimal  [32-Bits]

Area                                    Addr        Size        Decimal Bytes (Attributes)
--------------------------------        ----        ----        ------- ----- ------------
.  .ABS.                            00000000    00000000 =           0. bytes (ABS,CON)

      Value  Global                              Global Defined In Module
      -----  --------------------------------   ------------------------
     000000DD  _PWM0C3L                           PUTCHAR
     000000DD  _PWMF                              PUTCHAR
     000000DD  _SC0IE                             PUTCHAR
     000000DE  G$LOAD$0_0$0                       PUTCHAR
     000000DE  G$PIOCON0$0_0$0                    PUTCHAR
     000000DE  G$SC0IS$0_0$0                      PUTCHAR
     000000DE  _LOAD                              PUTCHAR
     000000DE  _PIOCON0                           PUTCHAR
     000000DE  _SC0IS                             PUTCHAR
     000000DF  G$PWM0CON1$0_0$0                   PUTCHAR
     000000DF  G$PWMRUN$0_0$0                     PUTCHAR
     000000DF  G$SC0TSR$0_0$0                     PUTCHAR
     000000DF  _PWM0CON1                          PUTCHAR
     000000DF  _PWMRUN                            PUTCHAR
     000000DF  _SC0TSR                            PUTCHAR
     000000E0  G$ACC$0_0$0                        PUTCHAR
     000000E0  _ACC                               PUTCHAR
     000000E1  G$ADCCON1$0_0$0                    PUTCHAR
     000000E1  G$SC1DR$0_0$0                      PUTCHAR
     000000E1  _ADCCON1                           PUTCHAR
     000000E1  _SC1DR                             PUTCHAR
     000000E2  G$ADCCON2$0_0$0                    PUTCHAR
     000000E2  G$SC1EGT$0_0$0                     PUTCHAR
     000000E2  _ADCCON2                           PUTCHAR
     000000E2  _SC1EGT                            PUTCHAR
     000000E3  G$ADCDLY$0_0$0                     PUTCHAR
     000000E3  G$SC1ETURD0$0_0$0                  PUTCHAR
     000000E3  _ADCDLY                            PUTCHAR
     000000E3  _SC1ETURD0                         PUTCHAR
     000000E4  G$C0L$0_0$0                        PUTCHAR
     000000E4  G$SC1ETURD1$0_0$0                  PUTCHAR
     000000E4  _C0L                               PUTCHAR
     000000E4  _SC1ETURD1                         PUTCHAR
     000000E5  G$C0H$0_0$0                        PUTCHAR
     000000E5  G$SC1IE$0_0$0                      PUTCHAR
     000000E5  _C0H                               PUTCHAR
     000000E5  _SC1IE                             PUTCHAR
     000000E6  G$C1L$0_0$0                        PUTCHAR
     000000E6  G$SC1IS$0_0$0                      PUTCHAR
     000000E6  _C1L                               PUTCHAR
     000000E6  _SC1IS                             PUTCHAR
     000000E7  G$C1H$0_0$0                        PUTCHAR
     000000E7  G$SC1TSR$0_0$0                     PUTCHAR
     000000E7  _C1H                               PUTCHAR
     000000E7  _SC1TSR                            PUTCHAR
     000000E8  G$ADCCON0$0_0$0                    PUTCHAR
     000000E8  G$ADCHS0$0_0$0                     PUTCHAR
     000000E8  _ADCCON0                           PUTCHAR
     000000E8  _ADCHS0                            PUTCHAR
     000000E9  G$ADCHS1$0_0$0                     PUTCHAR
     000000E9  G$PICON$0_0$0                      PUTCHAR
ASxxxx Linker V03.00 + NoICE + sdld,  page 14.
Hexadecimal  [32-Bits]

Area                                    Addr        Size        Decimal Bytes (Attributes)
--------------------------------        ----        ----        ------- ----- ------------
.  .ABS.                            00000000    00000000 =           0. bytes (ABS,CON)

      Value  Global                              Global Defined In Module
      -----  --------------------------------   ------------------------
     000000E9  G$SC2DR$0_0$0                      PUTCHAR
     000000E9  _ADCHS1                            PUTCHAR
     000000E9  _PICON                             PUTCHAR
     000000E9  _SC2DR                             PUTCHAR
     000000EA  G$ADCHS2$0_0$0                     PUTCHAR
     000000EA  G$PINEN$0_0$0                      PUTCHAR
     000000EA  G$SC2EGT$0_0$0                     PUTCHAR
     000000EA  _ADCHS2                            PUTCHAR
     000000EA  _PINEN                             PUTCHAR
     000000EA  _SC2EGT                            PUTCHAR
     000000EB  G$ADCHS3$0_0$0                     PUTCHAR
     000000EB  G$PIPEN$0_0$0                      PUTCHAR
     000000EB  G$SC2ETURD0$0_0$0                  PUTCHAR
     000000EB  _ADCHS3                            PUTCHAR
     000000EB  _PIPEN                             PUTCHAR
     000000EB  _SC2ETURD0                         PUTCHAR
     000000EC  G$ETGSEL0$0_0$0                    PUTCHAR
     000000EC  G$PIF$0_0$0                        PUTCHAR
     000000EC  G$SC2ETURD1$0_0$0                  PUTCHAR
     000000EC  _ETGSEL0                           PUTCHAR
     000000EC  _PIF                               PUTCHAR
     000000EC  _SC2ETURD1                         PUTCHAR
     000000ED  G$C2L$0_0$0                        PUTCHAR
     000000ED  G$ETGSEL1$0_0$0                    PUTCHAR
     000000ED  G$SC2IE$0_0$0                      PUTCHAR
     000000ED  _C2L                               PUTCHAR
     000000ED  _ETGSEL1                           PUTCHAR
     000000ED  _SC2IE                             PUTCHAR
     000000EE  G$ADCS$0_0$0                       PUTCHAR
     000000EE  G$C2H$0_0$0                        PUTCHAR
     000000EE  G$SC2IS$0_0$0                      PUTCHAR
     000000EE  _ADCS                              PUTCHAR
     000000EE  _C2H                               PUTCHAR
     000000EE  _SC2IS                             PUTCHAR
     000000EF  G$ADCF$0_0$0                       PUTCHAR
     000000EF  G$EIP$0_0$0                        PUTCHAR
     000000EF  G$SC2TSR$0_0$0                     PUTCHAR
     000000EF  _ADCF                              PUTCHAR
     000000EF  _EIP                               PUTCHAR
     000000EF  _SC2TSR                            PUTCHAR
     000000F0  G$B$0_0$0                          PUTCHAR
     000000F0  _B                                 PUTCHAR
     000000F1  G$CAPCON3$0_0$0                    PUTCHAR
     000000F1  G$SC0CR0$0_0$0                     PUTCHAR
     000000F1  _CAPCON3                           PUTCHAR
     000000F1  _SC0CR0                            PUTCHAR
     000000F2  G$CAPCON4$0_0$0                    PUTCHAR
     000000F2  G$SC0CR1$0_0$0                     PUTCHAR
     000000F2  _CAPCON4                           PUTCHAR
     000000F2  _SC0CR1                            PUTCHAR
     000000F3  G$SC1CR0$0_0$0                     PUTCHAR
ASxxxx Linker V03.00 + NoICE + sdld,  page 15.
Hexadecimal  [32-Bits]

Area                                    Addr        Size        Decimal Bytes (Attributes)
--------------------------------        ----        ----        ------- ----- ------------
.  .ABS.                            00000000    00000000 =           0. bytes (ABS,CON)

      Value  Global                              Global Defined In Module
      -----  --------------------------------   ------------------------
     000000F3  G$SPCR$0_0$0                       PUTCHAR
     000000F3  G$SPCR2$0_0$0                      PUTCHAR
     000000F3  _SC1CR0                            PUTCHAR
     000000F3  _SPCR                              PUTCHAR
     000000F3  _SPCR2                             PUTCHAR
     000000F4  G$SC1CR1$0_0$0                     PUTCHAR
     000000F4  G$SPSR$0_0$0                       PUTCHAR
     000000F4  _SC1CR1                            PUTCHAR
     000000F4  _SPSR                              PUTCHAR
     000000F5  G$SC2CR0$0_0$0                     PUTCHAR
     000000F5  G$SPDR$0_0$0                       PUTCHAR
     000000F5  _B_5                               _gptrget
     000000F5  _SC2CR0                            PUTCHAR
     000000F5  _SPDR                              PUTCHAR
     000000F6  G$AINDIDS0$0_0$0                   PUTCHAR
     000000F6  G$SC2CR1$0_0$0                     PUTCHAR
     000000F6  _AINDIDS0                          PUTCHAR
     000000F6  _B_6                               _gptrget
     000000F6  _SC2CR1                            PUTCHAR
     000000F7  G$EIPH$0_0$0                       PUTCHAR
     000000F7  G$PIPS7$0_0$0                      PUTCHAR
     000000F7  _B_7                               _gptrget
     000000F7  _EIPH                              PUTCHAR
     000000F7  _PIPS7                             PUTCHAR
     000000F8  G$RI_1$0_0$0                       PUTCHAR
     000000F8  G$SCON_1$0_0$0                     PUTCHAR
     000000F8  _RI_1                              PUTCHAR
     000000F8  _SCON_1                            PUTCHAR
     000000F9  G$PIPS0$0_0$0                      PUTCHAR
     000000F9  G$PWM0DTEN$0_0$0                   PUTCHAR
     000000F9  G$TI_1$0_0$0                       PUTCHAR
     000000F9  _PIPS0                             PUTCHAR
     000000F9  _PWM0DTEN                          PUTCHAR
     000000F9  _TI_1                              PUTCHAR
     000000FA  G$PIPS1$0_0$0                      PUTCHAR
     000000FA  G$PWM0DTCNT$0_0$0                  PUTCHAR
     000000FA  G$RB8_1$0_0$0                      PUTCHAR
     000000FA  _PIPS1                             PUTCHAR
     000000FA  _PWM0DTCNT                         PUTCHAR
     000000FA  _RB8_1                             PUTCHAR
     000000FB  G$PIPS2$0_0$0                      PUTCHAR
     000000FB  G$PWM0MEN$0_0$0                    PUTCHAR
     000000FB  G$TB8_1$0_0$0                      PUTCHAR
     000000FB  _PIPS2                             PUTCHAR
     000000FB  _PWM0MEN                           PUTCHAR
     000000FB  _TB8_1                             PUTCHAR
     000000FC  G$PIPS3$0_0$0                      PUTCHAR
     000000FC  G$PWM0MD$0_0$0                     PUTCHAR
     000000FC  G$REN_1$0_0$0                      PUTCHAR
     000000FC  _PIPS3                             PUTCHAR
     000000FC  _PWM0MD                            PUTCHAR
ASxxxx Linker V03.00 + NoICE + sdld,  page 16.
Hexadecimal  [32-Bits]

Area                                    Addr        Size        Decimal Bytes (Attributes)
--------------------------------        ----        ----        ------- ----- ------------
.  .ABS.                            00000000    00000000 =           0. bytes (ABS,CON)

      Value  Global                              Global Defined In Module
      -----  --------------------------------   ------------------------
     000000FC  _REN_1                             PUTCHAR
     000000FD  G$PIPS4$0_0$0                      PUTCHAR
     000000FD  G$PORDIS$0_0$0                     PUTCHAR
     000000FD  G$SM2_1$0_0$0                      PUTCHAR
     000000FD  _PIPS4                             PUTCHAR
     000000FD  _PORDIS                            PUTCHAR
     000000FD  _SM2_1                             PUTCHAR
     000000FE  G$EIP1$0_0$0                       PUTCHAR
     000000FE  G$PIPS5$0_0$0                      PUTCHAR
     000000FE  G$SM1_1$0_0$0                      PUTCHAR
     000000FE  _EIP1                              PUTCHAR
     000000FE  _PIPS5                             PUTCHAR
     000000FE  _SM1_1                             PUTCHAR
     000000FF  G$EIPH1$0_0$0                      PUTCHAR
     000000FF  G$FE_1$0_0$0                       PUTCHAR
     000000FF  G$LVRDIS$0_0$0                     PUTCHAR
     000000FF  G$PIPS6$0_0$0                      PUTCHAR
     000000FF  G$SM0_1$0_0$0                      PUTCHAR
     000000FF  _EIPH1                             PUTCHAR
     000000FF  _FE_1                              PUTCHAR
     000000FF  _LVRDIS                            PUTCHAR
     000000FF  _PIPS6                             PUTCHAR
     000000FF  _SM0_1                             PUTCHAR

ASxxxx Linker V03.00 + NoICE + sdld,  page 17.
Hexadecimal  [32-Bits]

Area                                    Addr        Size        Decimal Bytes (Attributes)
--------------------------------        ----        ----        ------- ----- ------------
BSEG_BYTES                          00000020    00000001 =           1. bytes (REL,CON)

      Value  Global                              Global Defined In Module
      -----  --------------------------------   ------------------------
ASxxxx Linker V03.00 + NoICE + sdld,  page 18.
Hexadecimal  [32-Bits]

Area                                    Addr        Size        Decimal Bytes (Attributes)
--------------------------------        ----        ----        ------- ----- ------------
REG_BANK_0                          00000000    00000008 =           8. bytes (REL,OVR)

      Value  Global                              Global Defined In Module
      -----  --------------------------------   ------------------------
ASxxxx Linker V03.00 + NoICE + sdld,  page 19.
Hexadecimal  [32-Bits]

Area                                    Addr        Size        Decimal Bytes (Attributes)
--------------------------------        ----        ----        ------- ----- ------------
DSEG                                00000000    00000080 =         128. bytes (REL,CON)

      Value  Global                              Global Defined In Module
      -----  --------------------------------   ------------------------
     00000008  Ldelay.Timer0_Delay$u16CNT$1_0$4   delay
     00000008  _Timer0_Delay_PARM_2               delay
     0000000A  Ldelay.Timer0_Delay$u16DLYUnit$1   delay
     0000000A  _Timer0_Delay_PARM_3               delay
     0000000C  Ldelay.Timer1_Delay$u16CNT$1_0$5   delay
     0000000C  _Timer1_Delay_PARM_2               delay
     0000000E  Ldelay.Timer1_Delay$u16DLYUnit$1   delay
     0000000E  _Timer1_Delay_PARM_3               delay
     00000010  Ldelay.Timer2_Delay$u16TMDIV$1_0   delay
     00000010  _Timer2_Delay_PARM_2               delay
     00000012  Ldelay.Timer2_Delay$u16CNT$1_0$5   delay
     00000012  _Timer2_Delay_PARM_3               delay
     00000014  Ldelay.Timer2_Delay$u32DLYUnit$1   delay
     00000014  _Timer2_Delay_PARM_4               delay
     00000018  Ldelay.Timer3_Delay$u8TMDIV$1_0$   delay
     00000018  _Timer3_Delay_PARM_2               delay
     00000019  Ldelay.Timer3_Delay$u16CNT$1_0$5   delay
     00000019  _Timer3_Delay_PARM_3               delay
     0000001B  Ldelay.Timer3_Delay$u32DLYUnit$1   delay
     0000001B  _Timer3_Delay_PARM_4               delay
     0000001F  _vprintf_PARM_2                    vprintf
     00000021  G$TA_REG_TMP$0_0$0                 sys
     00000021  _TA_REG_TMP                        sys
     00000022  G$BYTE_TMP$0_0$0                   sys
     00000022  _BYTE_TMP                          sys
     00000023  G$SFRS_TMP$0_0$0                   sys
     00000023  _SFRS_TMP                          sys
     00000024  G$uart0_receive_data$0_0$0         uart
     00000024  _uart0_receive_data                uart
     00000025  G$uart1_receive_data$0_0$0         uart
     00000025  _uart1_receive_data                uart
     00000026  Luart.UART_Open$u8UARTPort$1_0$6   uart
     00000026  _UART_Open_PARM_2                  uart
     00000027  Luart.UART_Open$u32Baudrate$1_0$   uart
     00000027  _UART_Open_PARM_3                  uart
     0000002B  Luart.UART_Open$sloc0$0_1$0        uart
     0000003C  __print_format_PARM_2              printf_large
     0000003F  __print_format_PARM_3              printf_large
     00000042  __print_format_PARM_4              printf_large
     0000005C  _bp                                _bp

ASxxxx Linker V03.00 + NoICE + sdld,  page 20.
Hexadecimal  [32-Bits]

Area                                    Addr        Size        Decimal Bytes (Attributes)
--------------------------------        ----        ----        ------- ----- ------------
OSEG                                0000005D    00000004 =           4. bytes (REL,OVR)

      Value  Global                              Global Defined In Module
      -----  --------------------------------   ------------------------
     0000005D  Luart.Receive_Data$c$1_0$65        uart
     0000005D  Luart.UART_Send_Data$c$1_0$67      uart
     0000005D  _UART_Send_Data_PARM_2             uart
     0000005D  __divslong_PARM_2                  _divulong
     0000005D  __divulong_PARM_2                  _divulong
     0000005D  __mulint_PARM_2                    _mulint
     0000005D  __mullong_PARM_2                   _mullong

ASxxxx Linker V03.00 + NoICE + sdld,  page 21.
Hexadecimal  [32-Bits]

Area                                    Addr        Size        Decimal Bytes (Attributes)
--------------------------------        ----        ----        ------- ----- ------------
ISEG                                00000061    00000006 =           6. bytes (REL,CON)

      Value  Global                              Global Defined In Module
      -----  --------------------------------   ------------------------
ASxxxx Linker V03.00 + NoICE + sdld,  page 22.
Hexadecimal  [32-Bits]

Area                                    Addr        Size        Decimal Bytes (Attributes)
--------------------------------        ----        ----        ------- ----- ------------
SSEG                                00000067    00000099 =         153. bytes (REL,OVR)

      Value  Global                              Global Defined In Module
      -----  --------------------------------   ------------------------
     00000067  __start__stack                     Print_UART0

ASxxxx Linker V03.00 + NoICE + sdld,  page 23.
Hexadecimal  [32-Bits]

Area                                    Addr        Size        Decimal Bytes (Attributes)
--------------------------------        ----        ----        ------- ----- ------------
HOME                                00000000    00000006 =           6. bytes (REL,CON,CODE)

      Value  Global                              Global Defined In Module
      -----  --------------------------------   ------------------------
C:   00000000  A$Print_UART0ampleCode\RegBased\   Print_UART0
C:   00000003  A$Print_UART0ampleCode\RegBased\   Print_UART0
C:   00000003  __sdcc_program_startup             Print_UART0
ASxxxx Linker V03.00 + NoICE + sdld,  page 24.
Hexadecimal  [32-Bits]

Area                                    Addr        Size        Decimal Bytes (Attributes)
--------------------------------        ----        ----        ------- ----- ------------
GSINIT0                             00000006    00000003 =           3. bytes (REL,CON,CODE)

      Value  Global                              Global Defined In Module
      -----  --------------------------------   ------------------------
C:   00000006  __sdcc_gsinit_startup              

ASxxxx Linker V03.00 + NoICE + sdld,  page 25.
Hexadecimal  [32-Bits]

Area                                    Addr        Size        Decimal Bytes (Attributes)
--------------------------------        ----        ----        ------- ----- ------------
GSINIT2                             00000009    0000000A =          10. bytes (REL,CON,CODE)

      Value  Global                              Global Defined In Module
      -----  --------------------------------   ------------------------
ASxxxx Linker V03.00 + NoICE + sdld,  page 26.
Hexadecimal  [32-Bits]

Area                                    Addr        Size        Decimal Bytes (Attributes)
--------------------------------        ----        ----        ------- ----- ------------
GSINIT3                             00000013    00000022 =          34. bytes (REL,CON,CODE)

      Value  Global                              Global Defined In Module
      -----  --------------------------------   ------------------------
C:   00000013  __mcs51_genXINIT                   

ASxxxx Linker V03.00 + NoICE + sdld,  page 27.
Hexadecimal  [32-Bits]

Area                                    Addr        Size        Decimal Bytes (Attributes)
--------------------------------        ----        ----        ------- ----- ------------
GSINIT4                             00000035    0000002A =          42. bytes (REL,CON,CODE)

      Value  Global                              Global Defined In Module
      -----  --------------------------------   ------------------------
C:   00000035  __mcs51_genRAMCLEAR                
C:   0000003B  __mcs51_genXRAMCLEAR               

ASxxxx Linker V03.00 + NoICE + sdld,  page 28.
Hexadecimal  [32-Bits]

Area                                    Addr        Size        Decimal Bytes (Attributes)
--------------------------------        ----        ----        ------- ----- ------------
GSINIT                              0000005F    00000004 =           4. bytes (REL,CON,CODE)

      Value  Global                              Global Defined In Module
      -----  --------------------------------   ------------------------
C:   0000005F  A$uartDebug\Library\StdDriver\sr   uart
C:   0000005F  C$uart.c$14$1_0$68                 uart
C:   00000061  A$uartDebug\Library\StdDriver\sr   uart
C:   00000061  C$uart.c$15$1_0$68                 uart

ASxxxx Linker V03.00 + NoICE + sdld,  page 29.
Hexadecimal  [32-Bits]

Area                                    Addr        Size        Decimal Bytes (Attributes)
--------------------------------        ----        ----        ------- ----- ------------
GSFINAL                             00000063    00000003 =           3. bytes (REL,CON,CODE)

      Value  Global                              Global Defined In Module
      -----  --------------------------------   ------------------------
C:   00000063  A$Print_UART0ampleCode\RegBased\   Print_UART0

ASxxxx Linker V03.00 + NoICE + sdld,  page 30.
Hexadecimal  [32-Bits]

Area                                    Addr        Size        Decimal Bytes (Attributes)
--------------------------------        ----        ----        ------- ----- ------------
CSEG                                00000066    000013BB =        5051. bytes (REL,CON,CODE)

      Value  Global                              Global Defined In Module
      -----  --------------------------------   ------------------------
C:   00000066  A$delayebug\Library\StdDriver\sr   delay
C:   00000066  C$delay.c$27$0_0$49                delay
C:   00000066  G$Timer0_Delay$0$0                 delay
C:   00000066  _Timer0_Delay                      delay
C:   00000068  A$delayebug\Library\StdDriver\sr   delay
C:   0000006A  A$delayebug\Library\StdDriver\sr   delay
C:   0000006C  A$delayebug\Library\StdDriver\sr   delay
C:   0000006D  A$delayebug\Library\StdDriver\sr   delay
C:   0000006D  C$delay.c$31$1_0$49                delay
C:   00000070  A$delayebug\Library\StdDriver\sr   delay
C:   00000070  C$delay.c$32$1_0$49                delay
C:   00000073  A$delayebug\Library\StdDriver\sr   delay
C:   00000076  A$delayebug\Library\StdDriver\sr   delay
C:   00000076  C$delay.c$33$1_0$49                delay
C:   00000079  A$delayebug\Library\StdDriver\sr   delay
C:   0000007C  A$delayebug\Library\StdDriver\sr   delay
C:   0000007F  A$delayebug\Library\StdDriver\sr   delay
C:   0000007F  C$delay.c$34$1_0$49                delay
C:   00000082  A$delayebug\Library\StdDriver\sr   delay
C:   00000085  A$delayebug\Library\StdDriver\sr   delay
C:   00000088  A$delayebug\Library\StdDriver\sr   delay
C:   0000008B  A$delayebug\Library\StdDriver\sr   delay
C:   0000008D  A$delayebug\Library\StdDriver\sr   delay
C:   0000008F  A$delayebug\Library\StdDriver\sr   delay
C:   00000091  A$delayebug\Library\StdDriver\sr   delay
C:   00000092  A$delayebug\Library\StdDriver\sr   delay
C:   00000095  A$delayebug\Library\StdDriver\sr   delay
C:   00000098  A$delayebug\Library\StdDriver\sr   delay
C:   0000009B  A$delayebug\Library\StdDriver\sr   delay
C:   0000009E  A$delayebug\Library\StdDriver\sr   delay
C:   000000A1  A$delayebug\Library\StdDriver\sr   delay
C:   000000A4  A$delayebug\Library\StdDriver\sr   delay
C:   000000A6  A$delayebug\Library\StdDriver\sr   delay
C:   000000A8  A$delayebug\Library\StdDriver\sr   delay
C:   000000AA  A$delayebug\Library\StdDriver\sr   delay
C:   000000AB  A$delayebug\Library\StdDriver\sr   delay
C:   000000AE  A$delayebug\Library\StdDriver\sr   delay
C:   000000AF  A$delayebug\Library\StdDriver\sr   delay
C:   000000B1  A$delayebug\Library\StdDriver\sr   delay
C:   000000B3  A$delayebug\Library\StdDriver\sr   delay
C:   000000B5  A$delayebug\Library\StdDriver\sr   delay
C:   000000B7  A$delayebug\Library\StdDriver\sr   delay
C:   000000B9  A$delayebug\Library\StdDriver\sr   delay
C:   000000BB  A$delayebug\Library\StdDriver\sr   delay
C:   000000BC  A$delayebug\Library\StdDriver\sr   delay
C:   000000BF  A$delayebug\Library\StdDriver\sr   delay
C:   000000C1  A$delayebug\Library\StdDriver\sr   delay
C:   000000C3  A$delayebug\Library\StdDriver\sr   delay
C:   000000C5  A$delayebug\Library\StdDriver\sr   delay
C:   000000C6  A$delayebug\Library\StdDriver\sr   delay
ASxxxx Linker V03.00 + NoICE + sdld,  page 31.
Hexadecimal  [32-Bits]

Area                                    Addr        Size        Decimal Bytes (Attributes)
--------------------------------        ----        ----        ------- ----- ------------
CSEG                                00000066    000013BB =        5051. bytes (REL,CON,CODE)

      Value  Global                              Global Defined In Module
      -----  --------------------------------   ------------------------
C:   000000C8  A$delayebug\Library\StdDriver\sr   delay
C:   000000CA  A$delayebug\Library\StdDriver\sr   delay
C:   000000CB  A$delayebug\Library\StdDriver\sr   delay
C:   000000CC  A$delayebug\Library\StdDriver\sr   delay
C:   000000CD  A$delayebug\Library\StdDriver\sr   delay
C:   000000CD  C$delay.c$35$1_0$49                delay
C:   000000CF  A$delayebug\Library\StdDriver\sr   delay
C:   000000D0  A$delayebug\Library\StdDriver\sr   delay
C:   000000D1  A$delayebug\Library\StdDriver\sr   delay
C:   000000D3  A$delayebug\Library\StdDriver\sr   delay
C:   000000D4  A$delayebug\Library\StdDriver\sr   delay
C:   000000D5  A$delayebug\Library\StdDriver\sr   delay
C:   000000D6  A$delayebug\Library\StdDriver\sr   delay
C:   000000D7  A$delayebug\Library\StdDriver\sr   delay
C:   000000D8  A$delayebug\Library\StdDriver\sr   delay
C:   000000D9  A$delayebug\Library\StdDriver\sr   delay
C:   000000DB  A$delayebug\Library\StdDriver\sr   delay
C:   000000DB  C$delay.c$37$1_0$49                delay
C:   000000DD  A$delayebug\Library\StdDriver\sr   delay
C:   000000DF  A$delayebug\Library\StdDriver\sr   delay
C:   000000E0  A$delayebug\Library\StdDriver\sr   delay
C:   000000E1  A$delayebug\Library\StdDriver\sr   delay
C:   000000E3  A$delayebug\Library\StdDriver\sr   delay
C:   000000E3  C$delay.c$39$2_0$50                delay
C:   000000E5  A$delayebug\Library\StdDriver\sr   delay
C:   000000E5  C$delay.c$40$2_0$50                delay
C:   000000E7  A$delayebug\Library\StdDriver\sr   delay
C:   000000E7  C$delay.c$41$2_0$50                delay
C:   000000EA  A$delayebug\Library\StdDriver\sr   delay
C:   000000EA  C$delay.c$42$2_0$50                delay
C:   000000ED  A$delayebug\Library\StdDriver\sr   delay
C:   000000ED  C$delay.c$43$2_0$50                delay
C:   000000F0  A$delayebug\Library\StdDriver\sr   delay
C:   000000F0  C$delay.c$44$2_0$50                delay
C:   000000F3  A$delayebug\Library\StdDriver\sr   delay
C:   000000F3  C$delay.c$45$2_0$50                delay
C:   000000F4  A$delayebug\Library\StdDriver\sr   delay
C:   000000F7  A$delayebug\Library\StdDriver\sr   delay
C:   000000F8  A$delayebug\Library\StdDriver\sr   delay
C:   000000FA  A$delayebug\Library\StdDriver\sr   delay
C:   000000FA  C$delay.c$48$1_0$49                delay
C:   000000FD  A$delayebug\Library\StdDriver\sr   delay
C:   000000FD  C$delay.c$49$1_0$49                delay
C:   00000100  A$delayebug\Library\StdDriver\sr   delay
C:   00000100  C$delay.c$50$1_0$49                delay
C:   00000100  XG$Timer0_Delay$0$0                delay
C:   00000101  A$delayebug\Library\StdDriver\sr   delay
C:   00000101  C$delay.c$65$1_0$52                delay
C:   00000101  G$Timer1_Delay$0$0                 delay
C:   00000101  _Timer1_Delay                      delay
C:   00000103  A$delayebug\Library\StdDriver\sr   delay
ASxxxx Linker V03.00 + NoICE + sdld,  page 32.
Hexadecimal  [32-Bits]

Area                                    Addr        Size        Decimal Bytes (Attributes)
--------------------------------        ----        ----        ------- ----- ------------
CSEG                                00000066    000013BB =        5051. bytes (REL,CON,CODE)

      Value  Global                              Global Defined In Module
      -----  --------------------------------   ------------------------
C:   00000105  A$delayebug\Library\StdDriver\sr   delay
C:   00000107  A$delayebug\Library\StdDriver\sr   delay
C:   00000108  A$delayebug\Library\StdDriver\sr   delay
C:   00000108  C$delay.c$69$1_0$52                delay
C:   0000010B  A$delayebug\Library\StdDriver\sr   delay
C:   0000010B  C$delay.c$70$1_0$52                delay
C:   0000010E  A$delayebug\Library\StdDriver\sr   delay
C:   00000111  A$delayebug\Library\StdDriver\sr   delay
C:   00000111  C$delay.c$71$1_0$52                delay
C:   00000114  A$delayebug\Library\StdDriver\sr   delay
C:   00000117  A$delayebug\Library\StdDriver\sr   delay
C:   0000011A  A$delayebug\Library\StdDriver\sr   delay
C:   0000011A  C$delay.c$72$1_0$52                delay
C:   0000011D  A$delayebug\Library\StdDriver\sr   delay
C:   00000120  A$delayebug\Library\StdDriver\sr   delay
C:   00000123  A$delayebug\Library\StdDriver\sr   delay
C:   00000126  A$delayebug\Library\StdDriver\sr   delay
C:   00000128  A$delayebug\Library\StdDriver\sr   delay
C:   0000012A  A$delayebug\Library\StdDriver\sr   delay
C:   0000012C  A$delayebug\Library\StdDriver\sr   delay
C:   0000012D  A$delayebug\Library\StdDriver\sr   delay
C:   00000130  A$delayebug\Library\StdDriver\sr   delay
C:   00000133  A$delayebug\Library\StdDriver\sr   delay
C:   00000136  A$delayebug\Library\StdDriver\sr   delay
C:   00000139  A$delayebug\Library\StdDriver\sr   delay
C:   0000013C  A$delayebug\Library\StdDriver\sr   delay
C:   0000013F  A$delayebug\Library\StdDriver\sr   delay
C:   00000141  A$delayebug\Library\StdDriver\sr   delay
C:   00000143  A$delayebug\Library\StdDriver\sr   delay
C:   00000145  A$delayebug\Library\StdDriver\sr   delay
C:   00000146  A$delayebug\Library\StdDriver\sr   delay
C:   00000149  A$delayebug\Library\StdDriver\sr   delay
C:   0000014A  A$delayebug\Library\StdDriver\sr   delay
C:   0000014C  A$delayebug\Library\StdDriver\sr   delay
C:   0000014E  A$delayebug\Library\StdDriver\sr   delay
C:   00000150  A$delayebug\Library\StdDriver\sr   delay
C:   00000152  A$delayebug\Library\StdDriver\sr   delay
C:   00000154  A$delayebug\Library\StdDriver\sr   delay
C:   00000156  A$delayebug\Library\StdDriver\sr   delay
C:   00000157  A$delayebug\Library\StdDriver\sr   delay
C:   0000015A  A$delayebug\Library\StdDriver\sr   delay
C:   0000015C  A$delayebug\Library\StdDriver\sr   delay
C:   0000015E  A$delayebug\Library\StdDriver\sr   delay
C:   00000160  A$delayebug\Library\StdDriver\sr   delay
C:   00000161  A$delayebug\Library\StdDriver\sr   delay
C:   00000163  A$delayebug\Library\StdDriver\sr   delay
C:   00000165  A$delayebug\Library\StdDriver\sr   delay
C:   00000166  A$delayebug\Library\StdDriver\sr   delay
C:   00000167  A$delayebug\Library\StdDriver\sr   delay
C:   00000168  A$delayebug\Library\StdDriver\sr   delay
C:   00000168  C$delay.c$73$1_0$52                delay
ASxxxx Linker V03.00 + NoICE + sdld,  page 33.
Hexadecimal  [32-Bits]

Area                                    Addr        Size        Decimal Bytes (Attributes)
--------------------------------        ----        ----        ------- ----- ------------
CSEG                                00000066    000013BB =        5051. bytes (REL,CON,CODE)

      Value  Global                              Global Defined In Module
      -----  --------------------------------   ------------------------
C:   0000016A  A$delayebug\Library\StdDriver\sr   delay
C:   0000016B  A$delayebug\Library\StdDriver\sr   delay
C:   0000016C  A$delayebug\Library\StdDriver\sr   delay
C:   0000016E  A$delayebug\Library\StdDriver\sr   delay
C:   0000016F  A$delayebug\Library\StdDriver\sr   delay
C:   00000170  A$delayebug\Library\StdDriver\sr   delay
C:   00000171  A$delayebug\Library\StdDriver\sr   delay
C:   00000172  A$delayebug\Library\StdDriver\sr   delay
C:   00000173  A$delayebug\Library\StdDriver\sr   delay
C:   00000174  A$delayebug\Library\StdDriver\sr   delay
C:   00000176  A$delayebug\Library\StdDriver\sr   delay
C:   00000176  C$delay.c$75$1_0$52                delay
C:   00000178  A$delayebug\Library\StdDriver\sr   delay
C:   0000017A  A$delayebug\Library\StdDriver\sr   delay
C:   0000017B  A$delayebug\Library\StdDriver\sr   delay
C:   0000017C  A$delayebug\Library\StdDriver\sr   delay
C:   0000017E  A$delayebug\Library\StdDriver\sr   delay
C:   0000017E  C$delay.c$77$2_0$53                delay
C:   00000180  A$delayebug\Library\StdDriver\sr   delay
C:   00000180  C$delay.c$78$2_0$53                delay
C:   00000182  A$delayebug\Library\StdDriver\sr   delay
C:   00000182  C$delay.c$79$2_0$53                delay
C:   00000185  A$delayebug\Library\StdDriver\sr   delay
C:   00000185  C$delay.c$80$2_0$53                delay
C:   00000188  A$delayebug\Library\StdDriver\sr   delay
C:   00000188  C$delay.c$81$2_0$53                delay
C:   0000018B  A$delayebug\Library\StdDriver\sr   delay
C:   0000018B  C$delay.c$82$2_0$53                delay
C:   0000018E  A$delayebug\Library\StdDriver\sr   delay
C:   0000018E  C$delay.c$83$2_0$53                delay
C:   0000018F  A$delayebug\Library\StdDriver\sr   delay
C:   00000192  A$delayebug\Library\StdDriver\sr   delay
C:   00000193  A$delayebug\Library\StdDriver\sr   delay
C:   00000195  A$delayebug\Library\StdDriver\sr   delay
C:   00000195  C$delay.c$85$1_0$52                delay
C:   00000195  XG$Timer1_Delay$0$0                delay
C:   00000196  A$delayebug\Library\StdDriver\sr   delay
C:   00000196  C$delay.c$102$1_0$55               delay
C:   00000196  G$Timer2_Delay$0$0                 delay
C:   00000196  _Timer2_Delay                      delay
C:   00000198  A$delayebug\Library\StdDriver\sr   delay
C:   0000019A  A$delayebug\Library\StdDriver\sr   delay
C:   0000019C  A$delayebug\Library\StdDriver\sr   delay
C:   0000019D  A$delayebug\Library\StdDriver\sr   delay
C:   0000019D  C$delay.c$106$1_0$55               delay
C:   000001A0  A$delayebug\Library\StdDriver\sr   delay
C:   000001A0  C$delay.c$107$1_0$55               delay
C:   000001A2  A$delayebug\Library\StdDriver\sr   delay
C:   000001A5  A$delayebug\Library\StdDriver\sr   delay
C:   000001A6  A$delayebug\Library\StdDriver\sr   delay
C:   000001A9  A$delayebug\Library\StdDriver\sr   delay
ASxxxx Linker V03.00 + NoICE + sdld,  page 34.
Hexadecimal  [32-Bits]

Area                                    Addr        Size        Decimal Bytes (Attributes)
--------------------------------        ----        ----        ------- ----- ------------
CSEG                                00000066    000013BB =        5051. bytes (REL,CON,CODE)

      Value  Global                              Global Defined In Module
      -----  --------------------------------   ------------------------
C:   000001AB  A$delayebug\Library\StdDriver\sr   delay
C:   000001AD  A$delayebug\Library\StdDriver\sr   delay
C:   000001B0  A$delayebug\Library\StdDriver\sr   delay
C:   000001B1  A$delayebug\Library\StdDriver\sr   delay
C:   000001B4  A$delayebug\Library\StdDriver\sr   delay
C:   000001B6  A$delayebug\Library\StdDriver\sr   delay
C:   000001B8  A$delayebug\Library\StdDriver\sr   delay
C:   000001BB  A$delayebug\Library\StdDriver\sr   delay
C:   000001BC  A$delayebug\Library\StdDriver\sr   delay
C:   000001BF  A$delayebug\Library\StdDriver\sr   delay
C:   000001C1  A$delayebug\Library\StdDriver\sr   delay
C:   000001C3  A$delayebug\Library\StdDriver\sr   delay
C:   000001C6  A$delayebug\Library\StdDriver\sr   delay
C:   000001C7  A$delayebug\Library\StdDriver\sr   delay
C:   000001CA  A$delayebug\Library\StdDriver\sr   delay
C:   000001CC  A$delayebug\Library\StdDriver\sr   delay
C:   000001CE  A$delayebug\Library\StdDriver\sr   delay
C:   000001D1  A$delayebug\Library\StdDriver\sr   delay
C:   000001D2  A$delayebug\Library\StdDriver\sr   delay
C:   000001D5  A$delayebug\Library\StdDriver\sr   delay
C:   000001D7  A$delayebug\Library\StdDriver\sr   delay
C:   000001D9  A$delayebug\Library\StdDriver\sr   delay
C:   000001DC  A$delayebug\Library\StdDriver\sr   delay
C:   000001DD  A$delayebug\Library\StdDriver\sr   delay
C:   000001E0  A$delayebug\Library\StdDriver\sr   delay
C:   000001E2  A$delayebug\Library\StdDriver\sr   delay
C:   000001E3  A$delayebug\Library\StdDriver\sr   delay
C:   000001E6  A$delayebug\Library\StdDriver\sr   delay
C:   000001E7  A$delayebug\Library\StdDriver\sr   delay
C:   000001EA  A$delayebug\Library\StdDriver\sr   delay
C:   000001EC  A$delayebug\Library\StdDriver\sr   delay
C:   000001ED  A$delayebug\Library\StdDriver\sr   delay
C:   000001ED  C$delay.c$109$2_0$56               delay
C:   000001F0  A$delayebug\Library\StdDriver\sr   delay
C:   000001F2  A$delayebug\Library\StdDriver\sr   delay
C:   000001F5  A$delayebug\Library\StdDriver\sr   delay
C:   000001F7  A$delayebug\Library\StdDriver\sr   delay
C:   000001FA  A$delayebug\Library\StdDriver\sr   delay
C:   000001FA  C$delay.c$110$2_0$56               delay
C:   000001FC  A$delayebug\Library\StdDriver\sr   delay
C:   000001FF  A$delayebug\Library\StdDriver\sr   delay
C:   00000202  A$delayebug\Library\StdDriver\sr   delay
C:   00000202  C$delay.c$111$2_0$56               delay
C:   00000204  A$delayebug\Library\StdDriver\sr   delay
C:   00000207  A$delayebug\Library\StdDriver\sr   delay
C:   0000020A  A$delayebug\Library\StdDriver\sr   delay
C:   0000020A  C$delay.c$112$2_0$56               delay
C:   0000020C  A$delayebug\Library\StdDriver\sr   delay
C:   0000020F  A$delayebug\Library\StdDriver\sr   delay
C:   00000212  A$delayebug\Library\StdDriver\sr   delay
C:   00000212  C$delay.c$113$2_0$56               delay
ASxxxx Linker V03.00 + NoICE + sdld,  page 35.
Hexadecimal  [32-Bits]

Area                                    Addr        Size        Decimal Bytes (Attributes)
--------------------------------        ----        ----        ------- ----- ------------
CSEG                                00000066    000013BB =        5051. bytes (REL,CON,CODE)

      Value  Global                              Global Defined In Module
      -----  --------------------------------   ------------------------
C:   00000214  A$delayebug\Library\StdDriver\sr   delay
C:   00000217  A$delayebug\Library\StdDriver\sr   delay
C:   0000021A  A$delayebug\Library\StdDriver\sr   delay
C:   0000021A  C$delay.c$114$2_0$56               delay
C:   0000021C  A$delayebug\Library\StdDriver\sr   delay
C:   0000021F  A$delayebug\Library\StdDriver\sr   delay
C:   00000222  A$delayebug\Library\StdDriver\sr   delay
C:   00000222  C$delay.c$115$2_0$56               delay
C:   00000224  A$delayebug\Library\StdDriver\sr   delay
C:   00000227  A$delayebug\Library\StdDriver\sr   delay
C:   0000022A  A$delayebug\Library\StdDriver\sr   delay
C:   0000022A  C$delay.c$116$2_0$56               delay
C:   0000022C  A$delayebug\Library\StdDriver\sr   delay
C:   0000022F  A$delayebug\Library\StdDriver\sr   delay
C:   00000232  A$delayebug\Library\StdDriver\sr   delay
C:   00000232  C$delay.c$117$1_0$55               delay
C:   00000232  C$delay.c$118$1_0$55               delay
C:   00000235  A$delayebug\Library\StdDriver\sr   delay
C:   00000235  C$delay.c$119$1_0$55               delay
C:   00000238  A$delayebug\Library\StdDriver\sr   delay
C:   0000023B  A$delayebug\Library\StdDriver\sr   delay
C:   0000023B  C$delay.c$120$1_0$55               delay
C:   0000023E  A$delayebug\Library\StdDriver\sr   delay
C:   00000241  A$delayebug\Library\StdDriver\sr   delay
C:   00000241  C$delay.c$121$1_0$55               delay
C:   00000244  A$delayebug\Library\StdDriver\sr   delay
C:   00000247  A$delayebug\Library\StdDriver\sr   delay
C:   0000024A  A$delayebug\Library\StdDriver\sr   delay
C:   0000024D  A$delayebug\Library\StdDriver\sr   delay
C:   0000024F  A$delayebug\Library\StdDriver\sr   delay
C:   00000251  A$delayebug\Library\StdDriver\sr   delay
C:   00000253  A$delayebug\Library\StdDriver\sr   delay
C:   00000254  A$delayebug\Library\StdDriver\sr   delay
C:   00000257  A$delayebug\Library\StdDriver\sr   delay
C:   0000025A  A$delayebug\Library\StdDriver\sr   delay
C:   0000025D  A$delayebug\Library\StdDriver\sr   delay
C:   00000260  A$delayebug\Library\StdDriver\sr   delay
C:   00000263  A$delayebug\Library\StdDriver\sr   delay
C:   00000266  A$delayebug\Library\StdDriver\sr   delay
[...]
C:   000008C6  A$uartDebug\Library\StdDriver\sr   uart
C:   000008C8  A$uartDebug\Library\StdDriver\sr   uart
C:   000008C9  A$uartDebug\Library\StdDriver\sr   uart
C:   000008CC  A$uartDebug\Library\StdDriver\sr   uart
C:   000008CF  A$uartDebug\Library\StdDriver\sr   uart
C:   000008D2  A$uartDebug\Library\StdDriver\sr   uart
C:   000008D5  A$uartDebug\Library\StdDriver\sr   uart
C:   000008D7  A$uartDebug\Library\StdDriver\sr   uart
C:   000008D8  A$uartDebug\Library\StdDriver\sr   uart
C:   000008D9  A$uartDebug\Library\StdDriver\sr   uart
C:   000008DB  A$uartDebug\Library\StdDriver\sr   uart
C:   000008DC  A$uartDebug\Library\StdDriver\sr   uart
C:   000008DE  A$uartDebug\Library\StdDriver\sr   uart
C:   000008DF  A$uartDebug\Library\StdDriver\sr   uart
C:   000008E1  A$uartDebug\Library\StdDriver\sr   uart
C:   000008E3  A$uartDebug\Library\StdDriver\sr   uart
C:   000008E4  A$uartDebug\Library\StdDriver\sr   uart
C:   000008E5  A$uartDebug\Library\StdDriver\sr   uart
C:   000008E7  A$uartDebug\Library\StdDriver\sr   uart
C:   000008E8  A$uartDebug\Library\StdDriver\sr   uart
C:   000008EA  A$uartDebug\Library\StdDriver\sr   uart
C:   000008EA  C$uart.c$86$2_0$63                 uart
C:   000008EC  A$uartDebug\Library\StdDriver\sr   uart
C:   000008ED  A$uartDebug\Library\StdDriver\sr   uart
C:   000008EE  A$uartDebug\Library\StdDriver\sr   uart
C:   000008EF  A$uartDebug\Library\StdDriver\sr   uart
C:   000008F0  A$uartDebug\Library\StdDriver\sr   uart
C:   000008F2  A$uartDebug\Library\StdDriver\sr   uart
C:   000008F2  C$uart.c$87$2_0$63                 uart
C:   000008F5  A$uartDebug\Library\StdDriver\sr   uart
C:   000008F8  A$uartDebug\Library\StdDriver\sr   uart
C:   000008F8  C$uart.c$88$2_0$63                 uart
C:   000008FB  A$uartDebug\Library\StdDriver\sr   uart
C:   000008FB  C$uart.c$89$2_0$63                 uart
C:   000008FB  C$uart.c$91$2_0$63                 uart
C:   000008FD  A$uartDebug\Library\StdDriver\sr   uart
C:   000008FD  C$uart.c$92$2_0$63                 uart
C:   00000900  A$uartDebug\Library\StdDriver\sr   uart
C:   00000900  C$uart.c$93$2_0$63                 uart
C:   00000903  A$uartDebug\Library\StdDriver\sr   uart
C:   00000903  C$uart.c$94$2_0$63                 uart
C:   00000904  A$uartDebug\Library\StdDriver\sr   uart
C:   00000905  A$uartDebug\Library\StdDriver\sr   uart
C:   00000906  A$uartDebug\Library\StdDriver\sr   uart
ASxxxx Linker V03.00 + NoICE + sdld,  page 56.
Hexadecimal  [32-Bits]

Area                                    Addr        Size        Decimal Bytes (Attributes)
--------------------------------        ----        ----        ------- ----- ------------
CSEG                                00000066    000013BB =        5051. bytes (REL,CON,CODE)

      Value  Global                              Global Defined In Module
      -----  --------------------------------   ------------------------
C:   00000907  A$uartDebug\Library\StdDriver\sr   uart
C:   00000909  A$uartDebug\Library\StdDriver\sr   uart
C:   0000090A  A$uartDebug\Library\StdDriver\sr   uart
C:   0000090B  A$uartDebug\Library\StdDriver\sr   uart
C:   0000090D  A$uartDebug\Library\StdDriver\sr   uart
C:   0000090E  A$uartDebug\Library\StdDriver\sr   uart
C:   0000090F  A$uartDebug\Library\StdDriver\sr   uart
C:   00000910  A$uartDebug\Library\StdDriver\sr   uart
C:   00000911  A$uartDebug\Library\StdDriver\sr   uart
C:   00000912  A$uartDebug\Library\StdDriver\sr   uart
C:   00000913  A$uartDebug\Library\StdDriver\sr   uart
C:   00000915  A$uartDebug\Library\StdDriver\sr   uart
C:   00000916  A$uartDebug\Library\StdDriver\sr   uart
C:   00000917  A$uartDebug\Library\StdDriver\sr   uart
C:   00000918  A$uartDebug\Library\StdDriver\sr   uart
C:   00000919  A$uartDebug\Library\StdDriver\sr   uart
C:   0000091A  A$uartDebug\Library\StdDriver\sr   uart
C:   0000091B  A$uartDebug\Library\StdDriver\sr   uart
C:   0000091D  A$uartDebug\Library\StdDriver\sr   uart
C:   0000091E  A$uartDebug\Library\StdDriver\sr   uart
C:   0000091F  A$uartDebug\Library\StdDriver\sr   uart
C:   00000921  A$uartDebug\Library\StdDriver\sr   uart
C:   00000922  A$uartDebug\Library\StdDriver\sr   uart
C:   00000923  A$uartDebug\Library\StdDriver\sr   uart
C:   00000924  A$uartDebug\Library\StdDriver\sr   uart
C:   00000925  A$uartDebug\Library\StdDriver\sr   uart
C:   00000928  A$uartDebug\Library\StdDriver\sr   uart
C:   0000092B  A$uartDebug\Library\StdDriver\sr   uart
C:   0000092E  A$uartDebug\Library\StdDriver\sr   uart
C:   00000931  A$uartDebug\Library\StdDriver\sr   uart
C:   00000933  A$uartDebug\Library\StdDriver\sr   uart
C:   00000935  A$uartDebug\Library\StdDriver\sr   uart
C:   00000937  A$uartDebug\Library\StdDriver\sr   uart
C:   00000938  A$uartDebug\Library\StdDriver\sr   uart
C:   0000093B  A$uartDebug\Library\StdDriver\sr   uart
C:   0000093D  A$uartDebug\Library\StdDriver\sr   uart
C:   0000093F  A$uartDebug\Library\StdDriver\sr   uart
C:   00000941  A$uartDebug\Library\StdDriver\sr   uart
C:   00000942  A$uartDebug\Library\StdDriver\sr   uart
C:   00000943  A$uartDebug\Library\StdDriver\sr   uart
C:   00000944  A$uartDebug\Library\StdDriver\sr   uart
C:   00000945  A$uartDebug\Library\StdDriver\sr   uart
C:   00000946  A$uartDebug\Library\StdDriver\sr   uart
C:   00000947  A$uartDebug\Library\StdDriver\sr   uart
C:   00000948  A$uartDebug\Library\StdDriver\sr   uart
C:   00000949  A$uartDebug\Library\StdDriver\sr   uart
C:   0000094B  A$uartDebug\Library\StdDriver\sr   uart
C:   0000094C  A$uartDebug\Library\StdDriver\sr   uart
C:   0000094D  A$uartDebug\Library\StdDriver\sr   uart
C:   0000094E  A$uartDebug\Library\StdDriver\sr   uart
C:   0000094F  A$uartDebug\Library\StdDriver\sr   uart
ASxxxx Linker V03.00 + NoICE + sdld,  page 57.
Hexadecimal  [32-Bits]

Area                                    Addr        Size        Decimal Bytes (Attributes)
--------------------------------        ----        ----        ------- ----- ------------
CSEG                                00000066    000013BB =        5051. bytes (REL,CON,CODE)

      Value  Global                              Global Defined In Module
      -----  --------------------------------   ------------------------
C:   00000950  A$uartDebug\Library\StdDriver\sr   uart
C:   00000952  A$uartDebug\Library\StdDriver\sr   uart
C:   00000952  C$uart.c$95$2_0$63                 uart
C:   00000953  A$uartDebug\Library\StdDriver\sr   uart
C:   00000954  A$uartDebug\Library\StdDriver\sr   uart
C:   00000955  A$uartDebug\Library\StdDriver\sr   uart
C:   00000956  A$uartDebug\Library\StdDriver\sr   uart
C:   00000958  A$uartDebug\Library\StdDriver\sr   uart
C:   00000958  C$uart.c$96$2_0$63                 uart
C:   0000095B  A$uartDebug\Library\StdDriver\sr   uart
C:   0000095E  A$uartDebug\Library\StdDriver\sr   uart
C:   0000095E  C$uart.c$97$2_0$63                 uart
C:   00000961  A$uartDebug\Library\StdDriver\sr   uart
C:   00000964  A$uartDebug\Library\StdDriver\sr   uart
C:   00000964  C$uart.c$100$1_0$62                uart
C:   00000964  C$uart.c$99$1_0$62                 uart
C:   00000964  XG$UART_Open$0$0                   uart
C:   00000965  A$uartDebug\Library\StdDriver\sr   uart
C:   00000965  C$uart.c$102$1_0$65                uart
C:   00000965  G$Receive_Data$0$0                 uart
C:   00000965  _Receive_Data                      uart
C:   00000967  A$uartDebug\Library\StdDriver\sr   uart
C:   00000967  C$uart.c$105$1_0$65                uart
C:   0000096A  A$uartDebug\Library\StdDriver\sr   uart
C:   0000096A  C$uart.c$106$1_0$65                uart
C:   0000096D  A$uartDebug\Library\StdDriver\sr   uart
C:   0000096F  A$uartDebug\Library\StdDriver\sr   uart
C:   0000096F  C$uart.c$109$2_0$66                uart
C:   00000972  A$uartDebug\Library\StdDriver\sr   uart
C:   00000974  A$uartDebug\Library\StdDriver\sr   uart
C:   00000977  A$uartDebug\Library\StdDriver\sr   uart
C:   00000977  C$uart.c$110$2_0$66                uart
C:   00000979  A$uartDebug\Library\StdDriver\sr   uart
C:   00000979  C$uart.c$111$2_0$66                uart
C:   0000097B  A$uartDebug\Library\StdDriver\sr   uart
C:   0000097B  C$uart.c$112$2_0$66                uart
C:   0000097B  C$uart.c$115$2_0$66                uart
C:   0000097D  A$uartDebug\Library\StdDriver\sr   uart
C:   00000980  A$uartDebug\Library\StdDriver\sr   uart
C:   00000980  C$uart.c$116$2_0$66                uart
C:   00000982  A$uartDebug\Library\StdDriver\sr   uart
C:   00000982  C$uart.c$117$2_0$66                uart
C:   00000984  A$uartDebug\Library\StdDriver\sr   uart
C:   00000984  C$uart.c$119$1_0$65                uart
C:   00000984  C$uart.c$121$1_0$65                uart
C:   00000986  A$uartDebug\Library\StdDriver\sr   uart
C:   00000986  C$uart.c$122$1_0$65                uart
C:   00000986  XG$Receive_Data$0$0                uart
C:   00000987  A$uartDebug\Library\StdDriver\sr   uart
C:   00000987  C$uart.c$124$1_0$68                uart
C:   00000987  G$UART_Send_Data$0$0               uart
ASxxxx Linker V03.00 + NoICE + sdld,  page 58.
Hexadecimal  [32-Bits]

Area                                    Addr        Size        Decimal Bytes (Attributes)
--------------------------------        ----        ----        ------- ----- ------------
CSEG                                00000066    000013BB =        5051. bytes (REL,CON,CODE)

      Value  Global                              Global Defined In Module
      -----  --------------------------------   ------------------------
C:   00000987  _UART_Send_Data                    uart
C:   00000989  A$uartDebug\Library\StdDriver\sr   uart
C:   00000989  C$uart.c$126$1_0$68                uart
C:   0000098B  A$uartDebug\Library\StdDriver\sr   uart
C:   0000098B  C$uart.c$127$1_0$68                uart
C:   0000098E  A$uartDebug\Library\StdDriver\sr   uart
C:   0000098E  C$uart.c$128$1_0$68                uart
C:   00000991  A$uartDebug\Library\StdDriver\sr   uart
C:   00000993  A$uartDebug\Library\StdDriver\sr   uart
C:   00000993  C$uart.c$130$2_0$69                uart
C:   00000996  A$uartDebug\Library\StdDriver\sr   uart
C:   00000998  A$uartDebug\Library\StdDriver\sr   uart
C:   00000998  C$uart.c$131$2_0$69                uart
C:   0000099A  A$uartDebug\Library\StdDriver\sr   uart
C:   0000099A  C$uart.c$132$2_0$69                uart
C:   0000099D  A$uartDebug\Library\StdDriver\sr   uart
C:   0000099D  C$uart.c$133$2_0$69                uart
C:   000009A0  A$uartDebug\Library\StdDriver\sr   uart
C:   000009A0  C$uart.c$135$2_0$69                uart
C:   000009A2  A$uartDebug\Library\StdDriver\sr   uart
C:   000009A2  C$uart.c$136$2_0$69                uart
C:   000009A4  A$uartDebug\Library\StdDriver\sr   uart
C:   000009A4  C$uart.c$137$2_0$69                uart
C:   000009A7  A$uartDebug\Library\StdDriver\sr   uart
C:   000009A7  C$uart.c$138$2_0$69                uart
C:   000009AA  A$uartDebug\Library\StdDriver\sr   uart
C:   000009AA  C$uart.c$140$1_0$68                uart
C:   000009AA  C$uart.c$141$1_0$68                uart
C:   000009AC  A$uartDebug\Library\StdDriver\sr   uart
C:   000009AC  C$uart.c$142$1_0$68                uart
C:   000009AC  XG$UART_Send_Data$0$0              uart
C:   000009AD  A$Print_UART0ampleCode\RegBased\   Print_UART0
C:   000009AD  C$Print_UART0.C$19$0_0$53          Print_UART0
C:   000009AD  C$Print_UART0.C$24$1_0$53          Print_UART0
C:   000009AD  G$main$0$0                         Print_UART0
C:   000009AD  _main                              Print_UART0
C:   000009B0  A$Print_UART0ampleCode\RegBased\   Print_UART0
C:   000009B3  A$Print_UART0ampleCode\RegBased\   Print_UART0
C:   000009B6  A$Print_UART0ampleCode\RegBased\   Print_UART0
C:   000009B6  C$Print_UART0.C$25$1_0$53          Print_UART0
C:   000009B9  A$Print_UART0ampleCode\RegBased\   Print_UART0
C:   000009BC  A$Print_UART0ampleCode\RegBased\   Print_UART0
C:   000009BC  C$Print_UART0.C$26$1_0$53          Print_UART0
C:   000009BF  A$Print_UART0ampleCode\RegBased\   Print_UART0
C:   000009C0  A$Print_UART0ampleCode\RegBased\   Print_UART0
C:   000009C2  A$Print_UART0ampleCode\RegBased\   Print_UART0
C:   000009C5  A$Print_UART0ampleCode\RegBased\   Print_UART0
C:   000009C8  A$Print_UART0ampleCode\RegBased\   Print_UART0
C:   000009CA  A$Print_UART0ampleCode\RegBased\   Print_UART0
C:   000009CD  A$Print_UART0ampleCode\RegBased\   Print_UART0
C:   000009D0  A$Print_UART0ampleCode\RegBased\   Print_UART0
ASxxxx Linker V03.00 + NoICE + sdld,  page 59.
Hexadecimal  [32-Bits]

Area                                    Addr        Size        Decimal Bytes (Attributes)
--------------------------------        ----        ----        ------- ----- ------------
CSEG                                00000066    000013BB =        5051. bytes (REL,CON,CODE)

      Value  Global                              Global Defined In Module
      -----  --------------------------------   ------------------------
C:   000009D2  A$Print_UART0ampleCode\RegBased\   Print_UART0
C:   000009D5  A$Print_UART0ampleCode\RegBased\   Print_UART0
C:   000009D5  C$Print_UART0.C$27$1_0$53          Print_UART0
C:   000009D8  A$Print_UART0ampleCode\RegBased\   Print_UART0
C:   000009DA  A$Print_UART0ampleCode\RegBased\   Print_UART0
C:   000009DA  C$Print_UART0.C$29$1_0$53          Print_UART0
C:   000009DA  C$Print_UART0.C$31$2_0$54          Print_UART0
C:   000009DD  A$Print_UART0ampleCode\RegBased\   Print_UART0
C:   000009DF  A$Print_UART0ampleCode\RegBased\   Print_UART0
C:   000009DF  C$Print_UART0.C$32$2_0$54          Print_UART0
C:   000009E1  A$Print_UART0ampleCode\RegBased\   Print_UART0
C:   000009E3  A$Print_UART0ampleCode\RegBased\   Print_UART0
C:   000009E5  A$Print_UART0ampleCode\RegBased\   Print_UART0
C:   000009E7  A$Print_UART0ampleCode\RegBased\   Print_UART0
C:   000009E9  A$Print_UART0ampleCode\RegBased\   Print_UART0
C:   000009EB  A$Print_UART0ampleCode\RegBased\   Print_UART0
C:   000009EE  A$Print_UART0ampleCode\RegBased\   Print_UART0
C:   000009F0  A$Print_UART0ampleCode\RegBased\   Print_UART0
C:   000009F2  A$Print_UART0ampleCode\RegBased\   Print_UART0
C:   000009F4  A$Print_UART0ampleCode\RegBased\   Print_UART0
C:   000009F4  C$Print_UART0.C$33$2_0$54          Print_UART0
C:   000009F7  A$Print_UART0ampleCode\RegBased\   Print_UART0
C:   000009F9  A$Print_UART0ampleCode\RegBased\   Print_UART0
C:   000009F9  C$Print_UART0.C$34$2_0$54          Print_UART0
C:   000009FC  A$Print_UART0ampleCode\RegBased\   Print_UART0
C:   000009FF  A$Print_UART0ampleCode\RegBased\   Print_UART0
C:   00000A02  A$Print_UART0ampleCode\RegBased\   Print_UART0
C:   00000A05  A$Print_UART0ampleCode\RegBased\   Print_UART0
C:   00000A08  A$Print_UART0ampleCode\RegBased\   Print_UART0
C:   00000A0B  A$Print_UART0ampleCode\RegBased\   Print_UART0
C:   00000A0D  A$Print_UART0ampleCode\RegBased\   Print_UART0
C:   00000A10  A$Print_UART0ampleCode\RegBased\   Print_UART0
C:   00000A12  A$Print_UART0ampleCode\RegBased\   Print_UART0
C:   00000A12  C$Print_UART0.C$36$1_0$53          Print_UART0
C:   00000A12  XG$main$0$0                        Print_UART0
C:   00000A13  A$PUTCHARug\SampleCode\RegBased\   PUTCHAR
C:   00000A13  C$PUTCHAR.C$39$0_0$49              PUTCHAR
C:   00000A13  G$putchar$0$0                      PUTCHAR
C:   00000A13  _putchar                           PUTCHAR
C:   00000A15  A$PUTCHARug\SampleCode\RegBased\   PUTCHAR
C:   00000A15  C$PUTCHAR.C$40$1_0$49              PUTCHAR
C:   00000A15  C$PUTCHAR.C$41$1_0$49              PUTCHAR
C:   00000A18  A$PUTCHARug\SampleCode\RegBased\   PUTCHAR
C:   00000A1A  A$PUTCHARug\SampleCode\RegBased\   PUTCHAR
C:   00000A1A  C$PUTCHAR.C$42$1_0$49              PUTCHAR
C:   00000A1C  A$PUTCHARug\SampleCode\RegBased\   PUTCHAR
C:   00000A1E  A$PUTCHARug\SampleCode\RegBased\   PUTCHAR
C:   00000A20  A$PUTCHARug\SampleCode\RegBased\   PUTCHAR
C:   00000A22  A$PUTCHARug\SampleCode\RegBased\   PUTCHAR
C:   00000A22  C$PUTCHAR.C$43$1_0$49              PUTCHAR
C:   00000A22  XG$putchar$0$0                     PUTCHAR
ASxxxx Linker V03.00 + NoICE + sdld,  page 60.
Hexadecimal  [32-Bits]

Area                                    Addr        Size        Decimal Bytes (Attributes)
--------------------------------        ----        ----        ------- ----- ------------
CSEG                                00000066    000013BB =        5051. bytes (REL,CON,CODE)

      Value  Global                              Global Defined In Module
      -----  --------------------------------   ------------------------
C:   00000A23  __divulong                         _divulong
C:   00000A88  __mullong                          _mullong
C:   00000A88  __mullong_dummy                    _mullong
C:   00000B05  _vprintf                           vprintf
C:   00000B1E  _printf                            vprintf
C:   00000BE4  __print_format                     printf_large
C:   000013CC  _strlen                            _strlen
C:   000013E4  __mulint                           _mulint
C:   000013E4  __mulint_dummy                     _mulint
C:   00001401  __gptrget                          _gptrget
C:   0000141D  __sdcc_external_startup            _startup

ASxxxx Linker V03.00 + NoICE + sdld,  page 61.
Hexadecimal  [32-Bits]

Area                                    Addr        Size        Decimal Bytes (Attributes)
--------------------------------        ----        ----        ------- ----- ------------
CONST                               00001421    0000001A =          26. bytes (REL,CON,CODE)

      Value  Global                              Global Defined In Module
      -----  --------------------------------   ------------------------
C:   00001421  FPrint_UART0$__str_0$0_0$0         Print_UART0

ASxxxx Linker V03.00 + NoICE + sdld,  page 62.

Files Linked                              [ module(s) ]

obj\Debug\Library\StdDriver\src\delay.rel
                                          [  ]
obj\Debug\Library\StdDriver\src\sys.rel   [  ]
obj\Debug\Library\StdDriver\src\uart.rel  [  ]
obj\Debug\SampleCode\RegBased\UART0_Printf\Print_UART0.rel
                                          [  ]
obj\Debug\SampleCode\RegBased\UART0_Printf\PUTCHAR.rel
                                          [  ]


Libraries Linked                          [ object file ]

C:\Program Files\SDCC\bin\..\lib\small/liblong.lib
                                          [ _divulong.rel ]
C:\Program Files\SDCC\bin\..\lib\small/mcs51.lib
                                          [ crtclear.rel ]
C:\Program Files\SDCC\bin\..\lib\small/mcs51.lib
                                          [ crtxinit.rel ]
C:\Program Files\SDCC\bin\..\lib\small/liblong.lib
                                          [ _mullong.rel ]
C:\Program Files\SDCC\bin\..\lib\small/mcs51.lib
                                          [ crtxclear.rel ]
C:\Program Files\SDCC\bin\..\lib\small/libsdcc.lib
                                          [ vprintf.rel ]
C:\Program Files\SDCC\bin\..\lib\small/libsdcc.lib
                                          [ printf_large.rel ]
C:\Program Files\SDCC\bin\..\lib\small/mcs51.lib
                                          [ crtpagesfr.rel ]
C:\Program Files\SDCC\bin\..\lib\small/libsdcc.lib
                                          [ _strlen.rel ]
C:\Program Files\SDCC\bin\..\lib\small/libint.lib
                                          [ _mulint.rel ]
C:\Program Files\SDCC\bin\..\lib\small/mcs51.lib
                                          [ crtstart.rel ]
C:\Program Files\SDCC\bin\..\lib\small/libsdcc.lib
                                          [ _gptrget.rel ]
C:\Program Files\SDCC\bin\..\lib\small/libsdcc.lib
                                          [ _startup.rel ]
C:\Program Files\SDCC\bin\..\lib\small/libsdcc.lib
                                          [ _bp.rel ]

ASxxxx Linker V03.00 + NoICE + sdld,  page 63.

User Base Address Definitions

HOME = 0x0000
XSEG = 0x0001
PSEG = 0x0001
ISEG = 0x0000
BSEG = 0x0000

